Archive member included to satisfy reference by file (symbol)

d:/stm32cubeide/stm32cubeide_1.11.2/stm32cubeide/plugins/com.st.stm32cube.ide.mcu.externaltools.gnu-tools-for-stm32.10.3-2021.10.win32_1.0.100.202210260954/tools/bin/../lib/gcc/arm-none-eabi/10.3.1/../../../../arm-none-eabi/lib/thumb/v7e-m+fp/hard\libc_nano.a(lib_a-errno.o)
                              ./Core/Src/syscalls.o (__errno)
d:/stm32cubeide/stm32cubeide_1.11.2/stm32cubeide/plugins/com.st.stm32cube.ide.mcu.externaltools.gnu-tools-for-stm32.10.3-2021.10.win32_1.0.100.202210260954/tools/bin/../lib/gcc/arm-none-eabi/10.3.1/../../../../arm-none-eabi/lib/thumb/v7e-m+fp/hard\libc_nano.a(lib_a-exit.o)
                              d:/stm32cubeide/stm32cubeide_1.11.2/stm32cubeide/plugins/com.st.stm32cube.ide.mcu.externaltools.gnu-tools-for-stm32.10.3-2021.10.win32_1.0.100.202210260954/tools/bin/../lib/gcc/arm-none-eabi/10.3.1/../../../../arm-none-eabi/lib/thumb/v7e-m+fp/hard/crt0.o (exit)
d:/stm32cubeide/stm32cubeide_1.11.2/stm32cubeide/plugins/com.st.stm32cube.ide.mcu.externaltools.gnu-tools-for-stm32.10.3-2021.10.win32_1.0.100.202210260954/tools/bin/../lib/gcc/arm-none-eabi/10.3.1/../../../../arm-none-eabi/lib/thumb/v7e-m+fp/hard\libc_nano.a(lib_a-findfp.o)
                              ./Middlewares/Third_Party/FreeRTOS/Source/tasks.o (__sf_fake_stderr)
d:/stm32cubeide/stm32cubeide_1.11.2/stm32cubeide/plugins/com.st.stm32cube.ide.mcu.externaltools.gnu-tools-for-stm32.10.3-2021.10.win32_1.0.100.202210260954/tools/bin/../lib/gcc/arm-none-eabi/10.3.1/../../../../arm-none-eabi/lib/thumb/v7e-m+fp/hard\libc_nano.a(lib_a-fwalk.o)
                              d:/stm32cubeide/stm32cubeide_1.11.2/stm32cubeide/plugins/com.st.stm32cube.ide.mcu.externaltools.gnu-tools-for-stm32.10.3-2021.10.win32_1.0.100.202210260954/tools/bin/../lib/gcc/arm-none-eabi/10.3.1/../../../../arm-none-eabi/lib/thumb/v7e-m+fp/hard\libc_nano.a(lib_a-findfp.o) (_fwalk)
d:/stm32cubeide/stm32cubeide_1.11.2/stm32cubeide/plugins/com.st.stm32cube.ide.mcu.externaltools.gnu-tools-for-stm32.10.3-2021.10.win32_1.0.100.202210260954/tools/bin/../lib/gcc/arm-none-eabi/10.3.1/../../../../arm-none-eabi/lib/thumb/v7e-m+fp/hard\libc_nano.a(lib_a-impure.o)
                              d:/stm32cubeide/stm32cubeide_1.11.2/stm32cubeide/plugins/com.st.stm32cube.ide.mcu.externaltools.gnu-tools-for-stm32.10.3-2021.10.win32_1.0.100.202210260954/tools/bin/../lib/gcc/arm-none-eabi/10.3.1/../../../../arm-none-eabi/lib/thumb/v7e-m+fp/hard\libc_nano.a(lib_a-exit.o) (_global_impure_ptr)
d:/stm32cubeide/stm32cubeide_1.11.2/stm32cubeide/plugins/com.st.stm32cube.ide.mcu.externaltools.gnu-tools-for-stm32.10.3-2021.10.win32_1.0.100.202210260954/tools/bin/../lib/gcc/arm-none-eabi/10.3.1/../../../../arm-none-eabi/lib/thumb/v7e-m+fp/hard\libc_nano.a(lib_a-init.o)
                              d:/stm32cubeide/stm32cubeide_1.11.2/stm32cubeide/plugins/com.st.stm32cube.ide.mcu.externaltools.gnu-tools-for-stm32.10.3-2021.10.win32_1.0.100.202210260954/tools/bin/../lib/gcc/arm-none-eabi/10.3.1/../../../../arm-none-eabi/lib/thumb/v7e-m+fp/hard/crt0.o (__libc_init_array)
d:/stm32cubeide/stm32cubeide_1.11.2/stm32cubeide/plugins/com.st.stm32cube.ide.mcu.externaltools.gnu-tools-for-stm32.10.3-2021.10.win32_1.0.100.202210260954/tools/bin/../lib/gcc/arm-none-eabi/10.3.1/../../../../arm-none-eabi/lib/thumb/v7e-m+fp/hard\libc_nano.a(lib_a-lock.o)
                              d:/stm32cubeide/stm32cubeide_1.11.2/stm32cubeide/plugins/com.st.stm32cube.ide.mcu.externaltools.gnu-tools-for-stm32.10.3-2021.10.win32_1.0.100.202210260954/tools/bin/../lib/gcc/arm-none-eabi/10.3.1/../../../../arm-none-eabi/lib/thumb/v7e-m+fp/hard\libc_nano.a(lib_a-findfp.o) (__retarget_lock_init_recursive)
d:/stm32cubeide/stm32cubeide_1.11.2/stm32cubeide/plugins/com.st.stm32cube.ide.mcu.externaltools.gnu-tools-for-stm32.10.3-2021.10.win32_1.0.100.202210260954/tools/bin/../lib/gcc/arm-none-eabi/10.3.1/../../../../arm-none-eabi/lib/thumb/v7e-m+fp/hard\libc_nano.a(lib_a-memcpy-stub.o)
                              ./Middlewares/Third_Party/FreeRTOS/Source/CMSIS_RTOS_V2/cmsis_os2.o (memcpy)
d:/stm32cubeide/stm32cubeide_1.11.2/stm32cubeide/plugins/com.st.stm32cube.ide.mcu.externaltools.gnu-tools-for-stm32.10.3-2021.10.win32_1.0.100.202210260954/tools/bin/../lib/gcc/arm-none-eabi/10.3.1/../../../../arm-none-eabi/lib/thumb/v7e-m+fp/hard\libc_nano.a(lib_a-memset.o)
                              d:/stm32cubeide/stm32cubeide_1.11.2/stm32cubeide/plugins/com.st.stm32cube.ide.mcu.externaltools.gnu-tools-for-stm32.10.3-2021.10.win32_1.0.100.202210260954/tools/bin/../lib/gcc/arm-none-eabi/10.3.1/../../../../arm-none-eabi/lib/thumb/v7e-m+fp/hard/crt0.o (memset)
d:/stm32cubeide/stm32cubeide_1.11.2/stm32cubeide/plugins/com.st.stm32cube.ide.mcu.externaltools.gnu-tools-for-stm32.10.3-2021.10.win32_1.0.100.202210260954/tools/bin/../lib/gcc/arm-none-eabi/10.3.1/../../../../arm-none-eabi/lib/thumb/v7e-m+fp/hard\libc_nano.a(lib_a-nano-mallocr.o)
[...]
Memory Configuration

Name             Origin             Length             Attributes
CCMRAM           0x0000000010000000 0x0000000000010000 xrw
RAM              0x0000000020000000 0x0000000000020000 xrw
FLASH            0x0000000008000000 0x0000000000100000 xr
*default*        0x0000000000000000 0xffffffffffffffff

Linker script and memory map

LOAD d:/stm32cubeide/stm32cubeide_1.11.2/stm32cubeide/plugins/com.st.stm32cube.ide.mcu.externaltools.gnu-tools-for-stm32.10.3-2021.10.win32_1.0.100.202210260954/tools/bin/../lib/gcc/arm-none-eabi/10.3.1/thumb/v7e-m+fp/hard/crti.o
LOAD d:/stm32cubeide/stm32cubeide_1.11.2/stm32cubeide/plugins/com.st.stm32cube.ide.mcu.externaltools.gnu-tools-for-stm32.10.3-2021.10.win32_1.0.100.202210260954/tools/bin/../lib/gcc/arm-none-eabi/10.3.1/thumb/v7e-m+fp/hard/crtbegin.o
LOAD d:/stm32cubeide/stm32cubeide_1.11.2/stm32cubeide/plugins/com.st.stm32cube.ide.mcu.externaltools.gnu-tools-for-stm32.10.3-2021.10.win32_1.0.100.202210260954/tools/bin/../lib/gcc/arm-none-eabi/10.3.1/../../../../arm-none-eabi/lib/thumb/v7e-m+fp/hard/crt0.o
LOAD ./Core/Src/Chassis.o
LOAD ./Core/Src/IMU.o
LOAD ./Core/Src/MahonyAHRS.o
LOAD ./Core/Src/can.o
LOAD ./Core/Src/dma.o
LOAD ./Core/Src/freertos.o
LOAD ./Core/Src/gpio.o
LOAD ./Core/Src/kalman.o
LOAD ./Core/Src/main.o
LOAD ./Core/Src/pid.o
LOAD ./Core/Src/remote.o
LOAD ./Core/Src/spi.o
LOAD ./Core/Src/stm32f4xx_hal_msp.o
LOAD ./Core/Src/stm32f4xx_hal_timebase_tim.o
LOAD ./Core/Src/stm32f4xx_it.o
LOAD ./Core/Src/syscalls.o
LOAD ./Core/Src/sysmem.o
LOAD ./Core/Src/system_stm32f4xx.o
LOAD ./Core/Src/tim.o
LOAD ./Core/Src/usart.o
LOAD ./Core/Startup/startup_stm32f407ighx.o
LOAD ./Drivers/STM32F4xx_HAL_Driver/Src/stm32f4xx_hal.o
LOAD ./Drivers/STM32F4xx_HAL_Driver/Src/stm32f4xx_hal_can.o
LOAD ./Drivers/STM32F4xx_HAL_Driver/Src/stm32f4xx_hal_cortex.o
LOAD ./Drivers/STM32F4xx_HAL_Driver/Src/stm32f4xx_hal_dma.o
LOAD ./Drivers/STM32F4xx_HAL_Driver/Src/stm32f4xx_hal_dma_ex.o
LOAD ./Drivers/STM32F4xx_HAL_Driver/Src/stm32f4xx_hal_exti.o
LOAD ./Drivers/STM32F4xx_HAL_Driver/Src/stm32f4xx_hal_flash.o
LOAD ./Drivers/STM32F4xx_HAL_Driver/Src/stm32f4xx_hal_flash_ex.o
LOAD ./Drivers/STM32F4xx_HAL_Driver/Src/stm32f4xx_hal_flash_ramfunc.o
LOAD ./Drivers/STM32F4xx_HAL_Driver/Src/stm32f4xx_hal_gpio.o
LOAD ./Drivers/STM32F4xx_HAL_Driver/Src/stm32f4xx_hal_pwr.o
LOAD ./Drivers/STM32F4xx_HAL_Driver/Src/stm32f4xx_hal_pwr_ex.o
LOAD ./Drivers/STM32F4xx_HAL_Driver/Src/stm32f4xx_hal_rcc.o
LOAD ./Drivers/STM32F4xx_HAL_Driver/Src/stm32f4xx_hal_rcc_ex.o
LOAD ./Drivers/STM32F4xx_HAL_Driver/Src/stm32f4xx_hal_spi.o
LOAD ./Drivers/STM32F4xx_HAL_Driver/Src/stm32f4xx_hal_tim.o
LOAD ./Drivers/STM32F4xx_HAL_Driver/Src/stm32f4xx_hal_tim_ex.o
LOAD ./Drivers/STM32F4xx_HAL_Driver/Src/stm32f4xx_hal_uart.o
LOAD ./Middlewares/Third_Party/FreeRTOS/Source/CMSIS_RTOS_V2/cmsis_os2.o
LOAD ./Middlewares/Third_Party/FreeRTOS/Source/croutine.o
LOAD ./Middlewares/Third_Party/FreeRTOS/Source/event_groups.o
LOAD ./Middlewares/Third_Party/FreeRTOS/Source/list.o
LOAD ./Middlewares/Third_Party/FreeRTOS/Source/queue.o
LOAD ./Middlewares/Third_Party/FreeRTOS/Source/stream_buffer.o
LOAD ./Middlewares/Third_Party/FreeRTOS/Source/tasks.o
LOAD ./Middlewares/Third_Party/FreeRTOS/Source/timers.o
LOAD ./Middlewares/Third_Party/FreeRTOS/Source/portable/GCC/ARM_CM4F/port.o
LOAD ./Middlewares/Third_Party/FreeRTOS/Source/portable/MemMang/heap_4.o
START GROUP
LOAD d:/stm32cubeide/stm32cubeide_1.11.2/stm32cubeide/plugins/com.st.stm32cube.ide.mcu.externaltools.gnu-tools-for-stm32.10.3-2021.10.win32_1.0.100.202210260954/tools/bin/../lib/gcc/arm-none-eabi/10.3.1/../../../../arm-none-eabi/lib/thumb/v7e-m+fp/hard\libc_nano.a
LOAD d:/stm32cubeide/stm32cubeide_1.11.2/stm32cubeide/plugins/com.st.stm32cube.ide.mcu.externaltools.gnu-tools-for-stm32.10.3-2021.10.win32_1.0.100.202210260954/tools/bin/../lib/gcc/arm-none-eabi/10.3.1/../../../../arm-none-eabi/lib/thumb/v7e-m+fp/hard\libm.a
END GROUP
START GROUP
LOAD d:/stm32cubeide/stm32cubeide_1.11.2/stm32cubeide/plugins/com.st.stm32cube.ide.mcu.externaltools.gnu-tools-for-stm32.10.3-2021.10.win32_1.0.100.202210260954/tools/bin/../lib/gcc/arm-none-eabi/10.3.1/thumb/v7e-m+fp/hard\libgcc.a
LOAD d:/stm32cubeide/stm32cubeide_1.11.2/stm32cubeide/plugins/com.st.stm32cube.ide.mcu.externaltools.gnu-tools-for-stm32.10.3-2021.10.win32_1.0.100.202210260954/tools/bin/../lib/gcc/arm-none-eabi/10.3.1/../../../../arm-none-eabi/lib/thumb/v7e-m+fp/hard\libc_nano.a
END GROUP
START GROUP
LOAD d:/stm32cubeide/stm32cubeide_1.11.2/stm32cubeide/plugins/com.st.stm32cube.ide.mcu.externaltools.gnu-tools-for-stm32.10.3-2021.10.win32_1.0.100.202210260954/tools/bin/../lib/gcc/arm-none-eabi/10.3.1/thumb/v7e-m+fp/hard\libgcc.a
LOAD d:/stm32cubeide/stm32cubeide_1.11.2/stm32cubeide/plugins/com.st.stm32cube.ide.mcu.externaltools.gnu-tools-for-stm32.10.3-2021.10.win32_1.0.100.202210260954/tools/bin/../lib/gcc/arm-none-eabi/10.3.1/../../../../arm-none-eabi/lib/thumb/v7e-m+fp/hard\libc_nano.a
LOAD d:/stm32cubeide/stm32cubeide_1.11.2/stm32cubeide/plugins/com.st.stm32cube.ide.mcu.externaltools.gnu-tools-for-stm32.10.3-2021.10.win32_1.0.100.202210260954/tools/bin/../lib/gcc/arm-none-eabi/10.3.1/../../../../arm-none-eabi/lib/thumb/v7e-m+fp/hard\libnosys.a
END GROUP
START GROUP
LOAD d:/stm32cubeide/stm32cubeide_1.11.2/stm32cubeide/plugins/com.st.stm32cube.ide.mcu.externaltools.gnu-tools-for-stm32.10.3-2021.10.win32_1.0.100.202210260954/tools/bin/../lib/gcc/arm-none-eabi/10.3.1/thumb/v7e-m+fp/hard\libgcc.a
LOAD d:/stm32cubeide/stm32cubeide_1.11.2/stm32cubeide/plugins/com.st.stm32cube.ide.mcu.externaltools.gnu-tools-for-stm32.10.3-2021.10.win32_1.0.100.202210260954/tools/bin/../lib/gcc/arm-none-eabi/10.3.1/../../../../arm-none-eabi/lib/thumb/v7e-m+fp/hard\libc_nano.a
LOAD d:/stm32cubeide/stm32cubeide_1.11.2/stm32cubeide/plugins/com.st.stm32cube.ide.mcu.externaltools.gnu-tools-for-stm32.10.3-2021.10.win32_1.0.100.202210260954/tools/bin/../lib/gcc/arm-none-eabi/10.3.1/../../../../arm-none-eabi/lib/thumb/v7e-m+fp/hard\libnosys.a
END GROUP
LOAD d:/stm32cubeide/stm32cubeide_1.11.2/stm32cubeide/plugins/com.st.stm32cube.ide.mcu.externaltools.gnu-tools-for-stm32.10.3-2021.10.win32_1.0.100.202210260954/tools/bin/../lib/gcc/arm-none-eabi/10.3.1/thumb/v7e-m+fp/hard/crtend.o
LOAD d:/stm32cubeide/stm32cubeide_1.11.2/stm32cubeide/plugins/com.st.stm32cube.ide.mcu.externaltools.gnu-tools-for-stm32.10.3-2021.10.win32_1.0.100.202210260954/tools/bin/../lib/gcc/arm-none-eabi/10.3.1/thumb/v7e-m+fp/hard/crtn.o
                0x0000000020020000                _estack = (ORIGIN (RAM) + LENGTH (RAM))
                0x0000000000000200                _Min_Heap_Size = 0x200
                0x0000000000000400                _Min_Stack_Size = 0x400

.isr_vector     0x0000000008000000      0x188
                0x0000000008000000                . = ALIGN (0x4)
 *(.isr_vector)
 .isr_vector    0x0000000008000000      0x188 ./Core/Startup/startup_stm32f407ighx.o
                0x0000000008000000                g_pfnVectors
                0x0000000008000188                . = ALIGN (0x4)

.text           0x0000000008000190     0xcf00
                0x0000000008000190                . = ALIGN (0x4)
 *(.text)
 .text          0x0000000008000190       0x40 d:/stm32cubeide/stm32cubeide_1.11.2/stm32cubeide/plugins/com.st.stm32cube.ide.mcu.externaltools.gnu-tools-for-stm32.10.3-2021.10.win32_1.0.100.202210260954/tools/bin/../lib/gcc/arm-none-eabi/10.3.1/thumb/v7e-m+fp/hard/crtbegin.o
 .text          0x00000000080001d0      0x378 d:/stm32cubeide/stm32cubeide_1.11.2/stm32cubeide/plugins/com.st.stm32cube.ide.mcu.externaltools.gnu-tools-for-stm32.10.3-2021.10.win32_1.0.100.202210260954/tools/bin/../lib/gcc/arm-none-eabi/10.3.1/thumb/v7e-m+fp/hard\libgcc.a(_arm_addsubdf3.o)
                0x00000000080001d0                __aeabi_drsub
                0x00000000080001d8                __aeabi_dsub
                0x00000000080001d8                __subdf3
                0x00000000080001dc                __aeabi_dadd
                0x00000000080001dc                __adddf3
                0x0000000008000454                __floatunsidf
                0x0000000008000454                __aeabi_ui2d
                0x0000000008000474                __floatsidf
                0x0000000008000474                __aeabi_i2d
                0x0000000008000498                __aeabi_f2d
                0x0000000008000498                __extendsfdf2
                0x00000000080004dc                __floatundidf
                0x00000000080004dc                __aeabi_ul2d
                0x00000000080004ec                __floatdidf
                0x00000000080004ec                __aeabi_l2d
 .text          0x0000000008000548      0x424 d:/stm32cubeide/stm32cubeide_1.11.2/stm32cubeide/plugins/com.st.stm32cube.ide.mcu.externaltools.gnu-tools-for-stm32.10.3-2021.10.win32_1.0.100.202210260954/tools/bin/../lib/gcc/arm-none-eabi/10.3.1/thumb/v7e-m+fp/hard\libgcc.a(_arm_muldivdf3.o)
                0x0000000008000548                __aeabi_dmul
                0x0000000008000548                __muldf3
                0x000000000800079c                __divdf3
                0x000000000800079c                __aeabi_ddiv
 .text          0x000000000800096c      0x110 d:/stm32cubeide/stm32cubeide_1.11.2/stm32cubeide/plugins/com.st.stm32cube.ide.mcu.externaltools.gnu-tools-for-stm32.10.3-2021.10.win32_1.0.100.202210260954/tools/bin/../lib/gcc/arm-none-eabi/10.3.1/thumb/v7e-m+fp/hard\libgcc.a(_arm_cmpdf2.o)
                0x000000000800096c                __gtdf2
                0x000000000800096c                __gedf2
                0x0000000008000974                __ltdf2
                0x0000000008000974                __ledf2
                0x000000000800097c                __nedf2
                0x000000000800097c                __eqdf2
                0x000000000800097c                __cmpdf2
                0x00000000080009f8                __aeabi_cdrcmple
                0x0000000008000a08                __aeabi_cdcmpeq
                0x0000000008000a08                __aeabi_cdcmple
                0x0000000008000a18                __aeabi_dcmpeq
                0x0000000008000a2c                __aeabi_dcmplt
                0x0000000008000a40                __aeabi_dcmple
                0x0000000008000a54                __aeabi_dcmpge
                0x0000000008000a68                __aeabi_dcmpgt
 .text          0x0000000008000a7c       0xa0 d:/stm32cubeide/stm32cubeide_1.11.2/stm32cubeide/plugins/com.st.stm32cube.ide.mcu.externaltools.gnu-tools-for-stm32.10.3-2021.10.win32_1.0.100.202210260954/tools/bin/../lib/gcc/arm-none-eabi/10.3.1/thumb/v7e-m+fp/hard\libgcc.a(_arm_truncdfsf2.o)
                0x0000000008000a7c                __truncdfsf2
                0x0000000008000a7c                __aeabi_d2f
 .text          0x0000000008000b1c       0x30 d:/stm32cubeide/stm32cubeide_1.11.2/stm32cubeide/plugins/com.st.stm32cube.ide.mcu.externaltools.gnu-tools-for-stm32.10.3-2021.10.win32_1.0.100.202210260954/tools/bin/../lib/gcc/arm-none-eabi/10.3.1/thumb/v7e-m+fp/hard\libgcc.a(_aeabi_uldivmod.o)
                0x0000000008000b1c                __aeabi_uldivmod
 .text          0x0000000008000b4c      0x2d0 d:/stm32cubeide/stm32cubeide_1.11.2/stm32cubeide/plugins/com.st.stm32cube.ide.mcu.externaltools.gnu-tools-for-stm32.10.3-2021.10.win32_1.0.100.202210260954/tools/bin/../lib/gcc/arm-none-eabi/10.3.1/thumb/v7e-m+fp/hard\libgcc.a(_udivmoddi4.o)
                0x0000000008000b4c                __udivmoddi4
 .text          0x0000000008000e1c        0x4 d:/stm32cubeide/stm32cubeide_1.11.2/stm32cubeide/plugins/com.st.stm32cube.ide.mcu.externaltools.gnu-tools-for-stm32.10.3-2021.10.win32_1.0.100.202210260954/tools/bin/../lib/gcc/arm-none-eabi/10.3.1/thumb/v7e-m+fp/hard\libgcc.a(_dvmd_tls.o)
                0x0000000008000e1c                __aeabi_idiv0
                0x0000000008000e1c                __aeabi_ldiv0
 *(.text*)
 .text.Chassis_Ctrl
                0x0000000008000e20       0xf8 ./Core/Src/Chassis.o
                0x0000000008000e20                Chassis_Ctrl
 .text.Chassis_Move
                0x0000000008000f18      0x39c ./Core/Src/Chassis.o
                0x0000000008000f18                Chassis_Move
 *fill*         0x00000000080012b4        0x4 
 .text.Chassis_PowerCtrl
                0x00000000080012b8      0x200 ./Core/Src/Chassis.o
                0x00000000080012b8                Chassis_PowerCtrl
 .text.BMI088_read_Accel
                0x00000000080014b8       0xe0 ./Core/Src/IMU.o
                0x00000000080014b8                BMI088_read_Accel
 .text.BMI088_read_Gyro
                0x0000000008001598       0xc8 ./Core/Src/IMU.o
                0x0000000008001598                BMI088_read_Gyro
 .text.BMI088_write_byte
                0x0000000008001660       0xb0 ./Core/Src/IMU.o
                0x0000000008001660                BMI088_write_byte
 .text.BMI088_init
                0x0000000008001710       0x64 ./Core/Src/IMU.o
                0x0000000008001710                BMI088_init
 .text.MahonyAHRSupdateIMU
                0x0000000008001774      0x4ec ./Core/Src/MahonyAHRS.o
                0x0000000008001774                MahonyAHRSupdateIMU
 .text.invSqrt  0x0000000008001c60       0x78 ./Core/Src/MahonyAHRS.o
                0x0000000008001c60                invSqrt
 .text.MX_CAN1_Init
                0x0000000008001cd8       0x6c ./Core/Src/can.o
                0x0000000008001cd8                MX_CAN1_Init
 .text.HAL_CAN_MspInit
                0x0000000008001d44       0xd0 ./Core/Src/can.o
                0x0000000008001d44                HAL_CAN_MspInit
 .text.Can_MessageConfig
                0x0000000008001e14      0x148 ./Core/Src/can.o
                0x0000000008001e14                Can_MessageConfig
 .text.Can_Filter1Config
                0x0000000008001f5c       0x40 ./Core/Src/can.o
                0x0000000008001f5c                Can_Filter1Config
 .text.HAL_CAN_RxFifo0MsgPendingCallback
                0x0000000008001f9c      0x2b8 ./Core/Src/can.o
                0x0000000008001f9c                HAL_CAN_RxFifo0MsgPendingCallback
 .text.MX_DMA_Init
                0x0000000008002254       0x40 ./Core/Src/dma.o
                0x0000000008002254                MX_DMA_Init
 .text.MX_FREERTOS_Init
                0x0000000008002294       0xcc ./Core/Src/freertos.o
                0x0000000008002294                MX_FREERTOS_Init
 .text.StartDefaultTask
                0x0000000008002360       0x10 ./Core/Src/freertos.o
                0x0000000008002360                StartDefaultTask
 .text.start_SendMessage
                0x0000000008002370      0x24c ./Core/Src/freertos.o
                0x0000000008002370                start_SendMessage
 .text.startReceiveMessage
                0x00000000080025bc       0x6c ./Core/Src/freertos.o
                0x00000000080025bc                startReceiveMessage
 .text.fun_ChangeTarget
                0x0000000008002628      0x194 ./Core/Src/freertos.o
                0x0000000008002628                fun_ChangeTarget
 .text.Start_PWM_Test
                0x00000000080027bc       0x64 ./Core/Src/freertos.o
                0x00000000080027bc                Start_PWM_Test
 .text.StartIMU_Read
                0x0000000008002820      0x234 ./Core/Src/freertos.o
                0x0000000008002820                StartIMU_Read
 .text.Start_Chassis_task
                0x0000000008002a54       0x10 ./Core/Src/freertos.o
                0x0000000008002a54                Start_Chassis_task
 .text.MX_GPIO_Init
                0x0000000008002a64      0x168 ./Core/Src/gpio.o
                0x0000000008002a64                MX_GPIO_Init
 .text.KalmanFilter_Init
                0x0000000008002bcc       0x4c ./Core/Src/kalman.o
                0x0000000008002bcc                KalmanFilter_Init
 .text.IMU_fliter
                0x0000000008002c18      0x21c ./Core/Src/kalman.o
                0x0000000008002c18                IMU_fliter
 .text.main     0x0000000008002e34       0xe8 ./Core/Src/main.o
                0x0000000008002e34                main
 .text.SystemClock_Config
                0x0000000008002f1c       0xd4 ./Core/Src/main.o
                0x0000000008002f1c                SystemClock_Config
 .text.MX_NVIC_Init
                0x0000000008002ff0       0x18 ./Core/Src/main.o
 .text.PWM_Init
                0x0000000008003008       0x68 ./Core/Src/main.o
                0x0000000008003008                PWM_Init
 .text.HAL_TIM_PeriodElapsedCallback
                0x0000000008003070       0x24 ./Core/Src/main.o
                0x0000000008003070                HAL_TIM_PeriodElapsedCallback
 .text.Error_Handler
                0x0000000008003094        0xa ./Core/Src/main.o
                0x0000000008003094                Error_Handler
 *fill*         0x000000000800309e        0x2 
 .text.PID_Init
                0x00000000080030a0      0x1d0 ./Core/Src/pid.o
                0x00000000080030a0                PID_Init
 .text.PID_Clear
                0x0000000008003270       0x34 ./Core/Src/pid.o
                0x0000000008003270                PID_Clear
 .text.PID_Origin
                0x00000000080032a4      0x1b0 ./Core/Src/pid.o
                0x00000000080032a4                PID_Origin
 .text.PID_Incr
                0x0000000008003454       0xf0 ./Core/Src/pid.o
                0x0000000008003454                PID_Incr
 .text.HAL_UART_RxCpltCallback
                0x0000000008003544      0x2a4 ./Core/Src/remote.o
                0x0000000008003544                HAL_UART_RxCpltCallback
 .text.MX_SPI1_Init
                0x00000000080037e8       0x6c ./Core/Src/spi.o
                0x00000000080037e8                MX_SPI1_Init
 .text.HAL_SPI_MspInit
                0x0000000008003854       0xe0 ./Core/Src/spi.o
                0x0000000008003854                HAL_SPI_MspInit
 .text.HAL_MspInit
                0x0000000008003934       0x78 ./Core/Src/stm32f4xx_hal_msp.o
                0x0000000008003934                HAL_MspInit
 .text.HAL_InitTick
                0x00000000080039ac       0xf8 ./Core/Src/stm32f4xx_hal_timebase_tim.o
                0x00000000080039ac                HAL_InitTick
 .text.NMI_Handler
                0x0000000008003aa4        0x6 ./Core/Src/stm32f4xx_it.o
                0x0000000008003aa4                NMI_Handler
 .text.HardFault_Handler
                0x0000000008003aaa        0x6 ./Core/Src/stm32f4xx_it.o
                0x0000000008003aaa                HardFault_Handler
 .text.MemManage_Handler
                0x0000000008003ab0        0x6 ./Core/Src/stm32f4xx_it.o
                0x0000000008003ab0                MemManage_Handler
 .text.BusFault_Handler
                0x0000000008003ab6        0x6 ./Core/Src/stm32f4xx_it.o
                0x0000000008003ab6                BusFault_Handler
 .text.UsageFault_Handler
                0x0000000008003abc        0x6 ./Core/Src/stm32f4xx_it.o
                0x0000000008003abc                UsageFault_Handler
 .text.DebugMon_Handler
                0x0000000008003ac2        0xe ./Core/Src/stm32f4xx_it.o
                0x0000000008003ac2                DebugMon_Handler
 .text.FLASH_IRQHandler
                0x0000000008003ad0        0xc ./Core/Src/stm32f4xx_it.o
                0x0000000008003ad0                FLASH_IRQHandler
 .text.RCC_IRQHandler
                0x0000000008003adc        0xe ./Core/Src/stm32f4xx_it.o
                0x0000000008003adc                RCC_IRQHandler
 *fill*         0x0000000008003aea        0x2 
 .text.DMA1_Stream1_IRQHandler
                0x0000000008003aec       0x14 ./Core/Src/stm32f4xx_it.o
                0x0000000008003aec                DMA1_Stream1_IRQHandler
 .text.CAN1_TX_IRQHandler
                0x0000000008003b00       0x14 ./Core/Src/stm32f4xx_it.o
                0x0000000008003b00                CAN1_TX_IRQHandler
 .text.CAN1_RX0_IRQHandler
                0x0000000008003b14       0x14 ./Core/Src/stm32f4xx_it.o
                0x0000000008003b14                CAN1_RX0_IRQHandler
 .text.CAN1_RX1_IRQHandler
                0x0000000008003b28       0x14 ./Core/Src/stm32f4xx_it.o
                0x0000000008003b28                CAN1_RX1_IRQHandler
 .text.CAN1_SCE_IRQHandler
                0x0000000008003b3c       0x14 ./Core/Src/stm32f4xx_it.o
                0x0000000008003b3c                CAN1_SCE_IRQHandler
 .text.TIM1_BRK_TIM9_IRQHandler
                0x0000000008003b50       0x14 ./Core/Src/stm32f4xx_it.o
                0x0000000008003b50                TIM1_BRK_TIM9_IRQHandler
 .text.TIM1_UP_TIM10_IRQHandler
                0x0000000008003b64       0x14 ./Core/Src/stm32f4xx_it.o
                0x0000000008003b64                TIM1_UP_TIM10_IRQHandler
 .text.TIM1_TRG_COM_TIM11_IRQHandler
                0x0000000008003b78       0x14 ./Core/Src/stm32f4xx_it.o
                0x0000000008003b78                TIM1_TRG_COM_TIM11_IRQHandler
 .text.TIM1_CC_IRQHandler
                0x0000000008003b8c       0x14 ./Core/Src/stm32f4xx_it.o
                0x0000000008003b8c                TIM1_CC_IRQHandler
 .text.SPI1_IRQHandler
                0x0000000008003ba0       0x14 ./Core/Src/stm32f4xx_it.o
                0x0000000008003ba0                SPI1_IRQHandler
 .text.USART1_IRQHandler
                0x0000000008003bb4       0x14 ./Core/Src/stm32f4xx_it.o
                0x0000000008003bb4                USART1_IRQHandler
 .text.USART3_IRQHandler
                0x0000000008003bc8       0x14 ./Core/Src/stm32f4xx_it.o
                0x0000000008003bc8                USART3_IRQHandler
 .text.TIM5_IRQHandler
                0x0000000008003bdc       0x14 ./Core/Src/stm32f4xx_it.o
                0x0000000008003bdc                TIM5_IRQHandler
 .text.TIM6_DAC_IRQHandler
                0x0000000008003bf0       0x14 ./Core/Src/stm32f4xx_it.o
                0x0000000008003bf0                TIM6_DAC_IRQHandler
 .text.SystemInit
                0x0000000008003c04       0x24 ./Core/Src/system_stm32f4xx.o
                0x0000000008003c04                SystemInit
 .text.MX_TIM1_Init
                0x0000000008003c28      0x158 ./Core/Src/tim.o
                0x0000000008003c28                MX_TIM1_Init
 .text.MX_TIM5_Init
                0x0000000008003d80      0x104 ./Core/Src/tim.o
                0x0000000008003d80                MX_TIM5_Init
 .text.HAL_TIM_Base_MspInit
                0x0000000008003e84       0xbc ./Core/Src/tim.o
                0x0000000008003e84                HAL_TIM_Base_MspInit
 .text.HAL_TIM_MspPostInit
                0x0000000008003f40       0xc8 ./Core/Src/tim.o
                0x0000000008003f40                HAL_TIM_MspPostInit
 .text.MX_USART1_UART_Init
                0x0000000008004008       0x54 ./Core/Src/usart.o
                0x0000000008004008                MX_USART1_UART_Init
 .text.MX_USART3_UART_Init
                0x000000000800405c       0x58 ./Core/Src/usart.o
                0x000000000800405c                MX_USART3_UART_Init
 .text.HAL_UART_MspInit
                0x00000000080040b4      0x1b8 ./Core/Src/usart.o
                0x00000000080040b4                HAL_UART_MspInit
 .text.Reset_Handler
                0x000000000800426c       0x50 ./Core/Startup/startup_stm32f407ighx.o
                0x000000000800426c                Reset_Handler
 .text.Default_Handler
                0x00000000080042bc        0x2 ./Core/Startup/startup_stm32f407ighx.o
                0x00000000080042bc                RTC_Alarm_IRQHandler
                0x00000000080042bc                HASH_RNG_IRQHandler
                0x00000000080042bc                EXTI2_IRQHandler
                0x00000000080042bc                TIM8_CC_IRQHandler
                0x00000000080042bc                DMA2_Stream5_IRQHandler
                0x00000000080042bc                DMA1_Stream5_IRQHandler
                0x00000000080042bc                PVD_IRQHandler
                0x00000000080042bc                SDIO_IRQHandler
                0x00000000080042bc                TAMP_STAMP_IRQHandler
                0x00000000080042bc                CAN2_RX1_IRQHandler
                0x00000000080042bc                EXTI3_IRQHandler
                0x00000000080042bc                TIM8_TRG_COM_TIM14_IRQHandler
                0x00000000080042bc                TIM8_UP_TIM13_IRQHandler
                0x00000000080042bc                I2C3_ER_IRQHandler
                0x00000000080042bc                EXTI0_IRQHandler
                0x00000000080042bc                I2C2_EV_IRQHandler
                0x00000000080042bc                DMA1_Stream2_IRQHandler
                0x00000000080042bc                FPU_IRQHandler
                0x00000000080042bc                OTG_HS_WKUP_IRQHandler
                0x00000000080042bc                CAN2_SCE_IRQHandler
                0x00000000080042bc                DMA2_Stream2_IRQHandler
                0x00000000080042bc                DCMI_IRQHandler
                0x00000000080042bc                CAN2_RX0_IRQHandler
                0x00000000080042bc                DMA2_Stream3_IRQHandler
                0x00000000080042bc                USART6_IRQHandler
                0x00000000080042bc                UART5_IRQHandler
                0x00000000080042bc                DMA2_Stream0_IRQHandler
                0x00000000080042bc                TIM4_IRQHandler
                0x00000000080042bc                I2C1_EV_IRQHandler
                0x00000000080042bc                DMA1_Stream6_IRQHandler
                0x00000000080042bc                UART4_IRQHandler
                0x00000000080042bc                TIM3_IRQHandler
                0x00000000080042bc                TIM8_BRK_TIM12_IRQHandler
                0x00000000080042bc                Default_Handler
                0x00000000080042bc                EXTI15_10_IRQHandler
                0x00000000080042bc                ADC_IRQHandler
                0x00000000080042bc                DMA1_Stream7_IRQHandler
                0x00000000080042bc                TIM7_IRQHandler
                0x00000000080042bc                CAN2_TX_IRQHandler
                0x00000000080042bc                DMA2_Stream7_IRQHandler
                0x00000000080042bc                I2C3_EV_IRQHandler
                0x00000000080042bc                EXTI9_5_IRQHandler
                0x00000000080042bc                RTC_WKUP_IRQHandler
                0x00000000080042bc                ETH_WKUP_IRQHandler
                0x00000000080042bc                SPI2_IRQHandler
                0x00000000080042bc                OTG_HS_EP1_IN_IRQHandler
                0x00000000080042bc                DMA1_Stream0_IRQHandler
                0x00000000080042bc                EXTI4_IRQHandler
                0x00000000080042bc                FSMC_IRQHandler
                0x00000000080042bc                ETH_IRQHandler
                0x00000000080042bc                OTG_HS_EP1_OUT_IRQHandler
                0x00000000080042bc                WWDG_IRQHandler
                0x00000000080042bc                TIM2_IRQHandler
                0x00000000080042bc                OTG_FS_WKUP_IRQHandler
                0x00000000080042bc                OTG_HS_IRQHandler
                0x00000000080042bc                EXTI1_IRQHandler
                0x00000000080042bc                USART2_IRQHandler
                0x00000000080042bc                I2C2_ER_IRQHandler
                0x00000000080042bc                DMA2_Stream1_IRQHandler
                0x00000000080042bc                DMA2_Stream4_IRQHandler
                0x00000000080042bc                OTG_FS_IRQHandler
                0x00000000080042bc                SPI3_IRQHandler
                0x00000000080042bc                DMA1_Stream4_IRQHandler
                0x00000000080042bc                I2C1_ER_IRQHandler
                0x00000000080042bc                DMA2_Stream6_IRQHandler
                0x00000000080042bc                DMA1_Stream3_IRQHandler
 *fill*         0x00000000080042be        0x2 
 .text.HAL_Init
                0x00000000080042c0       0x44 ./Drivers/STM32F4xx_HAL_Driver/Src/stm32f4xx_hal.o
                0x00000000080042c0                HAL_Init
 .text.HAL_IncTick
                0x0000000008004304       0x28 ./Drivers/STM32F4xx_HAL_Driver/Src/stm32f4xx_hal.o
                0x0000000008004304                HAL_IncTick
 .text.HAL_GetTick
                0x000000000800432c       0x18 ./Drivers/STM32F4xx_HAL_Driver/Src/stm32f4xx_hal.o
                0x000000000800432c                HAL_GetTick
 .text.HAL_Delay
                0x0000000008004344       0x48 ./Drivers/STM32F4xx_HAL_Driver/Src/stm32f4xx_hal.o
                0x0000000008004344                HAL_Delay
 .text.HAL_CAN_Init
                0x000000000800438c      0x1f6 ./Drivers/STM32F4xx_HAL_Driver/Src/stm32f4xx_hal_can.o
                0x000000000800438c                HAL_CAN_Init
 *fill*         0x0000000008004582        0x2 
 .text.HAL_CAN_ConfigFilter
                0x0000000008004584      0x1c0 ./Drivers/STM32F4xx_HAL_Driver/Src/stm32f4xx_hal_can.o
                0x0000000008004584                HAL_CAN_ConfigFilter
 .text.HAL_CAN_Start
                0x0000000008004744       0x88 ./Drivers/STM32F4xx_HAL_Driver/Src/stm32f4xx_hal_can.o
                0x0000000008004744                HAL_CAN_Start
 .text.HAL_CAN_AddTxMessage
                0x00000000080047cc      0x1b6 ./Drivers/STM32F4xx_HAL_Driver/Src/stm32f4xx_hal_can.o
                0x00000000080047cc                HAL_CAN_AddTxMessage
 .text.HAL_CAN_GetRxMessage
                0x0000000008004982      0x224 ./Drivers/STM32F4xx_HAL_Driver/Src/stm32f4xx_hal_can.o
                0x0000000008004982                HAL_CAN_GetRxMessage
 .text.HAL_CAN_ActivateNotification
                0x0000000008004ba6       0x4c ./Drivers/STM32F4xx_HAL_Driver/Src/stm32f4xx_hal_can.o
                0x0000000008004ba6                HAL_CAN_ActivateNotification
 .text.HAL_CAN_IRQHandler
                0x0000000008004bf2      0x36e ./Drivers/STM32F4xx_HAL_Driver/Src/stm32f4xx_hal_can.o
                0x0000000008004bf2                HAL_CAN_IRQHandler
 .text.HAL_CAN_TxMailbox0CompleteCallback
                0x0000000008004f60       0x14 ./Drivers/STM32F4xx_HAL_Driver/Src/stm32f4xx_hal_can.o
                0x0000000008004f60                HAL_CAN_TxMailbox0CompleteCallback
 .text.HAL_CAN_TxMailbox1CompleteCallback
                0x0000000008004f74       0x14 ./Drivers/STM32F4xx_HAL_Driver/Src/stm32f4xx_hal_can.o
                0x0000000008004f74                HAL_CAN_TxMailbox1CompleteCallback
 .text.HAL_CAN_TxMailbox2CompleteCallback
                0x0000000008004f88       0x14 ./Drivers/STM32F4xx_HAL_Driver/Src/stm32f4xx_hal_can.o
                0x0000000008004f88                HAL_CAN_TxMailbox2CompleteCallback
 .text.HAL_CAN_TxMailbox0AbortCallback
                0x0000000008004f9c       0x14 ./Drivers/STM32F4xx_HAL_Driver/Src/stm32f4xx_hal_can.o
                0x0000000008004f9c                HAL_CAN_TxMailbox0AbortCallback
 .text.HAL_CAN_TxMailbox1AbortCallback
                0x0000000008004fb0       0x14 ./Drivers/STM32F4xx_HAL_Driver/Src/stm32f4xx_hal_can.o
                0x0000000008004fb0                HAL_CAN_TxMailbox1AbortCallback
 .text.HAL_CAN_TxMailbox2AbortCallback
                0x0000000008004fc4       0x14 ./Drivers/STM32F4xx_HAL_Driver/Src/stm32f4xx_hal_can.o
                0x0000000008004fc4                HAL_CAN_TxMailbox2AbortCallback
 .text.HAL_CAN_RxFifo0FullCallback
                0x0000000008004fd8       0x14 ./Drivers/STM32F4xx_HAL_Driver/Src/stm32f4xx_hal_can.o
                0x0000000008004fd8                HAL_CAN_RxFifo0FullCallback
 .text.HAL_CAN_RxFifo1MsgPendingCallback
                0x0000000008004fec       0x14 ./Drivers/STM32F4xx_HAL_Driver/Src/stm32f4xx_hal_can.o
                0x0000000008004fec                HAL_CAN_RxFifo1MsgPendingCallback
 .text.HAL_CAN_RxFifo1FullCallback
                0x0000000008005000       0x14 ./Drivers/STM32F4xx_HAL_Driver/Src/stm32f4xx_hal_can.o
                0x0000000008005000                HAL_CAN_RxFifo1FullCallback
 .text.HAL_CAN_SleepCallback
                0x0000000008005014       0x14 ./Drivers/STM32F4xx_HAL_Driver/Src/stm32f4xx_hal_can.o
                0x0000000008005014                HAL_CAN_SleepCallback
 .text.HAL_CAN_WakeUpFromRxMsgCallback
                0x0000000008005028       0x14 ./Drivers/STM32F4xx_HAL_Driver/Src/stm32f4xx_hal_can.o
                0x0000000008005028                HAL_CAN_WakeUpFromRxMsgCallback
 .text.HAL_CAN_ErrorCallback
                0x000000000800503c       0x14 ./Drivers/STM32F4xx_HAL_Driver/Src/stm32f4xx_hal_can.o
                0x000000000800503c                HAL_CAN_ErrorCallback
 .text.__NVIC_SetPriorityGrouping
                0x0000000008005050       0x48 ./Drivers/STM32F4xx_HAL_Driver/Src/stm32f4xx_hal_cortex.o
 .text.__NVIC_GetPriorityGrouping
                0x0000000008005098       0x1c ./Drivers/STM32F4xx_HAL_Driver/Src/stm32f4xx_hal_cortex.o
 .text.__NVIC_EnableIRQ
                0x00000000080050b4       0x3c ./Drivers/STM32F4xx_HAL_Driver/Src/stm32f4xx_hal_cortex.o
 .text.__NVIC_SetPriority
                0x00000000080050f0       0x54 ./Drivers/STM32F4xx_HAL_Driver/Src/stm32f4xx_hal_cortex.o
 .text.NVIC_EncodePriority
                0x0000000008005144       0x66 ./Drivers/STM32F4xx_HAL_Driver/Src/stm32f4xx_hal_cortex.o
 .text.HAL_NVIC_SetPriorityGrouping
                0x00000000080051aa       0x16 ./Drivers/STM32F4xx_HAL_Driver/Src/stm32f4xx_hal_cortex.o
                0x00000000080051aa                HAL_NVIC_SetPriorityGrouping
 .text.HAL_NVIC_SetPriority
                0x00000000080051c0       0x38 ./Drivers/STM32F4xx_HAL_Driver/Src/stm32f4xx_hal_cortex.o
                0x00000000080051c0                HAL_NVIC_SetPriority
 .text.HAL_NVIC_EnableIRQ
                0x00000000080051f8       0x1c ./Drivers/STM32F4xx_HAL_Driver/Src/stm32f4xx_hal_cortex.o
                0x00000000080051f8                HAL_NVIC_EnableIRQ
 .text.HAL_DMA_Init
                0x0000000008005214      0x15c ./Drivers/STM32F4xx_HAL_Driver/Src/stm32f4xx_hal_dma.o
                0x0000000008005214                HAL_DMA_Init
 .text.HAL_DMA_Start_IT
                0x0000000008005370       0xb0 ./Drivers/STM32F4xx_HAL_Driver/Src/stm32f4xx_hal_dma.o
                0x0000000008005370                HAL_DMA_Start_IT
 .text.HAL_DMA_Abort
                0x0000000008005420       0xe0 ./Drivers/STM32F4xx_HAL_Driver/Src/stm32f4xx_hal_dma.o
                0x0000000008005420                HAL_DMA_Abort
 .text.HAL_DMA_Abort_IT
                0x0000000008005500       0x44 ./Drivers/STM32F4xx_HAL_Driver/Src/stm32f4xx_hal_dma.o
                0x0000000008005500                HAL_DMA_Abort_IT
 .text.HAL_DMA_IRQHandler
                0x0000000008005544      0x314 ./Drivers/STM32F4xx_HAL_Driver/Src/stm32f4xx_hal_dma.o
                0x0000000008005544                HAL_DMA_IRQHandler
 .text.DMA_SetConfig
                0x0000000008005858       0x5c ./Drivers/STM32F4xx_HAL_Driver/Src/stm32f4xx_hal_dma.o
 .text.DMA_CalcBaseAndBitshift
                0x00000000080058b4       0x6c ./Drivers/STM32F4xx_HAL_Driver/Src/stm32f4xx_hal_dma.o
 .text.DMA_CheckFifoParam
                0x0000000008005920       0xf8 ./Drivers/STM32F4xx_HAL_Driver/Src/stm32f4xx_hal_dma.o
 .text.HAL_FLASH_IRQHandler
                0x0000000008005a18      0x140 ./Drivers/STM32F4xx_HAL_Driver/Src/stm32f4xx_hal_flash.o
                0x0000000008005a18                HAL_FLASH_IRQHandler
 .text.HAL_FLASH_EndOfOperationCallback
                0x0000000008005b58       0x14 ./Drivers/STM32F4xx_HAL_Driver/Src/stm32f4xx_hal_flash.o
                0x0000000008005b58                HAL_FLASH_EndOfOperationCallback
 .text.HAL_FLASH_OperationErrorCallback
                0x0000000008005b6c       0x14 ./Drivers/STM32F4xx_HAL_Driver/Src/stm32f4xx_hal_flash.o
                0x0000000008005b6c                HAL_FLASH_OperationErrorCallback
 .text.FLASH_SetErrorCode
                0x0000000008005b80       0xac ./Drivers/STM32F4xx_HAL_Driver/Src/stm32f4xx_hal_flash.o
 .text.FLASH_Erase_Sector
                0x0000000008005c2c       0x90 ./Drivers/STM32F4xx_HAL_Driver/Src/stm32f4xx_hal_flash_ex.o
                0x0000000008005c2c                FLASH_Erase_Sector
 .text.FLASH_FlushCaches
                0x0000000008005cbc       0x8c ./Drivers/STM32F4xx_HAL_Driver/Src/stm32f4xx_hal_flash_ex.o
                0x0000000008005cbc                FLASH_FlushCaches
 .text.HAL_GPIO_Init
                0x0000000008005d48      0x338 ./Drivers/STM32F4xx_HAL_Driver/Src/stm32f4xx_hal_gpio.o
                0x0000000008005d48                HAL_GPIO_Init
 .text.HAL_GPIO_ReadPin
                0x0000000008006080       0x30 ./Drivers/STM32F4xx_HAL_Driver/Src/stm32f4xx_hal_gpio.o
                0x0000000008006080                HAL_GPIO_ReadPin
 .text.HAL_GPIO_WritePin
                0x00000000080060b0       0x32 ./Drivers/STM32F4xx_HAL_Driver/Src/stm32f4xx_hal_gpio.o
                0x00000000080060b0                HAL_GPIO_WritePin
 .text.HAL_GPIO_TogglePin
                0x00000000080060e2       0x34 ./Drivers/STM32F4xx_HAL_Driver/Src/stm32f4xx_hal_gpio.o
                0x00000000080060e2                HAL_GPIO_TogglePin
 *fill*         0x0000000008006116        0x2 
 .text.HAL_RCC_OscConfig
                0x0000000008006118      0x4f0 ./Drivers/STM32F4xx_HAL_Driver/Src/stm32f4xx_hal_rcc.o
                0x0000000008006118                HAL_RCC_OscConfig
 .text.HAL_RCC_ClockConfig
                0x0000000008006608      0x1cc ./Drivers/STM32F4xx_HAL_Driver/Src/stm32f4xx_hal_rcc.o
                0x0000000008006608                HAL_RCC_ClockConfig
 .text.HAL_RCC_GetSysClockFreq
                0x00000000080067d4      0x18c ./Drivers/STM32F4xx_HAL_Driver/Src/stm32f4xx_hal_rcc.o
                0x00000000080067d4                HAL_RCC_GetSysClockFreq
 .text.HAL_RCC_GetHCLKFreq
                0x0000000008006960       0x18 ./Drivers/STM32F4xx_HAL_Driver/Src/stm32f4xx_hal_rcc.o
                0x0000000008006960                HAL_RCC_GetHCLKFreq
 .text.HAL_RCC_GetPCLK1Freq
                0x0000000008006978       0x28 ./Drivers/STM32F4xx_HAL_Driver/Src/stm32f4xx_hal_rcc.o
                0x0000000008006978                HAL_RCC_GetPCLK1Freq
 .text.HAL_RCC_GetPCLK2Freq
                0x00000000080069a0       0x28 ./Drivers/STM32F4xx_HAL_Driver/Src/stm32f4xx_hal_rcc.o
                0x00000000080069a0                HAL_RCC_GetPCLK2Freq
 .text.HAL_RCC_GetClockConfig
                0x00000000080069c8       0x64 ./Drivers/STM32F4xx_HAL_Driver/Src/stm32f4xx_hal_rcc.o
                0x00000000080069c8                HAL_RCC_GetClockConfig
 .text.HAL_SPI_Init
                0x0000000008006a2c      0x112 ./Drivers/STM32F4xx_HAL_Driver/Src/stm32f4xx_hal_spi.o
                0x0000000008006a2c                HAL_SPI_Init
 .text.HAL_SPI_Transmit
                0x0000000008006b3e      0x278 ./Drivers/STM32F4xx_HAL_Driver/Src/stm32f4xx_hal_spi.o
                0x0000000008006b3e                HAL_SPI_Transmit
 .text.HAL_SPI_Receive
                0x0000000008006db6      0x222 ./Drivers/STM32F4xx_HAL_Driver/Src/stm32f4xx_hal_spi.o
                0x0000000008006db6                HAL_SPI_Receive
 .text.HAL_SPI_TransmitReceive
                0x0000000008006fd8      0x344 ./Drivers/STM32F4xx_HAL_Driver/Src/stm32f4xx_hal_spi.o
                0x0000000008006fd8                HAL_SPI_TransmitReceive
 .text.HAL_SPI_IRQHandler
                0x000000000800731c      0x200 ./Drivers/STM32F4xx_HAL_Driver/Src/stm32f4xx_hal_spi.o
                0x000000000800731c                HAL_SPI_IRQHandler
 .text.HAL_SPI_ErrorCallback
                0x000000000800751c       0x14 ./Drivers/STM32F4xx_HAL_Driver/Src/stm32f4xx_hal_spi.o
                0x000000000800751c                HAL_SPI_ErrorCallback
 .text.HAL_SPI_GetState
                0x0000000008007530       0x1c ./Drivers/STM32F4xx_HAL_Driver/Src/stm32f4xx_hal_spi.o
                0x0000000008007530                HAL_SPI_GetState
 .text.SPI_DMAAbortOnError
                0x000000000800754c       0x28 ./Drivers/STM32F4xx_HAL_Driver/Src/stm32f4xx_hal_spi.o
 .text.SPI_WaitFlagStateUntilTimeout
                0x0000000008007574      0x110 ./Drivers/STM32F4xx_HAL_Driver/Src/stm32f4xx_hal_spi.o
 .text.SPI_EndRxTransaction
                0x0000000008007684       0xca ./Drivers/STM32F4xx_HAL_Driver/Src/stm32f4xx_hal_spi.o
 *fill*         0x000000000800774e        0x2 
 .text.SPI_EndRxTxTransaction
                0x0000000008007750       0x84 ./Drivers/STM32F4xx_HAL_Driver/Src/stm32f4xx_hal_spi.o
 .text.HAL_TIM_Base_Init
                0x00000000080077d4       0x9e ./Drivers/STM32F4xx_HAL_Driver/Src/stm32f4xx_hal_tim.o
                0x00000000080077d4                HAL_TIM_Base_Init
 *fill*         0x0000000008007872        0x2 
 .text.HAL_TIM_Base_Start
                0x0000000008007874       0xd0 ./Drivers/STM32F4xx_HAL_Driver/Src/stm32f4xx_hal_tim.o
                0x0000000008007874                HAL_TIM_Base_Start
 .text.HAL_TIM_Base_Start_IT
                0x0000000008007944       0xe0 ./Drivers/STM32F4xx_HAL_Driver/Src/stm32f4xx_hal_tim.o
                0x0000000008007944                HAL_TIM_Base_Start_IT
 .text.HAL_TIM_PWM_Init
                0x0000000008007a24       0x9e ./Drivers/STM32F4xx_HAL_Driver/Src/stm32f4xx_hal_tim.o
                0x0000000008007a24                HAL_TIM_PWM_Init
 .text.HAL_TIM_PWM_MspInit
                0x0000000008007ac2       0x14 ./Drivers/STM32F4xx_HAL_Driver/Src/stm32f4xx_hal_tim.o
                0x0000000008007ac2                HAL_TIM_PWM_MspInit
 *fill*         0x0000000008007ad6        0x2 
 .text.HAL_TIM_PWM_Start
                0x0000000008007ad8      0x190 ./Drivers/STM32F4xx_HAL_Driver/Src/stm32f4xx_hal_tim.o
                0x0000000008007ad8                HAL_TIM_PWM_Start
 .text.HAL_TIM_IRQHandler
                0x0000000008007c68      0x210 ./Drivers/STM32F4xx_HAL_Driver/Src/stm32f4xx_hal_tim.o
                0x0000000008007c68                HAL_TIM_IRQHandler
 .text.HAL_TIM_PWM_ConfigChannel
                0x0000000008007e78      0x184 ./Drivers/STM32F4xx_HAL_Driver/Src/stm32f4xx_hal_tim.o
                0x0000000008007e78                HAL_TIM_PWM_ConfigChannel
 .text.HAL_TIM_ConfigClockSource
                0x0000000008007ffc      0x18e ./Drivers/STM32F4xx_HAL_Driver/Src/stm32f4xx_hal_tim.o
                0x0000000008007ffc                HAL_TIM_ConfigClockSource
 .text.HAL_TIM_OC_DelayElapsedCallback
                0x000000000800818a       0x14 ./Drivers/STM32F4xx_HAL_Driver/Src/stm32f4xx_hal_tim.o
                0x000000000800818a                HAL_TIM_OC_DelayElapsedCallback
 .text.HAL_TIM_IC_CaptureCallback
                0x000000000800819e       0x14 ./Drivers/STM32F4xx_HAL_Driver/Src/stm32f4xx_hal_tim.o
                0x000000000800819e                HAL_TIM_IC_CaptureCallback
 .text.HAL_TIM_PWM_PulseFinishedCallback
                0x00000000080081b2       0x14 ./Drivers/STM32F4xx_HAL_Driver/Src/stm32f4xx_hal_tim.o
                0x00000000080081b2                HAL_TIM_PWM_PulseFinishedCallback
 .text.HAL_TIM_TriggerCallback
                0x00000000080081c6       0x14 ./Drivers/STM32F4xx_HAL_Driver/Src/stm32f4xx_hal_tim.o
                0x00000000080081c6                HAL_TIM_TriggerCallback
 *fill*         0x00000000080081da        0x2 
 .text.TIM_Base_SetConfig
                0x00000000080081dc      0x140 ./Drivers/STM32F4xx_HAL_Driver/Src/stm32f4xx_hal_tim.o
                0x00000000080081dc                TIM_Base_SetConfig
 .text.TIM_OC1_SetConfig
                0x000000000800831c       0xe0 ./Drivers/STM32F4xx_HAL_Driver/Src/stm32f4xx_hal_tim.o
 .text.TIM_OC2_SetConfig
                0x00000000080083fc       0xec ./Drivers/STM32F4xx_HAL_Driver/Src/stm32f4xx_hal_tim.o
                0x00000000080083fc                TIM_OC2_SetConfig
 .text.TIM_OC3_SetConfig
                0x00000000080084e8       0xe8 ./Drivers/STM32F4xx_HAL_Driver/Src/stm32f4xx_hal_tim.o
 .text.TIM_OC4_SetConfig
                0x00000000080085d0       0xac ./Drivers/STM32F4xx_HAL_Driver/Src/stm32f4xx_hal_tim.o
 .text.TIM_TI1_ConfigInputStage
                0x000000000800867c       0x5e ./Drivers/STM32F4xx_HAL_Driver/Src/stm32f4xx_hal_tim.o
 .text.TIM_TI2_ConfigInputStage
                0x00000000080086da       0x60 ./Drivers/STM32F4xx_HAL_Driver/Src/stm32f4xx_hal_tim.o
 .text.TIM_ITRx_SetConfig
                0x000000000800873a       0x36 ./Drivers/STM32F4xx_HAL_Driver/Src/stm32f4xx_hal_tim.o
 .text.TIM_ETR_SetConfig
                0x0000000008008770       0x40 ./Drivers/STM32F4xx_HAL_Driver/Src/stm32f4xx_hal_tim.o
                0x0000000008008770                TIM_ETR_SetConfig
 .text.TIM_CCxChannelCmd
                0x00000000080087b0       0x4a ./Drivers/STM32F4xx_HAL_Driver/Src/stm32f4xx_hal_tim.o
                0x00000000080087b0                TIM_CCxChannelCmd
 *fill*         0x00000000080087fa        0x2 
 .text.HAL_TIMEx_MasterConfigSynchronization
                0x00000000080087fc       0xf8 ./Drivers/STM32F4xx_HAL_Driver/Src/stm32f4xx_hal_tim_ex.o
                0x00000000080087fc                HAL_TIMEx_MasterConfigSynchronization
 .text.HAL_TIMEx_ConfigBreakDeadTime
                0x00000000080088f4       0xa4 ./Drivers/STM32F4xx_HAL_Driver/Src/stm32f4xx_hal_tim_ex.o
                0x00000000080088f4                HAL_TIMEx_ConfigBreakDeadTime
 .text.HAL_TIMEx_CommutCallback
                0x0000000008008998       0x14 ./Drivers/STM32F4xx_HAL_Driver/Src/stm32f4xx_hal_tim_ex.o
                0x0000000008008998                HAL_TIMEx_CommutCallback
 .text.HAL_TIMEx_BreakCallback
                0x00000000080089ac       0x14 ./Drivers/STM32F4xx_HAL_Driver/Src/stm32f4xx_hal_tim_ex.o
                0x00000000080089ac                HAL_TIMEx_BreakCallback
 .text.HAL_UART_Init
                0x00000000080089c0       0x9a ./Drivers/STM32F4xx_HAL_Driver/Src/stm32f4xx_hal_uart.o
                0x00000000080089c0                HAL_UART_Init
 .text.HAL_UART_Transmit
                0x0000000008008a5a      0x124 ./Drivers/STM32F4xx_HAL_Driver/Src/stm32f4xx_hal_uart.o
                0x0000000008008a5a                HAL_UART_Transmit
 .text.HAL_UART_Receive_DMA
                0x0000000008008b7e       0x60 ./Drivers/STM32F4xx_HAL_Driver/Src/stm32f4xx_hal_uart.o
                0x0000000008008b7e                HAL_UART_Receive_DMA
 *fill*         0x0000000008008bde        0x2 
 .text.HAL_UART_IRQHandler
                0x0000000008008be0      0x51c ./Drivers/STM32F4xx_HAL_Driver/Src/stm32f4xx_hal_uart.o
                0x0000000008008be0                HAL_UART_IRQHandler
 .text.HAL_UART_TxCpltCallback
                0x00000000080090fc       0x14 ./Drivers/STM32F4xx_HAL_Driver/Src/stm32f4xx_hal_uart.o
                0x00000000080090fc                HAL_UART_TxCpltCallback
 .text.HAL_UART_RxHalfCpltCallback
                0x0000000008009110       0x14 ./Drivers/STM32F4xx_HAL_Driver/Src/stm32f4xx_hal_uart.o
                0x0000000008009110                HAL_UART_RxHalfCpltCallback
 .text.HAL_UART_ErrorCallback
                0x0000000008009124       0x14 ./Drivers/STM32F4xx_HAL_Driver/Src/stm32f4xx_hal_uart.o
                0x0000000008009124                HAL_UART_ErrorCallback
 .text.HAL_UARTEx_RxEventCallback
                0x0000000008009138       0x18 ./Drivers/STM32F4xx_HAL_Driver/Src/stm32f4xx_hal_uart.o
                0x0000000008009138                HAL_UARTEx_RxEventCallback
 .text.UART_DMAReceiveCplt
                0x0000000008009150      0x126 ./Drivers/STM32F4xx_HAL_Driver/Src/stm32f4xx_hal_uart.o
 .text.UART_DMARxHalfCplt
                0x0000000008009276       0x36 ./Drivers/STM32F4xx_HAL_Driver/Src/stm32f4xx_hal_uart.o
 .text.UART_DMAError
                0x00000000080092ac       0x94 ./Drivers/STM32F4xx_HAL_Driver/Src/stm32f4xx_hal_uart.o
 .text.UART_WaitOnFlagUntilTimeout
                0x0000000008009340       0xdc ./Drivers/STM32F4xx_HAL_Driver/Src/stm32f4xx_hal_uart.o
 .text.UART_Start_Receive_DMA
                0x000000000800941c      0x13c ./Drivers/STM32F4xx_HAL_Driver/Src/stm32f4xx_hal_uart.o
                0x000000000800941c                UART_Start_Receive_DMA
 .text.UART_EndTxTransfer
                0x0000000008009558       0x50 ./Drivers/STM32F4xx_HAL_Driver/Src/stm32f4xx_hal_uart.o
 .text.UART_EndRxTransfer
                0x00000000080095a8       0xc6 ./Drivers/STM32F4xx_HAL_Driver/Src/stm32f4xx_hal_uart.o
 .text.UART_DMAAbortOnError
                0x000000000800966e       0x28 ./Drivers/STM32F4xx_HAL_Driver/Src/stm32f4xx_hal_uart.o
 .text.UART_Transmit_IT
                0x0000000008009696       0xa0 ./Drivers/STM32F4xx_HAL_Driver/Src/stm32f4xx_hal_uart.o
 .text.UART_EndTransmit_IT
                0x0000000008009736       0x30 ./Drivers/STM32F4xx_HAL_Driver/Src/stm32f4xx_hal_uart.o
 .text.UART_Receive_IT
                0x0000000008009766      0x176 ./Drivers/STM32F4xx_HAL_Driver/Src/stm32f4xx_hal_uart.o
 .text.UART_SetConfig
                0x00000000080098dc      0x4e8 ./Drivers/STM32F4xx_HAL_Driver/Src/stm32f4xx_hal_uart.o
 .text.__NVIC_SetPriority
                0x0000000008009dc4       0x54 ./Middlewares/Third_Party/FreeRTOS/Source/CMSIS_RTOS_V2/cmsis_os2.o
 .text.SysTick_Handler
                0x0000000008009e18       0x20 ./Middlewares/Third_Party/FreeRTOS/Source/CMSIS_RTOS_V2/cmsis_os2.o
                0x0000000008009e18                SysTick_Handler
 .text.SVC_Setup
                0x0000000008009e38       0x12 ./Middlewares/Third_Party/FreeRTOS/Source/CMSIS_RTOS_V2/cmsis_os2.o
 *fill*         0x0000000008009e4a        0x2 
 .text.osKernelInitialize
                0x0000000008009e4c       0x48 ./Middlewares/Third_Party/FreeRTOS/Source/CMSIS_RTOS_V2/cmsis_os2.o
                0x0000000008009e4c                osKernelInitialize
 .text.osKernelStart
                0x0000000008009e94       0x4c ./Middlewares/Third_Party/FreeRTOS/Source/CMSIS_RTOS_V2/cmsis_os2.o
                0x0000000008009e94                osKernelStart
 .text.osThreadNew
                0x0000000008009ee0      0x124 ./Middlewares/Third_Party/FreeRTOS/Source/CMSIS_RTOS_V2/cmsis_os2.o
                0x0000000008009ee0                osThreadNew
 .text.osDelay  0x000000000800a004       0x36 ./Middlewares/Third_Party/FreeRTOS/Source/CMSIS_RTOS_V2/cmsis_os2.o
                0x000000000800a004                osDelay
 *fill*         0x000000000800a03a        0x2 
 .text.vApplicationGetIdleTaskMemory
                0x000000000800a03c       0x34 ./Middlewares/Third_Party/FreeRTOS/Source/CMSIS_RTOS_V2/cmsis_os2.o
                0x000000000800a03c                vApplicationGetIdleTaskMemory
 .text.vApplicationGetTimerTaskMemory
                0x000000000800a070       0x34 ./Middlewares/Third_Party/FreeRTOS/Source/CMSIS_RTOS_V2/cmsis_os2.o
                0x000000000800a070                vApplicationGetTimerTaskMemory
 .text.vListInitialise
                0x000000000800a0a4       0x40 ./Middlewares/Third_Party/FreeRTOS/Source/list.o
                0x000000000800a0a4                vListInitialise
 .text.vListInitialiseItem
                0x000000000800a0e4       0x1a ./Middlewares/Third_Party/FreeRTOS/Source/list.o
                0x000000000800a0e4                vListInitialiseItem
 .text.vListInsertEnd
                0x000000000800a0fe       0x48 ./Middlewares/Third_Party/FreeRTOS/Source/list.o
                0x000000000800a0fe                vListInsertEnd
 .text.vListInsert
                0x000000000800a146       0x72 ./Middlewares/Third_Party/FreeRTOS/Source/list.o
                0x000000000800a146                vListInsert
 .text.uxListRemove
                0x000000000800a1b8       0x54 ./Middlewares/Third_Party/FreeRTOS/Source/list.o
                0x000000000800a1b8                uxListRemove
 .text.xQueueGenericReset
                0x000000000800a20c       0xd0 ./Middlewares/Third_Party/FreeRTOS/Source/queue.o
                0x000000000800a20c                xQueueGenericReset
 .text.xQueueGenericCreateStatic
                0x000000000800a2dc       0xf0 ./Middlewares/Third_Party/FreeRTOS/Source/queue.o
                0x000000000800a2dc                xQueueGenericCreateStatic
 .text.prvInitialiseNewQueue
                0x000000000800a3cc       0x46 ./Middlewares/Third_Party/FreeRTOS/Source/queue.o
 *fill*         0x000000000800a412        0x2 
 .text.xQueueGenericSend
                0x000000000800a414      0x1fc ./Middlewares/Third_Party/FreeRTOS/Source/queue.o
                0x000000000800a414                xQueueGenericSend
 .text.xQueueGenericSendFromISR
                0x000000000800a610      0x136 ./Middlewares/Third_Party/FreeRTOS/Source/queue.o
                0x000000000800a610                xQueueGenericSendFromISR
 *fill*         0x000000000800a746        0x2 
 .text.xQueueReceive
                0x000000000800a748      0x1c0 ./Middlewares/Third_Party/FreeRTOS/Source/queue.o
                0x000000000800a748                xQueueReceive
 .text.prvCopyDataToQueue
                0x000000000800a908       0xd4 ./Middlewares/Third_Party/FreeRTOS/Source/queue.o
 .text.prvCopyDataFromQueue
                0x000000000800a9dc       0x4c ./Middlewares/Third_Party/FreeRTOS/Source/queue.o
 .text.prvUnlockQueue
                0x000000000800aa28       0xa4 ./Middlewares/Third_Party/FreeRTOS/Source/queue.o
 .text.prvIsQueueEmpty
                0x000000000800aacc       0x2c ./Middlewares/Third_Party/FreeRTOS/Source/queue.o
 .text.prvIsQueueFull
                0x000000000800aaf8       0x30 ./Middlewares/Third_Party/FreeRTOS/Source/queue.o
 .text.vQueueAddToRegistry
                0x000000000800ab28       0x54 ./Middlewares/Third_Party/FreeRTOS/Source/queue.o
                0x000000000800ab28                vQueueAddToRegistry
 .text.vQueueWaitForMessageRestricted
                0x000000000800ab7c       0x68 ./Middlewares/Third_Party/FreeRTOS/Source/queue.o
                0x000000000800ab7c                vQueueWaitForMessageRestricted
 .text.xTaskCreateStatic
                0x000000000800abe4       0xba ./Middlewares/Third_Party/FreeRTOS/Source/tasks.o
                0x000000000800abe4                xTaskCreateStatic
 .text.xTaskCreate
                0x000000000800ac9e       0x8a ./Middlewares/Third_Party/FreeRTOS/Source/tasks.o
                0x000000000800ac9e                xTaskCreate
 .text.prvInitialiseNewTask
                0x000000000800ad28      0x14c ./Middlewares/Third_Party/FreeRTOS/Source/tasks.o
 .text.prvAddNewTaskToReadyList
                0x000000000800ae74       0xe0 ./Middlewares/Third_Party/FreeRTOS/Source/tasks.o
 .text.vTaskDelay
                0x000000000800af54       0x68 ./Middlewares/Third_Party/FreeRTOS/Source/tasks.o
                0x000000000800af54                vTaskDelay
 .text.vTaskStartScheduler
                0x000000000800afbc       0xe0 ./Middlewares/Third_Party/FreeRTOS/Source/tasks.o
                0x000000000800afbc                vTaskStartScheduler
 .text.vTaskSuspendAll
                0x000000000800b09c       0x1c ./Middlewares/Third_Party/FreeRTOS/Source/tasks.o
                0x000000000800b09c                vTaskSuspendAll
 .text.xTaskResumeAll
                0x000000000800b0b8      0x13c ./Middlewares/Third_Party/FreeRTOS/Source/tasks.o
                0x000000000800b0b8                xTaskResumeAll
 .text.xTaskGetTickCount
                0x000000000800b1f4       0x20 ./Middlewares/Third_Party/FreeRTOS/Source/tasks.o
                0x000000000800b1f4                xTaskGetTickCount
 .text.xTaskIncrementTick
                0x000000000800b214      0x174 ./Middlewares/Third_Party/FreeRTOS/Source/tasks.o
                0x000000000800b214                xTaskIncrementTick
 .text.vTaskSwitchContext
                0x000000000800b388       0xc8 ./Middlewares/Third_Party/FreeRTOS/Source/tasks.o
                0x000000000800b388                vTaskSwitchContext
 .text.vTaskPlaceOnEventList
                0x000000000800b450       0x48 ./Middlewares/Third_Party/FreeRTOS/Source/tasks.o
                0x000000000800b450                vTaskPlaceOnEventList
 .text.vTaskPlaceOnEventListRestricted
                0x000000000800b498       0x58 ./Middlewares/Third_Party/FreeRTOS/Source/tasks.o
                0x000000000800b498                vTaskPlaceOnEventListRestricted
 .text.xTaskRemoveFromEventList
                0x000000000800b4f0       0xc8 ./Middlewares/Third_Party/FreeRTOS/Source/tasks.o
                0x000000000800b4f0                xTaskRemoveFromEventList
 .text.vTaskInternalSetTimeOutState
                0x000000000800b5b8       0x2c ./Middlewares/Third_Party/FreeRTOS/Source/tasks.o
                0x000000000800b5b8                vTaskInternalSetTimeOutState
 .text.xTaskCheckForTimeOut
                0x000000000800b5e4       0xc4 ./Middlewares/Third_Party/FreeRTOS/Source/tasks.o
                0x000000000800b5e4                xTaskCheckForTimeOut
 .text.vTaskMissedYield
                0x000000000800b6a8       0x18 ./Middlewares/Third_Party/FreeRTOS/Source/tasks.o
                0x000000000800b6a8                vTaskMissedYield
 .text.prvIdleTask
                0x000000000800b6c0       0x30 ./Middlewares/Third_Party/FreeRTOS/Source/tasks.o
 .text.prvInitialiseTaskLists
                0x000000000800b6f0       0x80 ./Middlewares/Third_Party/FreeRTOS/Source/tasks.o
 .text.prvCheckTasksWaitingTermination
                0x000000000800b770       0x5c ./Middlewares/Third_Party/FreeRTOS/Source/tasks.o
 .text.prvDeleteTCB
                0x000000000800b7cc       0x68 ./Middlewares/Third_Party/FreeRTOS/Source/tasks.o
 .text.prvResetNextTaskUnblockTime
                0x000000000800b834       0x40 ./Middlewares/Third_Party/FreeRTOS/Source/tasks.o
 .text.xTaskGetSchedulerState
                0x000000000800b874       0x3c ./Middlewares/Third_Party/FreeRTOS/Source/tasks.o
                0x000000000800b874                xTaskGetSchedulerState
 .text.xTaskPriorityDisinherit
                0x000000000800b8b0       0xdc ./Middlewares/Third_Party/FreeRTOS/Source/tasks.o
                0x000000000800b8b0                xTaskPriorityDisinherit
 .text.prvAddCurrentTaskToDelayedList
                0x000000000800b98c       0xa8 ./Middlewares/Third_Party/FreeRTOS/Source/tasks.o
 .text.xTimerCreateTimerTask
                0x000000000800ba34       0x90 ./Middlewares/Third_Party/FreeRTOS/Source/timers.o
                0x000000000800ba34                xTimerCreateTimerTask
 .text.xTimerGenericCommand
                0x000000000800bac4       0x9c ./Middlewares/Third_Party/FreeRTOS/Source/timers.o
                0x000000000800bac4                xTimerGenericCommand
 .text.prvProcessExpiredTimer
                0x000000000800bb60       0x98 ./Middlewares/Third_Party/FreeRTOS/Source/timers.o
 .text.prvTimerTask
                0x000000000800bbf8       0x24 ./Middlewares/Third_Party/FreeRTOS/Source/timers.o
 .text.prvProcessTimerOrBlockTask
                0x000000000800bc1c       0x9c ./Middlewares/Third_Party/FreeRTOS/Source/timers.o
 .text.prvGetNextExpireTime
                0x000000000800bcb8       0x48 ./Middlewares/Third_Party/FreeRTOS/Source/timers.o
 .text.prvSampleTimeNow
                0x000000000800bd00       0x40 ./Middlewares/Third_Party/FreeRTOS/Source/timers.o
 .text.prvInsertTimerInActiveList
                0x000000000800bd40       0x84 ./Middlewares/Third_Party/FreeRTOS/Source/timers.o
 .text.prvProcessReceivedCommands
                0x000000000800bdc4      0x1c4 ./Middlewares/Third_Party/FreeRTOS/Source/timers.o
 .text.prvSwitchTimerLists
                0x000000000800bf88       0xc8 ./Middlewares/Third_Party/FreeRTOS/Source/timers.o
 .text.prvCheckForValidListAndQueue
                0x000000000800c050       0x80 ./Middlewares/Third_Party/FreeRTOS/Source/timers.o
 .text.pxPortInitialiseStack
                0x000000000800c0d0       0x68 ./Middlewares/Third_Party/FreeRTOS/Source/portable/GCC/ARM_CM4F/port.o
                0x000000000800c0d0                pxPortInitialiseStack
 .text.prvTaskExitError
                0x000000000800c138       0x58 ./Middlewares/Third_Party/FreeRTOS/Source/portable/GCC/ARM_CM4F/port.o
 .text.SVC_Handler
                0x000000000800c190       0x28 ./Middlewares/Third_Party/FreeRTOS/Source/portable/GCC/ARM_CM4F/port.o
                0x000000000800c190                SVC_Handler
 .text.prvPortStartFirstTask
                0x000000000800c1b8       0x28 ./Middlewares/Third_Party/FreeRTOS/Source/portable/GCC/ARM_CM4F/port.o
 .text.xPortStartScheduler
                0x000000000800c1e0      0x144 ./Middlewares/Third_Party/FreeRTOS/Source/portable/GCC/ARM_CM4F/port.o
                0x000000000800c1e0                xPortStartScheduler
 .text.vPortEnterCritical
                0x000000000800c324       0x60 ./Middlewares/Third_Party/FreeRTOS/Source/portable/GCC/ARM_CM4F/port.o
                0x000000000800c324                vPortEnterCritical
 .text.vPortExitCritical
                0x000000000800c384       0x54 ./Middlewares/Third_Party/FreeRTOS/Source/portable/GCC/ARM_CM4F/port.o
                0x000000000800c384                vPortExitCritical
 *fill*         0x000000000800c3d8        0x8 
 .text.PendSV_Handler
                0x000000000800c3e0       0x68 ./Middlewares/Third_Party/FreeRTOS/Source/portable/GCC/ARM_CM4F/port.o
                0x000000000800c3e0                PendSV_Handler
 .text.xPortSysTickHandler
                0x000000000800c448       0x44 ./Middlewares/Third_Party/FreeRTOS/Source/portable/GCC/ARM_CM4F/port.o
                0x000000000800c448                xPortSysTickHandler
 .text.vPortSetupTimerInterrupt
                0x000000000800c48c       0x48 ./Middlewares/Third_Party/FreeRTOS/Source/portable/GCC/ARM_CM4F/port.o
                0x000000000800c48c                vPortSetupTimerInterrupt
 .text.vPortEnableVFP
                0x000000000800c4d4       0x14 ./Middlewares/Third_Party/FreeRTOS/Source/portable/GCC/ARM_CM4F/port.o
 .text.vPortValidateInterruptPriority
                0x000000000800c4e8       0x80 ./Middlewares/Third_Party/FreeRTOS/Source/portable/GCC/ARM_CM4F/port.o
                0x000000000800c4e8                vPortValidateInterruptPriority
 .text.pvPortMalloc
                0x000000000800c568      0x198 ./Middlewares/Third_Party/FreeRTOS/Source/portable/MemMang/heap_4.o
                0x000000000800c568                pvPortMalloc
 .text.vPortFree
                0x000000000800c700       0xc4 ./Middlewares/Third_Party/FreeRTOS/Source/portable/MemMang/heap_4.o
                0x000000000800c700                vPortFree
 .text.prvHeapInit
                0x000000000800c7c4       0xc4 ./Middlewares/Third_Party/FreeRTOS/Source/portable/MemMang/heap_4.o
 .text.prvInsertBlockIntoFreeList
                0x000000000800c888       0xb4 ./Middlewares/Third_Party/FreeRTOS/Source/portable/MemMang/heap_4.o
 .text.__errno  0x000000000800c93c        0xc d:/stm32cubeide/stm32cubeide_1.11.2/stm32cubeide/plugins/com.st.stm32cube.ide.mcu.externaltools.gnu-tools-for-stm32.10.3-2021.10.win32_1.0.100.202210260954/tools/bin/../lib/gcc/arm-none-eabi/10.3.1/../../../../arm-none-eabi/lib/thumb/v7e-m+fp/hard\libc_nano.a(lib_a-errno.o)
                0x000000000800c93c                __errno
 .text.__libc_init_array
                0x000000000800c948       0x48 d:/stm32cubeide/stm32cubeide_1.11.2/stm32cubeide/plugins/com.st.stm32cube.ide.mcu.externaltools.gnu-tools-for-stm32.10.3-2021.10.win32_1.0.100.202210260954/tools/bin/../lib/gcc/arm-none-eabi/10.3.1/../../../../arm-none-eabi/lib/thumb/v7e-m+fp/hard\libc_nano.a(lib_a-init.o)
                0x000000000800c948                __libc_init_array
 .text.__retarget_lock_acquire_recursive
                0x000000000800c990        0x2 d:/stm32cubeide/stm32cubeide_1.11.2/stm32cubeide/plugins/com.st.stm32cube.ide.mcu.externaltools.gnu-tools-for-stm32.10.3-2021.10.win32_1.0.100.202210260954/tools/bin/../lib/gcc/arm-none-eabi/10.3.1/../../../../arm-none-eabi/lib/thumb/v7e-m+fp/hard\libc_nano.a(lib_a-lock.o)
                0x000000000800c990                __retarget_lock_acquire_recursive
 .text.__retarget_lock_release_recursive
                0x000000000800c992        0x2 d:/stm32cubeide/stm32cubeide_1.11.2/stm32cubeide/plugins/com.st.stm32cube.ide.mcu.externaltools.gnu-tools-for-stm32.10.3-2021.10.win32_1.0.100.202210260954/tools/bin/../lib/gcc/arm-none-eabi/10.3.1/../../../../arm-none-eabi/lib/thumb/v7e-m+fp/hard\libc_nano.a(lib_a-lock.o)
                0x000000000800c992                __retarget_lock_release_recursive
 .text.memcpy   0x000000000800c994       0x1c d:/stm32cubeide/stm32cubeide_1.11.2/stm32cubeide/plugins/com.st.stm32cube.ide.mcu.externaltools.gnu-tools-for-stm32.10.3-2021.10.win32_1.0.100.202210260954/tools/bin/../lib/gcc/arm-none-eabi/10.3.1/../../../../arm-none-eabi/lib/thumb/v7e-m+fp/hard\libc_nano.a(lib_a-memcpy-stub.o)
                0x000000000800c994                memcpy
 .text.memset   0x000000000800c9b0       0x10 d:/stm32cubeide/stm32cubeide_1.11.2/stm32cubeide/plugins/com.st.stm32cube.ide.mcu.externaltools.gnu-tools-for-stm32.10.3-2021.10.win32_1.0.100.202210260954/tools/bin/../lib/gcc/arm-none-eabi/10.3.1/../../../../arm-none-eabi/lib/thumb/v7e-m+fp/hard\libc_nano.a(lib_a-memset.o)
                0x000000000800c9b0                memset
 .text.cleanup_glue
                0x000000000800c9c0       0x1a d:/stm32cubeide/stm32cubeide_1.11.2/stm32cubeide/plugins/com.st.stm32cube.ide.mcu.externaltools.gnu-tools-for-stm32.10.3-2021.10.win32_1.0.100.202210260954/tools/bin/../lib/gcc/arm-none-eabi/10.3.1/../../../../arm-none-eabi/lib/thumb/v7e-m+fp/hard\libc_nano.a(lib_a-reent.o)
                0x000000000800c9c0                cleanup_glue
 *fill*         0x000000000800c9da        0x2 
 .text._reclaim_reent
                0x000000000800c9dc       0xb8 d:/stm32cubeide/stm32cubeide_1.11.2/stm32cubeide/plugins/com.st.stm32cube.ide.mcu.externaltools.gnu-tools-for-stm32.10.3-2021.10.win32_1.0.100.202210260954/tools/bin/../lib/gcc/arm-none-eabi/10.3.1/../../../../arm-none-eabi/lib/thumb/v7e-m+fp/hard\libc_nano.a(lib_a-reent.o)
                0x000000000800c9dc                _reclaim_reent
 .text.__malloc_lock
                0x000000000800ca94        0xc d:/stm32cubeide/stm32cubeide_1.11.2/stm32cubeide/plugins/com.st.stm32cube.ide.mcu.externaltools.gnu-tools-for-stm32.10.3-2021.10.win32_1.0.100.202210260954/tools/bin/../lib/gcc/arm-none-eabi/10.3.1/../../../../arm-none-eabi/lib/thumb/v7e-m+fp/hard\libc_nano.a(lib_a-mlock.o)
                0x000000000800ca94                __malloc_lock
 .text.__malloc_unlock
                0x000000000800caa0        0xc d:/stm32cubeide/stm32cubeide_1.11.2/stm32cubeide/plugins/com.st.stm32cube.ide.mcu.externaltools.gnu-tools-for-stm32.10.3-2021.10.win32_1.0.100.202210260954/tools/bin/../lib/gcc/arm-none-eabi/10.3.1/../../../../arm-none-eabi/lib/thumb/v7e-m+fp/hard\libc_nano.a(lib_a-mlock.o)
                0x000000000800caa0                __malloc_unlock
 .text._free_r  0x000000000800caac       0x98 d:/stm32cubeide/stm32cubeide_1.11.2/stm32cubeide/plugins/com.st.stm32cube.ide.mcu.externaltools.gnu-tools-for-stm32.10.3-2021.10.win32_1.0.100.202210260954/tools/bin/../lib/gcc/arm-none-eabi/10.3.1/../../../../arm-none-eabi/lib/thumb/v7e-m+fp/hard\libc_nano.a(lib_a-nano-freer.o)
                0x000000000800caac                _free_r
 .text.asinf    0x000000000800cb44       0x58 d:/stm32cubeide/stm32cubeide_1.11.2/stm32cubeide/plugins/com.st.stm32cube.ide.mcu.externaltools.gnu-tools-for-stm32.10.3-2021.10.win32_1.0.100.202210260954/tools/bin/../lib/gcc/arm-none-eabi/10.3.1/../../../../arm-none-eabi/lib/thumb/v7e-m+fp/hard\libm.a(lib_a-wf_asin.o)
                0x000000000800cb44                asinf
 .text.atan2f   0x000000000800cb9c        0x4 d:/stm32cubeide/stm32cubeide_1.11.2/stm32cubeide/plugins/com.st.stm32cube.ide.mcu.externaltools.gnu-tools-for-stm32.10.3-2021.10.win32_1.0.100.202210260954/tools/bin/../lib/gcc/arm-none-eabi/10.3.1/../../../../arm-none-eabi/lib/thumb/v7e-m+fp/hard\libm.a(lib_a-wf_atan2.o)
                0x000000000800cb9c                atan2f
 .text.__ieee754_asinf
                0x000000000800cba0      0x1cc d:/stm32cubeide/stm32cubeide_1.11.2/stm32cubeide/plugins/com.st.stm32cube.ide.mcu.externaltools.gnu-tools-for-stm32.10.3-2021.10.win32_1.0.100.202210260954/tools/bin/../lib/gcc/arm-none-eabi/10.3.1/../../../../arm-none-eabi/lib/thumb/v7e-m+fp/hard\libm.a(lib_a-ef_asin.o)
                0x000000000800cba0                __ieee754_asinf
 .text.__ieee754_atan2f
                0x000000000800cd6c      0x140 d:/stm32cubeide/stm32cubeide_1.11.2/stm32cubeide/plugins/com.st.stm32cube.ide.mcu.externaltools.gnu-tools-for-stm32.10.3-2021.10.win32_1.0.100.202210260954/tools/bin/../lib/gcc/arm-none-eabi/10.3.1/../../../../arm-none-eabi/lib/thumb/v7e-m+fp/hard\libm.a(lib_a-ef_atan2.o)
                0x000000000800cd6c                __ieee754_atan2f
 .text.__ieee754_sqrtf
                0x000000000800ceac        0x6 d:/stm32cubeide/stm32cubeide_1.11.2/stm32cubeide/plugins/com.st.stm32cube.ide.mcu.externaltools.gnu-tools-for-stm32.10.3-2021.10.win32_1.0.100.202210260954/tools/bin/../lib/gcc/arm-none-eabi/10.3.1/../../../../arm-none-eabi/lib/thumb/v7e-m+fp/hard\libm.a(lib_a-ef_sqrt.o)
                0x000000000800ceac                __ieee754_sqrtf
 *fill*         0x000000000800ceb2        0x2 
 .text.atanf    0x000000000800ceb4      0x1a8 d:/stm32cubeide/stm32cubeide_1.11.2/stm32cubeide/plugins/com.st.stm32cube.ide.mcu.externaltools.gnu-tools-for-stm32.10.3-2021.10.win32_1.0.100.202210260954/tools/bin/../lib/gcc/arm-none-eabi/10.3.1/../../../../arm-none-eabi/lib/thumb/v7e-m+fp/hard\libm.a(lib_a-sf_atan.o)
                0x000000000800ceb4                atanf
 .text.fabsf    0x000000000800d05c        0xe d:/stm32cubeide/stm32cubeide_1.11.2/stm32cubeide/plugins/com.st.stm32cube.ide.mcu.externaltools.gnu-tools-for-stm32.10.3-2021.10.win32_1.0.100.202210260954/tools/bin/../lib/gcc/arm-none-eabi/10.3.1/../../../../arm-none-eabi/lib/thumb/v7e-m+fp/hard\libm.a(lib_a-sf_fabs.o)
                0x000000000800d05c                fabsf
 *fill*         0x000000000800d06a        0x2 
 .text.nanf     0x000000000800d06c        0xc d:/stm32cubeide/stm32cubeide_1.11.2/stm32cubeide/plugins/com.st.stm32cube.ide.mcu.externaltools.gnu-tools-for-stm32.10.3-2021.10.win32_1.0.100.202210260954/tools/bin/../lib/gcc/arm-none-eabi/10.3.1/../../../../arm-none-eabi/lib/thumb/v7e-m+fp/hard\libm.a(lib_a-sf_nan.o)
                0x000000000800d06c                nanf
 *(.glue_7)
 .glue_7        0x000000000800d078        0x0 linker stubs
 *(.glue_7t)
 .glue_7t       0x000000000800d078        0x0 linker stubs
 *(.eh_frame)
 .eh_frame      0x000000000800d078        0x0 d:/stm32cubeide/stm32cubeide_1.11.2/stm32cubeide/plugins/com.st.stm32cube.ide.mcu.externaltools.gnu-tools-for-stm32.10.3-2021.10.win32_1.0.100.202210260954/tools/bin/../lib/gcc/arm-none-eabi/10.3.1/thumb/v7e-m+fp/hard/crtbegin.o
 *(.init)
 .init          0x000000000800d078        0x4 d:/stm32cubeide/stm32cubeide_1.11.2/stm32cubeide/plugins/com.st.stm32cube.ide.mcu.externaltools.gnu-tools-for-stm32.10.3-2021.10.win32_1.0.100.202210260954/tools/bin/../lib/gcc/arm-none-eabi/10.3.1/thumb/v7e-m+fp/hard/crti.o
                0x000000000800d078                _init
 .init          0x000000000800d07c        0x8 d:/stm32cubeide/stm32cubeide_1.11.2/stm32cubeide/plugins/com.st.stm32cube.ide.mcu.externaltools.gnu-tools-for-stm32.10.3-2021.10.win32_1.0.100.202210260954/tools/bin/../lib/gcc/arm-none-eabi/10.3.1/thumb/v7e-m+fp/hard/crtn.o
 *(.fini)
 .fini          0x000000000800d084        0x4 d:/stm32cubeide/stm32cubeide_1.11.2/stm32cubeide/plugins/com.st.stm32cube.ide.mcu.externaltools.gnu-tools-for-stm32.10.3-2021.10.win32_1.0.100.202210260954/tools/bin/../lib/gcc/arm-none-eabi/10.3.1/thumb/v7e-m+fp/hard/crti.o
                0x000000000800d084                _fini
 .fini          0x000000000800d088        0x8 d:/stm32cubeide/stm32cubeide_1.11.2/stm32cubeide/plugins/com.st.stm32cube.ide.mcu.externaltools.gnu-tools-for-stm32.10.3-2021.10.win32_1.0.100.202210260954/tools/bin/../lib/gcc/arm-none-eabi/10.3.1/thumb/v7e-m+fp/hard/crtn.o
                0x000000000800d090                . = ALIGN (0x4)
                0x000000000800d090                _etext = .

.vfp11_veneer   0x000000000800d090        0x0
 .vfp11_veneer  0x000000000800d090        0x0 linker stubs

.v4_bx          0x000000000800d090        0x0
 .v4_bx         0x000000000800d090        0x0 linker stubs

.iplt           0x000000000800d090        0x0
 .iplt          0x000000000800d090        0x0 d:/stm32cubeide/stm32cubeide_1.11.2/stm32cubeide/plugins/com.st.stm32cube.ide.mcu.externaltools.gnu-tools-for-stm32.10.3-2021.10.win32_1.0.100.202210260954/tools/bin/../lib/gcc/arm-none-eabi/10.3.1/thumb/v7e-m+fp/hard/crtbegin.o

.rodata         0x000000000800d090      0x230
                0x000000000800d090                . = ALIGN (0x4)
 *(.rodata)
 .rodata        0x000000000800d090       0x5d ./Core/Src/freertos.o
 *fill*         0x000000000800d0ed        0x3 
 .rodata        0x000000000800d0f0        0x5 ./Middlewares/Third_Party/FreeRTOS/Source/tasks.o
 *fill*         0x000000000800d0f5        0x3 
 .rodata        0x000000000800d0f8        0xd ./Middlewares/Third_Party/FreeRTOS/Source/timers.o
 *(.rodata*)
 *fill*         0x000000000800d105        0x3 
 .rodata.defaultTask_attributes
                0x000000000800d108       0x24 ./Core/Src/freertos.o
                0x000000000800d108                defaultTask_attributes
 .rodata.SendMessage_attributes
                0x000000000800d12c       0x24 ./Core/Src/freertos.o
                0x000000000800d12c                SendMessage_attributes
 .rodata.ReceiveMessage_attributes
                0x000000000800d150       0x24 ./Core/Src/freertos.o
                0x000000000800d150                ReceiveMessage_attributes
 .rodata.ChangeTarget_attributes
                0x000000000800d174       0x24 ./Core/Src/freertos.o
                0x000000000800d174                ChangeTarget_attributes
 .rodata.PWM_Test_attributes
                0x000000000800d198       0x24 ./Core/Src/freertos.o
                0x000000000800d198                PWM_Test_attributes
 .rodata.IMU_Read_attributes
                0x000000000800d1bc       0x24 ./Core/Src/freertos.o
                0x000000000800d1bc                IMU_Read_attributes
 .rodata.Chassis_task_attributes
                0x000000000800d1e0       0x24 ./Core/Src/freertos.o
                0x000000000800d1e0                Chassis_task_attributes
 .rodata.AHBPrescTable
                0x000000000800d204       0x10 ./Core/Src/system_stm32f4xx.o
                0x000000000800d204                AHBPrescTable
 .rodata.APBPrescTable
                0x000000000800d214        0x8 ./Core/Src/system_stm32f4xx.o
                0x000000000800d214                APBPrescTable
 .rodata.flagBitshiftOffset.0
                0x000000000800d21c        0x8 ./Drivers/STM32F4xx_HAL_Driver/Src/stm32f4xx_hal_dma.o
 .rodata.__sf_fake_stderr
                0x000000000800d224       0x20 d:/stm32cubeide/stm32cubeide_1.11.2/stm32cubeide/plugins/com.st.stm32cube.ide.mcu.externaltools.gnu-tools-for-stm32.10.3-2021.10.win32_1.0.100.202210260954/tools/bin/../lib/gcc/arm-none-eabi/10.3.1/../../../../arm-none-eabi/lib/thumb/v7e-m+fp/hard\libc_nano.a(lib_a-findfp.o)
                0x000000000800d224                __sf_fake_stderr
 .rodata.__sf_fake_stdin
                0x000000000800d244       0x20 d:/stm32cubeide/stm32cubeide_1.11.2/stm32cubeide/plugins/com.st.stm32cube.ide.mcu.externaltools.gnu-tools-for-stm32.10.3-2021.10.win32_1.0.100.202210260954/tools/bin/../lib/gcc/arm-none-eabi/10.3.1/../../../../arm-none-eabi/lib/thumb/v7e-m+fp/hard\libc_nano.a(lib_a-findfp.o)
                0x000000000800d244                __sf_fake_stdin
 .rodata.__sf_fake_stdout
                0x000000000800d264       0x20 d:/stm32cubeide/stm32cubeide_1.11.2/stm32cubeide/plugins/com.st.stm32cube.ide.mcu.externaltools.gnu-tools-for-stm32.10.3-2021.10.win32_1.0.100.202210260954/tools/bin/../lib/gcc/arm-none-eabi/10.3.1/../../../../arm-none-eabi/lib/thumb/v7e-m+fp/hard\libc_nano.a(lib_a-findfp.o)
                0x000000000800d264                __sf_fake_stdout
 .rodata.asinf.str1.1
                0x000000000800d284        0x1 d:/stm32cubeide/stm32cubeide_1.11.2/stm32cubeide/plugins/com.st.stm32cube.ide.mcu.externaltools.gnu-tools-for-stm32.10.3-2021.10.win32_1.0.100.202210260954/tools/bin/../lib/gcc/arm-none-eabi/10.3.1/../../../../arm-none-eabi/lib/thumb/v7e-m+fp/hard\libm.a(lib_a-wf_asin.o)
 *fill*         0x000000000800d285        0x3 
 .rodata.CSWTCH.8
                0x000000000800d288        0xc d:/stm32cubeide/stm32cubeide_1.11.2/stm32cubeide/plugins/com.st.stm32cube.ide.mcu.externaltools.gnu-tools-for-stm32.10.3-2021.10.win32_1.0.100.202210260954/tools/bin/../lib/gcc/arm-none-eabi/10.3.1/../../../../arm-none-eabi/lib/thumb/v7e-m+fp/hard\libm.a(lib_a-ef_atan2.o)
 .rodata.CSWTCH.9
                0x000000000800d294        0xc d:/stm32cubeide/stm32cubeide_1.11.2/stm32cubeide/plugins/com.st.stm32cube.ide.mcu.externaltools.gnu-tools-for-stm32.10.3-2021.10.win32_1.0.100.202210260954/tools/bin/../lib/gcc/arm-none-eabi/10.3.1/../../../../arm-none-eabi/lib/thumb/v7e-m+fp/hard\libm.a(lib_a-ef_atan2.o)
 .rodata.atanhi
                0x000000000800d2a0       0x10 d:/stm32cubeide/stm32cubeide_1.11.2/stm32cubeide/plugins/com.st.stm32cube.ide.mcu.externaltools.gnu-tools-for-stm32.10.3-2021.10.win32_1.0.100.202210260954/tools/bin/../lib/gcc/arm-none-eabi/10.3.1/../../../../arm-none-eabi/lib/thumb/v7e-m+fp/hard\libm.a(lib_a-sf_atan.o)
 .rodata.atanlo
                0x000000000800d2b0       0x10 d:/stm32cubeide/stm32cubeide_1.11.2/stm32cubeide/plugins/com.st.stm32cube.ide.mcu.externaltools.gnu-tools-for-stm32.10.3-2021.10.win32_1.0.100.202210260954/tools/bin/../lib/gcc/arm-none-eabi/10.3.1/../../../../arm-none-eabi/lib/thumb/v7e-m+fp/hard\libm.a(lib_a-sf_atan.o)
                0x000000000800d2c0                . = ALIGN (0x4)

.ARM.extab      0x000000000800d2c0        0x0
                0x000000000800d2c0                . = ALIGN (0x4)
 *(.ARM.extab* .gnu.linkonce.armextab.*)
                0x000000000800d2c0                . = ALIGN (0x4)

.ARM            0x000000000800d2c0        0x8
                0x000000000800d2c0                . = ALIGN (0x4)
                0x000000000800d2c0                __exidx_start = .
 *(.ARM.exidx*)
 .ARM.exidx     0x000000000800d2c0        0x8 d:/stm32cubeide/stm32cubeide_1.11.2/stm32cubeide/plugins/com.st.stm32cube.ide.mcu.externaltools.gnu-tools-for-stm32.10.3-2021.10.win32_1.0.100.202210260954/tools/bin/../lib/gcc/arm-none-eabi/10.3.1/thumb/v7e-m+fp/hard\libgcc.a(_udivmoddi4.o)
                0x000000000800d2c8                __exidx_end = .
                0x000000000800d2c8                . = ALIGN (0x4)

.rel.dyn        0x000000000800d2c8        0x0
 .rel.iplt      0x000000000800d2c8        0x0 d:/stm32cubeide/stm32cubeide_1.11.2/stm32cubeide/plugins/com.st.stm32cube.ide.mcu.externaltools.gnu-tools-for-stm32.10.3-2021.10.win32_1.0.100.202210260954/tools/bin/../lib/gcc/arm-none-eabi/10.3.1/thumb/v7e-m+fp/hard/crtbegin.o

.preinit_array  0x000000000800d2c8        0x0
                0x000000000800d2c8                . = ALIGN (0x4)
                0x000000000800d2c8                PROVIDE (__preinit_array_start = .)
 *(.preinit_array*)
                0x000000000800d2c8                PROVIDE (__preinit_array_end = .)
                0x000000000800d2c8                . = ALIGN (0x4)

.init_array     0x000000000800d2c8        0x4
                0x000000000800d2c8                . = ALIGN (0x4)
                0x000000000800d2c8                PROVIDE (__init_array_start = .)
 *(SORT_BY_NAME(.init_array.*))
 *(.init_array*)
 .init_array    0x000000000800d2c8        0x4 d:/stm32cubeide/stm32cubeide_1.11.2/stm32cubeide/plugins/com.st.stm32cube.ide.mcu.externaltools.gnu-tools-for-stm32.10.3-2021.10.win32_1.0.100.202210260954/tools/bin/../lib/gcc/arm-none-eabi/10.3.1/thumb/v7e-m+fp/hard/crtbegin.o
                0x000000000800d2cc                PROVIDE (__init_array_end = .)
                0x000000000800d2cc                . = ALIGN (0x4)

.fini_array     0x000000000800d2cc        0x4
                0x000000000800d2cc                . = ALIGN (0x4)
                [!provide]                        PROVIDE (__fini_array_start = .)
 *(SORT_BY_NAME(.fini_array.*))
 *(.fini_array*)
 .fini_array    0x000000000800d2cc        0x4 d:/stm32cubeide/stm32cubeide_1.11.2/stm32cubeide/plugins/com.st.stm32cube.ide.mcu.externaltools.gnu-tools-for-stm32.10.3-2021.10.win32_1.0.100.202210260954/tools/bin/../lib/gcc/arm-none-eabi/10.3.1/thumb/v7e-m+fp/hard/crtbegin.o
                [!provide]                        PROVIDE (__fini_array_end = .)
                0x000000000800d2d0                . = ALIGN (0x4)
                0x000000000800d2d0                _sidata = LOADADDR (.data)

.data           0x0000000020000000      0x1b8 load address 0x000000000800d2d0
                0x0000000020000000                . = ALIGN (0x4)
                0x0000000020000000                _sdata = .
 *(.data)
 *(.data*)
 .data.twoKp    0x0000000020000000        0x4 ./Core/Src/MahonyAHRS.o
                0x0000000020000000                twoKp
 .data.PID_SpeedCtrl_Config
                0x0000000020000004       0xa0 ./Core/Src/pid.o
                0x0000000020000004                PID_SpeedCtrl_Config
 .data.PID_AngleCtrl_Config
                0x00000000200000a4       0xa0 ./Core/Src/pid.o
                0x00000000200000a4                PID_AngleCtrl_Config
 .data.SystemCoreClock
                0x0000000020000144        0x4 ./Core/Src/system_stm32f4xx.o
                0x0000000020000144                SystemCoreClock
 .data.uwTickPrio
                0x0000000020000148        0x4 ./Drivers/STM32F4xx_HAL_Driver/Src/stm32f4xx_hal.o
                0x0000000020000148                uwTickPrio
 .data.uwTickFreq
                0x000000002000014c        0x1 ./Drivers/STM32F4xx_HAL_Driver/Src/stm32f4xx_hal.o
                0x000000002000014c                uwTickFreq
 *fill*         0x000000002000014d        0x3 
 .data.uxCriticalNesting
                0x0000000020000150        0x4 ./Middlewares/Third_Party/FreeRTOS/Source/portable/GCC/ARM_CM4F/port.o
 .data._impure_ptr
                0x0000000020000154        0x4 d:/stm32cubeide/stm32cubeide_1.11.2/stm32cubeide/plugins/com.st.stm32cube.ide.mcu.externaltools.gnu-tools-for-stm32.10.3-2021.10.win32_1.0.100.202210260954/tools/bin/../lib/gcc/arm-none-eabi/10.3.1/../../../../arm-none-eabi/lib/thumb/v7e-m+fp/hard\libc_nano.a(lib_a-impure.o)
                0x0000000020000154                _impure_ptr
 .data.impure_data
                0x0000000020000158       0x60 d:/stm32cubeide/stm32cubeide_1.11.2/stm32cubeide/plugins/com.st.stm32cube.ide.mcu.externaltools.gnu-tools-for-stm32.10.3-2021.10.win32_1.0.100.202210260954/tools/bin/../lib/gcc/arm-none-eabi/10.3.1/../../../../arm-none-eabi/lib/thumb/v7e-m+fp/hard\libc_nano.a(lib_a-impure.o)
 *(.RamFunc)
 *(.RamFunc*)
                0x00000000200001b8                . = ALIGN (0x4)
                0x00000000200001b8                _edata = .
                0x000000000800d488                _siccmram = LOADADDR (.ccmram)

.igot.plt       0x00000000200001b8        0x0 load address 0x000000000800d488
 .igot.plt      0x00000000200001b8        0x0 d:/stm32cubeide/stm32cubeide_1.11.2/stm32cubeide/plugins/com.st.stm32cube.ide.mcu.externaltools.gnu-tools-for-stm32.10.3-2021.10.win32_1.0.100.202210260954/tools/bin/../lib/gcc/arm-none-eabi/10.3.1/thumb/v7e-m+fp/hard/crtbegin.o

.ccmram         0x0000000010000000        0x0 load address 0x000000000800d488
                0x0000000010000000                . = ALIGN (0x4)
                0x0000000010000000                _sccmram = .
 *(.ccmram)
 *(.ccmram*)
                0x0000000010000000                . = ALIGN (0x4)
                0x0000000010000000                _eccmram = .
                0x0000000010000000                . = ALIGN (0x4)

.bss            0x00000000200001b8     0x5408
                0x00000000200001b8                _sbss = .
                0x00000000200001b8                __bss_start__ = _sbss
 *(.bss)
 .bss           0x00000000200001b8       0x1c d:/stm32cubeide/stm32cubeide_1.11.2/stm32cubeide/plugins/com.st.stm32cube.ide.mcu.externaltools.gnu-tools-for-stm32.10.3-2021.10.win32_1.0.100.202210260954/tools/bin/../lib/gcc/arm-none-eabi/10.3.1/thumb/v7e-m+fp/hard/crtbegin.o
 *(.bss*)
 .bss.Chassis_ctrl
                0x00000000200001d4        0x8 ./Core/Src/Chassis.o
                0x00000000200001d4                Chassis_ctrl
 .bss.speed_x   0x00000000200001dc        0x4 ./Core/Src/Chassis.o
                0x00000000200001dc                speed_x
 .bss.speed_y   0x00000000200001e0        0x4 ./Core/Src/Chassis.o
                0x00000000200001e0                speed_y
 .bss.omega     0x00000000200001e4        0x4 ./Core/Src/Chassis.o
                0x00000000200001e4                omega
 .bss.Chassis_Power
                0x00000000200001e8        0x4 ./Core/Src/Chassis.o
                0x00000000200001e8                Chassis_Power
 .bss.imu_data  0x00000000200001ec       0x38 ./Core/Src/IMU.o
                0x00000000200001ec                imu_data
 .bss.imu_gyro  0x0000000020000224        0xc ./Core/Src/IMU.o
                0x0000000020000224                imu_gyro
 .bss.imu_accel
                0x0000000020000230        0xc ./Core/Src/IMU.o
                0x0000000020000230                imu_accel
 .bss.spi_TxData
                0x000000002000023c        0x1 ./Core/Src/IMU.o
                0x000000002000023c                spi_TxData
 .bss.spi_RxData
                0x000000002000023d        0x1 ./Core/Src/IMU.o
                0x000000002000023d                spi_RxData
 *fill*         0x000000002000023e        0x2 
 .bss.twoKi     0x0000000020000240        0x4 ./Core/Src/MahonyAHRS.o
                0x0000000020000240                twoKi
 .bss.integralFBx
                0x0000000020000244        0x4 ./Core/Src/MahonyAHRS.o
                0x0000000020000244                integralFBx
 .bss.integralFBy
                0x0000000020000248        0x4 ./Core/Src/MahonyAHRS.o
                0x0000000020000248                integralFBy
 .bss.integralFBz
                0x000000002000024c        0x4 ./Core/Src/MahonyAHRS.o
                0x000000002000024c                integralFBz
 .bss.Can_RxData
                0x0000000020000250        0x8 ./Core/Src/can.o
                0x0000000020000250                Can_RxData
 .bss.Can_TxData
                0x0000000020000258        0x8 ./Core/Src/can.o
                0x0000000020000258                Can_TxData
 .bss.Can_cmdHeader
                0x0000000020000260       0xc0 ./Core/Src/can.o
                0x0000000020000260                Can_cmdHeader
 .bss.Can_recHeader
                0x0000000020000320       0xe0 ./Core/Src/can.o
                0x0000000020000320                Can_recHeader
 .bss.sCan_RxHeader
                0x0000000020000400       0x1c ./Core/Src/can.o
                0x0000000020000400                sCan_RxHeader
 .bss.hcan1     0x000000002000041c       0x28 ./Core/Src/can.o
                0x000000002000041c                hcan1
 .bss.defaultTaskHandle
                0x0000000020000444        0x4 ./Core/Src/freertos.o
                0x0000000020000444                defaultTaskHandle
 .bss.SendMessageHandle
                0x0000000020000448        0x4 ./Core/Src/freertos.o
                0x0000000020000448                SendMessageHandle
 .bss.ReceiveMessageHandle
                0x000000002000044c        0x4 ./Core/Src/freertos.o
                0x000000002000044c                ReceiveMessageHandle
 .bss.ChangeTargetHandle
                0x0000000020000450        0x4 ./Core/Src/freertos.o
                0x0000000020000450                ChangeTargetHandle
 .bss.PWM_TestHandle
                0x0000000020000454        0x4 ./Core/Src/freertos.o
                0x0000000020000454                PWM_TestHandle
 .bss.IMU_ReadHandle
                0x0000000020000458        0x4 ./Core/Src/freertos.o
                0x0000000020000458                IMU_ReadHandle
 .bss.Chassis_taskHandle
                0x000000002000045c        0x4 ./Core/Src/freertos.o
                0x000000002000045c                Chassis_taskHandle
 .bss.temp_yaw.2
                0x0000000020000460        0x2 ./Core/Src/freertos.o
 .bss.temp_pitch.1
                0x0000000020000462        0x2 ./Core/Src/freertos.o
 .bss.temp_ammofeed.0
                0x0000000020000464        0x2 ./Core/Src/freertos.o
 *fill*         0x0000000020000466        0x2 
 .bss.Klm_Motor
                0x0000000020000468       0xa8 ./Core/Src/kalman.o
                0x0000000020000468                Klm_Motor
 .bss.imu_fliter
                0x0000000020000510       0x90 ./Core/Src/kalman.o
                0x0000000020000510                imu_fliter
 .bss.PID_Motor_Speed
                0x00000000200005a0      0x180 ./Core/Src/pid.o
                0x00000000200005a0                PID_Motor_Speed
 .bss.PID_Motor_Angle
                0x0000000020000720      0x180 ./Core/Src/pid.o
                0x0000000020000720                PID_Motor_Angle
 .bss.Motor     0x00000000200008a0       0xa0 ./Core/Src/pid.o
                0x00000000200008a0                Motor
 .bss.RC_Ctl    0x0000000020000940       0x16 ./Core/Src/remote.o
                0x0000000020000940                RC_Ctl
 *fill*         0x0000000020000956        0x2 
 .bss.RC_buff   0x0000000020000958       0x12 ./Core/Src/remote.o
                0x0000000020000958                RC_buff
 *fill*         0x000000002000096a        0x2 
 .bss.hspi1     0x000000002000096c       0x58 ./Core/Src/spi.o
                0x000000002000096c                hspi1
 .bss.htim6     0x00000000200009c4       0x48 ./Core/Src/stm32f4xx_hal_timebase_tim.o
                0x00000000200009c4                htim6
 .bss.htim1     0x0000000020000a0c       0x48 ./Core/Src/tim.o
                0x0000000020000a0c                htim1
 .bss.htim5     0x0000000020000a54       0x48 ./Core/Src/tim.o
                0x0000000020000a54                htim5
 .bss.huart1    0x0000000020000a9c       0x44 ./Core/Src/usart.o
                0x0000000020000a9c                huart1
 .bss.huart3    0x0000000020000ae0       0x44 ./Core/Src/usart.o
                0x0000000020000ae0                huart3
 .bss.hdma_usart3_rx
                0x0000000020000b24       0x60 ./Core/Src/usart.o
                0x0000000020000b24                hdma_usart3_rx
 .bss.uwTick    0x0000000020000b84        0x4 ./Drivers/STM32F4xx_HAL_Driver/Src/stm32f4xx_hal.o
                0x0000000020000b84                uwTick
 .bss.pFlash    0x0000000020000b88       0x20 ./Drivers/STM32F4xx_HAL_Driver/Src/stm32f4xx_hal_flash.o
                0x0000000020000b88                pFlash
 .bss.KernelState
                0x0000000020000ba8        0x4 ./Middlewares/Third_Party/FreeRTOS/Source/CMSIS_RTOS_V2/cmsis_os2.o
 .bss.Idle_TCB.3
                0x0000000020000bac       0xbc ./Middlewares/Third_Party/FreeRTOS/Source/CMSIS_RTOS_V2/cmsis_os2.o
 .bss.Idle_Stack.2
                0x0000000020000c68      0x200 ./Middlewares/Third_Party/FreeRTOS/Source/CMSIS_RTOS_V2/cmsis_os2.o
 .bss.Timer_TCB.1
                0x0000000020000e68       0xbc ./Middlewares/Third_Party/FreeRTOS/Source/CMSIS_RTOS_V2/cmsis_os2.o
 .bss.Timer_Stack.0
                0x0000000020000f24      0x400 ./Middlewares/Third_Party/FreeRTOS/Source/CMSIS_RTOS_V2/cmsis_os2.o
 .bss.xQueueRegistry
                0x0000000020001324       0x40 ./Middlewares/Third_Party/FreeRTOS/Source/queue.o
                0x0000000020001324                xQueueRegistry
 .bss.pxCurrentTCB
                0x0000000020001364        0x4 ./Middlewares/Third_Party/FreeRTOS/Source/tasks.o
                0x0000000020001364                pxCurrentTCB
 .bss.pxReadyTasksLists
                0x0000000020001368      0x460 ./Middlewares/Third_Party/FreeRTOS/Source/tasks.o
 .bss.xDelayedTaskList1
                0x00000000200017c8       0x14 ./Middlewares/Third_Party/FreeRTOS/Source/tasks.o
 .bss.xDelayedTaskList2
                0x00000000200017dc       0x14 ./Middlewares/Third_Party/FreeRTOS/Source/tasks.o
 .bss.pxDelayedTaskList
                0x00000000200017f0        0x4 ./Middlewares/Third_Party/FreeRTOS/Source/tasks.o
 .bss.pxOverflowDelayedTaskList
                0x00000000200017f4        0x4 ./Middlewares/Third_Party/FreeRTOS/Source/tasks.o
 .bss.xPendingReadyList
                0x00000000200017f8       0x14 ./Middlewares/Third_Party/FreeRTOS/Source/tasks.o
 .bss.xTasksWaitingTermination
                0x000000002000180c       0x14 ./Middlewares/Third_Party/FreeRTOS/Source/tasks.o
 .bss.uxDeletedTasksWaitingCleanUp
                0x0000000020001820        0x4 ./Middlewares/Third_Party/FreeRTOS/Source/tasks.o
 .bss.xSuspendedTaskList