Archive member included to satisfy reference by file (symbol)

d:/cubeide/stm32cubeide_1.10.1/stm32cubeide/plugins/com.st.stm32cube.ide.mcu.externaltools.gnu-tools-for-stm32.10.3-2021.10.win32_1.0.0.202111181127/tools/bin/../lib/gcc/arm-none-eabi/10.3.1/../../../../arm-none-eabi/lib/thumb/v7e-m+fp/hard\libc_nano.a(lib_a-errno.o)
                              ./Core/Src/syscalls.o (__errno)
d:/cubeide/stm32cubeide_1.10.1/stm32cubeide/plugins/com.st.stm32cube.ide.mcu.externaltools.gnu-tools-for-stm32.10.3-2021.10.win32_1.0.0.202111181127/tools/bin/../lib/gcc/arm-none-eabi/10.3.1/../../../../arm-none-eabi/lib/thumb/v7e-m+fp/hard\libc_nano.a(lib_a-exit.o)
                              d:/cubeide/stm32cubeide_1.10.1/stm32cubeide/plugins/com.st.stm32cube.ide.mcu.externaltools.gnu-tools-for-stm32.10.3-2021.10.win32_1.0.0.202111181127/tools/bin/../lib/gcc/arm-none-eabi/10.3.1/../../../../arm-none-eabi/lib/thumb/v7e-m+fp/hard/crt0.o (exit)
d:/cubeide/stm32cubeide_1.10.1/stm32cubeide/plugins/com.st.stm32cube.ide.mcu.externaltools.gnu-tools-for-stm32.10.3-2021.10.win32_1.0.0.202111181127/tools/bin/../lib/gcc/arm-none-eabi/10.3.1/../../../../arm-none-eabi/lib/thumb/v7e-m+fp/hard\libc_nano.a(lib_a-findfp.o)
                              ./Middlewares/Third_Party/FreeRTOS/Source/tasks.o (__sf_fake_stderr)
d:/cubeide/stm32cubeide_1.10.1/stm32cubeide/plugins/com.st.stm32cube.ide.mcu.externaltools.gnu-tools-for-stm32.10.3-2021.10.win32_1.0.0.202111181127/tools/bin/../lib/gcc/arm-none-eabi/10.3.1/../../../../arm-none-eabi/lib/thumb/v7e-m+fp/hard\libc_nano.a(lib_a-fwalk.o)
                              d:/cubeide/stm32cubeide_1.10.1/stm32cubeide/plugins/com.st.stm32cube.ide.mcu.externaltools.gnu-tools-for-stm32.10.3-2021.10.win32_1.0.0.202111181127/tools/bin/../lib/gcc/arm-none-eabi/10.3.1/../../../../arm-none-eabi/lib/thumb/v7e-m+fp/hard\libc_nano.a(lib_a-findfp.o) (_fwalk)
d:/cubeide/stm32cubeide_1.10.1/stm32cubeide/plugins/com.st.stm32cube.ide.mcu.externaltools.gnu-tools-for-stm32.10.3-2021.10.win32_1.0.0.202111181127/tools/bin/../lib/gcc/arm-none-eabi/10.3.1/../../../../arm-none-eabi/lib/thumb/v7e-m+fp/hard\libc_nano.a(lib_a-impure.o)
                              d:/cubeide/stm32cubeide_1.10.1/stm32cubeide/plugins/com.st.stm32cube.ide.mcu.externaltools.gnu-tools-for-stm32.10.3-2021.10.win32_1.0.0.202111181127/tools/bin/../lib/gcc/arm-none-eabi/10.3.1/../../../../arm-none-eabi/lib/thumb/v7e-m+fp/hard\libc_nano.a(lib_a-exit.o) (_global_impure_ptr)
d:/cubeide/stm32cubeide_1.10.1/stm32cubeide/plugins/com.st.stm32cube.ide.mcu.externaltools.gnu-tools-for-stm32.10.3-2021.10.win32_1.0.0.202111181127/tools/bin/../lib/gcc/arm-none-eabi/10.3.1/../../../../arm-none-eabi/lib/thumb/v7e-m+fp/hard\libc_nano.a(lib_a-init.o)
                              d:/cubeide/stm32cubeide_1.10.1/stm32cubeide/plugins/com.st.stm32cube.ide.mcu.externaltools.gnu-tools-for-stm32.10.3-2021.10.win32_1.0.0.202111181127/tools/bin/../lib/gcc/arm-none-eabi/10.3.1/../../../../arm-none-eabi/lib/thumb/v7e-m+fp/hard/crt0.o (__libc_init_array)
d:/cubeide/stm32cubeide_1.10.1/stm32cubeide/plugins/com.st.stm32cube.ide.mcu.externaltools.gnu-tools-for-stm32.10.3-2021.10.win32_1.0.0.202111181127/tools/bin/../lib/gcc/arm-none-eabi/10.3.1/../../../../arm-none-eabi/lib/thumb/v7e-m+fp/hard\libc_nano.a(lib_a-lock.o)
                              d:/cubeide/stm32cubeide_1.10.1/stm32cubeide/plugins/com.st.stm32cube.ide.mcu.externaltools.gnu-tools-for-stm32.10.3-2021.10.win32_1.0.0.202111181127/tools/bin/../lib/gcc/arm-none-eabi/10.3.1/../../../../arm-none-eabi/lib/thumb/v7e-m+fp/hard\libc_nano.a(lib_a-findfp.o) (__retarget_lock_init_recursive)
d:/cubeide/stm32cubeide_1.10.1/stm32cubeide/plugins/com.st.stm32cube.ide.mcu.externaltools.gnu-tools-for-stm32.10.3-2021.10.win32_1.0.0.202111181127/tools/bin/../lib/gcc/arm-none-eabi/10.3.1/../../../../arm-none-eabi/lib/thumb/v7e-m+fp/hard\libc_nano.a(lib_a-memcpy-stub.o)
                              ./Middlewares/Third_Party/FreeRTOS/Source/CMSIS_RTOS_V2/cmsis_os2.o (memcpy)
d:/cubeide/stm32cubeide_1.10.1/stm32cubeide/plugins/com.st.stm32cube.ide.mcu.externaltools.gnu-tools-for-stm32.10.3-2021.10.win32_1.0.0.202111181127/tools/bin/../lib/gcc/arm-none-eabi/10.3.1/../../../../arm-none-eabi/lib/thumb/v7e-m+fp/hard\libc_nano.a(lib_a-memset.o)
                              d:/cubeide/stm32cubeide_1.10.1/stm32cubeide/plugins/com.st.stm32cube.ide.mcu.externaltools.gnu-tools-for-stm32.10.3-2021.10.win32_1.0.0.202111181127/tools/bin/../lib/gcc/arm-none-eabi/10.3.1/../../../../arm-none-eabi/lib/thumb/v7e-m+fp/hard/crt0.o (memset)
d:/cubeide/stm32cubeide_1.10.1/stm32cubeide/plugins/com.st.stm32cube.ide.mcu.externaltools.gnu-tools-for-stm32.10.3-2021.10.win32_1.0.0.202111181127/tools/bin/../lib/gcc/arm-none-eabi/10.3.1/../../../../arm-none-eabi/lib/thumb/v7e-m+fp/hard\libc_nano.a(lib_a-nano-mallocr.o)
[...]
Memory Configuration

Name             Origin             Length             Attributes
CCMRAM           0x0000000010000000 0x0000000000010000 xrw
RAM              0x0000000020000000 0x0000000000020000 xrw
FLASH            0x0000000008000000 0x0000000000100000 xr
*default*        0x0000000000000000 0xffffffffffffffff

Linker script and memory map

LOAD d:/cubeide/stm32cubeide_1.10.1/stm32cubeide/plugins/com.st.stm32cube.ide.mcu.externaltools.gnu-tools-for-stm32.10.3-2021.10.win32_1.0.0.202111181127/tools/bin/../lib/gcc/arm-none-eabi/10.3.1/thumb/v7e-m+fp/hard/crti.o
LOAD d:/cubeide/stm32cubeide_1.10.1/stm32cubeide/plugins/com.st.stm32cube.ide.mcu.externaltools.gnu-tools-for-stm32.10.3-2021.10.win32_1.0.0.202111181127/tools/bin/../lib/gcc/arm-none-eabi/10.3.1/thumb/v7e-m+fp/hard/crtbegin.o
LOAD d:/cubeide/stm32cubeide_1.10.1/stm32cubeide/plugins/com.st.stm32cube.ide.mcu.externaltools.gnu-tools-for-stm32.10.3-2021.10.win32_1.0.0.202111181127/tools/bin/../lib/gcc/arm-none-eabi/10.3.1/../../../../arm-none-eabi/lib/thumb/v7e-m+fp/hard/crt0.o
LOAD ./Core/Src/IMU.o
LOAD ./Core/Src/can.o
LOAD ./Core/Src/dma.o
LOAD ./Core/Src/freertos.o
LOAD ./Core/Src/gpio.o
LOAD ./Core/Src/kalman.o
LOAD ./Core/Src/main.o
LOAD ./Core/Src/pid.o
LOAD ./Core/Src/remote.o
LOAD ./Core/Src/spi.o
LOAD ./Core/Src/stm32f4xx_hal_msp.o
LOAD ./Core/Src/stm32f4xx_hal_timebase_tim.o
LOAD ./Core/Src/stm32f4xx_it.o
LOAD ./Core/Src/syscalls.o
LOAD ./Core/Src/sysmem.o
LOAD ./Core/Src/system_stm32f4xx.o
LOAD ./Core/Src/tim.o
LOAD ./Core/Src/usart.o
LOAD ./Core/Startup/startup_stm32f407ighx.o
LOAD ./Drivers/STM32F4xx_HAL_Driver/Src/stm32f4xx_hal.o
LOAD ./Drivers/STM32F4xx_HAL_Driver/Src/stm32f4xx_hal_can.o
LOAD ./Drivers/STM32F4xx_HAL_Driver/Src/stm32f4xx_hal_cortex.o
LOAD ./Drivers/STM32F4xx_HAL_Driver/Src/stm32f4xx_hal_dma.o
LOAD ./Drivers/STM32F4xx_HAL_Driver/Src/stm32f4xx_hal_dma_ex.o
LOAD ./Drivers/STM32F4xx_HAL_Driver/Src/stm32f4xx_hal_exti.o
LOAD ./Drivers/STM32F4xx_HAL_Driver/Src/stm32f4xx_hal_flash.o
LOAD ./Drivers/STM32F4xx_HAL_Driver/Src/stm32f4xx_hal_flash_ex.o
LOAD ./Drivers/STM32F4xx_HAL_Driver/Src/stm32f4xx_hal_flash_ramfunc.o
LOAD ./Drivers/STM32F4xx_HAL_Driver/Src/stm32f4xx_hal_gpio.o
LOAD ./Drivers/STM32F4xx_HAL_Driver/Src/stm32f4xx_hal_pwr.o
LOAD ./Drivers/STM32F4xx_HAL_Driver/Src/stm32f4xx_hal_pwr_ex.o
LOAD ./Drivers/STM32F4xx_HAL_Driver/Src/stm32f4xx_hal_rcc.o
LOAD ./Drivers/STM32F4xx_HAL_Driver/Src/stm32f4xx_hal_rcc_ex.o
LOAD ./Drivers/STM32F4xx_HAL_Driver/Src/stm32f4xx_hal_spi.o
LOAD ./Drivers/STM32F4xx_HAL_Driver/Src/stm32f4xx_hal_tim.o
LOAD ./Drivers/STM32F4xx_HAL_Driver/Src/stm32f4xx_hal_tim_ex.o
LOAD ./Drivers/STM32F4xx_HAL_Driver/Src/stm32f4xx_hal_uart.o
LOAD ./Middlewares/Third_Party/FreeRTOS/Source/CMSIS_RTOS_V2/cmsis_os2.o
LOAD ./Middlewares/Third_Party/FreeRTOS/Source/croutine.o
LOAD ./Middlewares/Third_Party/FreeRTOS/Source/event_groups.o
LOAD ./Middlewares/Third_Party/FreeRTOS/Source/list.o
LOAD ./Middlewares/Third_Party/FreeRTOS/Source/queue.o
LOAD ./Middlewares/Third_Party/FreeRTOS/Source/stream_buffer.o
LOAD ./Middlewares/Third_Party/FreeRTOS/Source/tasks.o
LOAD ./Middlewares/Third_Party/FreeRTOS/Source/timers.o
LOAD ./Middlewares/Third_Party/FreeRTOS/Source/portable/GCC/ARM_CM4F/port.o
LOAD ./Middlewares/Third_Party/FreeRTOS/Source/portable/MemMang/heap_4.o
START GROUP
LOAD d:/cubeide/stm32cubeide_1.10.1/stm32cubeide/plugins/com.st.stm32cube.ide.mcu.externaltools.gnu-tools-for-stm32.10.3-2021.10.win32_1.0.0.202111181127/tools/bin/../lib/gcc/arm-none-eabi/10.3.1/../../../../arm-none-eabi/lib/thumb/v7e-m+fp/hard\libc_nano.a
LOAD d:/cubeide/stm32cubeide_1.10.1/stm32cubeide/plugins/com.st.stm32cube.ide.mcu.externaltools.gnu-tools-for-stm32.10.3-2021.10.win32_1.0.0.202111181127/tools/bin/../lib/gcc/arm-none-eabi/10.3.1/../../../../arm-none-eabi/lib/thumb/v7e-m+fp/hard\libm.a
END GROUP
START GROUP
LOAD d:/cubeide/stm32cubeide_1.10.1/stm32cubeide/plugins/com.st.stm32cube.ide.mcu.externaltools.gnu-tools-for-stm32.10.3-2021.10.win32_1.0.0.202111181127/tools/bin/../lib/gcc/arm-none-eabi/10.3.1/thumb/v7e-m+fp/hard\libgcc.a
LOAD d:/cubeide/stm32cubeide_1.10.1/stm32cubeide/plugins/com.st.stm32cube.ide.mcu.externaltools.gnu-tools-for-stm32.10.3-2021.10.win32_1.0.0.202111181127/tools/bin/../lib/gcc/arm-none-eabi/10.3.1/../../../../arm-none-eabi/lib/thumb/v7e-m+fp/hard\libc_nano.a
END GROUP
START GROUP
LOAD d:/cubeide/stm32cubeide_1.10.1/stm32cubeide/plugins/com.st.stm32cube.ide.mcu.externaltools.gnu-tools-for-stm32.10.3-2021.10.win32_1.0.0.202111181127/tools/bin/../lib/gcc/arm-none-eabi/10.3.1/thumb/v7e-m+fp/hard\libgcc.a
LOAD d:/cubeide/stm32cubeide_1.10.1/stm32cubeide/plugins/com.st.stm32cube.ide.mcu.externaltools.gnu-tools-for-stm32.10.3-2021.10.win32_1.0.0.202111181127/tools/bin/../lib/gcc/arm-none-eabi/10.3.1/../../../../arm-none-eabi/lib/thumb/v7e-m+fp/hard\libc_nano.a
LOAD d:/cubeide/stm32cubeide_1.10.1/stm32cubeide/plugins/com.st.stm32cube.ide.mcu.externaltools.gnu-tools-for-stm32.10.3-2021.10.win32_1.0.0.202111181127/tools/bin/../lib/gcc/arm-none-eabi/10.3.1/../../../../arm-none-eabi/lib/thumb/v7e-m+fp/hard\libnosys.a
END GROUP
START GROUP
LOAD d:/cubeide/stm32cubeide_1.10.1/stm32cubeide/plugins/com.st.stm32cube.ide.mcu.externaltools.gnu-tools-for-stm32.10.3-2021.10.win32_1.0.0.202111181127/tools/bin/../lib/gcc/arm-none-eabi/10.3.1/thumb/v7e-m+fp/hard\libgcc.a
LOAD d:/cubeide/stm32cubeide_1.10.1/stm32cubeide/plugins/com.st.stm32cube.ide.mcu.externaltools.gnu-tools-for-stm32.10.3-2021.10.win32_1.0.0.202111181127/tools/bin/../lib/gcc/arm-none-eabi/10.3.1/../../../../arm-none-eabi/lib/thumb/v7e-m+fp/hard\libc_nano.a
LOAD d:/cubeide/stm32cubeide_1.10.1/stm32cubeide/plugins/com.st.stm32cube.ide.mcu.externaltools.gnu-tools-for-stm32.10.3-2021.10.win32_1.0.0.202111181127/tools/bin/../lib/gcc/arm-none-eabi/10.3.1/../../../../arm-none-eabi/lib/thumb/v7e-m+fp/hard\libnosys.a
END GROUP
LOAD d:/cubeide/stm32cubeide_1.10.1/stm32cubeide/plugins/com.st.stm32cube.ide.mcu.externaltools.gnu-tools-for-stm32.10.3-2021.10.win32_1.0.0.202111181127/tools/bin/../lib/gcc/arm-none-eabi/10.3.1/thumb/v7e-m+fp/hard/crtend.o
LOAD d:/cubeide/stm32cubeide_1.10.1/stm32cubeide/plugins/com.st.stm32cube.ide.mcu.externaltools.gnu-tools-for-stm32.10.3-2021.10.win32_1.0.0.202111181127/tools/bin/../lib/gcc/arm-none-eabi/10.3.1/thumb/v7e-m+fp/hard/crtn.o
                0x0000000020020000                _estack = (ORIGIN (RAM) + LENGTH (RAM))
                0x0000000000000200                _Min_Heap_Size = 0x200
                0x0000000000000400                _Min_Stack_Size = 0x400

.isr_vector     0x0000000008000000      0x188
                0x0000000008000000                . = ALIGN (0x4)
 *(.isr_vector)
 .isr_vector    0x0000000008000000      0x188 ./Core/Startup/startup_stm32f407ighx.o
                0x0000000008000000                g_pfnVectors
                0x0000000008000188                . = ALIGN (0x4)

.text           0x0000000008000190     0xa0c0
                0x0000000008000190                . = ALIGN (0x4)
 *(.text)
 .text          0x0000000008000190       0x40 d:/cubeide/stm32cubeide_1.10.1/stm32cubeide/plugins/com.st.stm32cube.ide.mcu.externaltools.gnu-tools-for-stm32.10.3-2021.10.win32_1.0.0.202111181127/tools/bin/../lib/gcc/arm-none-eabi/10.3.1/thumb/v7e-m+fp/hard/crtbegin.o
 .text          0x00000000080001d0       0x30 d:/cubeide/stm32cubeide_1.10.1/stm32cubeide/plugins/com.st.stm32cube.ide.mcu.externaltools.gnu-tools-for-stm32.10.3-2021.10.win32_1.0.0.202111181127/tools/bin/../lib/gcc/arm-none-eabi/10.3.1/thumb/v7e-m+fp/hard\libgcc.a(_aeabi_uldivmod.o)
                0x00000000080001d0                __aeabi_uldivmod
 .text          0x0000000008000200      0x2d0 d:/cubeide/stm32cubeide_1.10.1/stm32cubeide/plugins/com.st.stm32cube.ide.mcu.externaltools.gnu-tools-for-stm32.10.3-2021.10.win32_1.0.0.202111181127/tools/bin/../lib/gcc/arm-none-eabi/10.3.1/thumb/v7e-m+fp/hard\libgcc.a(_udivmoddi4.o)
                0x0000000008000200                __udivmoddi4
 .text          0x00000000080004d0        0x4 d:/cubeide/stm32cubeide_1.10.1/stm32cubeide/plugins/com.st.stm32cube.ide.mcu.externaltools.gnu-tools-for-stm32.10.3-2021.10.win32_1.0.0.202111181127/tools/bin/../lib/gcc/arm-none-eabi/10.3.1/thumb/v7e-m+fp/hard\libgcc.a(_dvmd_tls.o)
                0x00000000080004d0                __aeabi_idiv0
                0x00000000080004d0                __aeabi_ldiv0
 *(.text*)
 .text.BMI088_read_Gyro
                0x00000000080004d4       0xac ./Core/Src/IMU.o
                0x00000000080004d4                BMI088_read_Gyro
 .text.BMI088_write_byte
                0x0000000008000580       0xb0 ./Core/Src/IMU.o
                0x0000000008000580                BMI088_write_byte
 .text.BMI088_init
                0x0000000008000630       0x58 ./Core/Src/IMU.o
                0x0000000008000630                BMI088_init
 .text.MX_CAN1_Init
                0x0000000008000688       0x6c ./Core/Src/can.o
                0x0000000008000688                MX_CAN1_Init
 .text.HAL_CAN_MspInit
                0x00000000080006f4       0xd0 ./Core/Src/can.o
                0x00000000080006f4                HAL_CAN_MspInit
 .text.Can_MessageConfig
                0x00000000080007c4      0x148 ./Core/Src/can.o
                0x00000000080007c4                Can_MessageConfig
 .text.Can_Filter1Config
                0x000000000800090c       0x40 ./Core/Src/can.o
                0x000000000800090c                Can_Filter1Config
 .text.HAL_CAN_RxFifo0MsgPendingCallback
                0x000000000800094c      0x138 ./Core/Src/can.o
                0x000000000800094c                HAL_CAN_RxFifo0MsgPendingCallback
 .text.MX_DMA_Init
                0x0000000008000a84       0x40 ./Core/Src/dma.o
                0x0000000008000a84                MX_DMA_Init
 .text.MX_FREERTOS_Init
                0x0000000008000ac4       0xb0 ./Core/Src/freertos.o
                0x0000000008000ac4                MX_FREERTOS_Init
 .text.StartDefaultTask
                0x0000000008000b74       0x10 ./Core/Src/freertos.o
                0x0000000008000b74                StartDefaultTask
 .text.start_SendMessage
                0x0000000008000b84      0x104 ./Core/Src/freertos.o
                0x0000000008000b84                start_SendMessage
 .text.startReceiveMessage
                0x0000000008000c88       0x64 ./Core/Src/freertos.o
                0x0000000008000c88                startReceiveMessage
 .text.fun_ChangeTarget
                0x0000000008000cec        0xa ./Core/Src/freertos.o
                0x0000000008000cec                fun_ChangeTarget
 *fill*         0x0000000008000cf6        0x2 
 .text.Start_PWM_Test
                0x0000000008000cf8       0x64 ./Core/Src/freertos.o
                0x0000000008000cf8                Start_PWM_Test
 .text.StartIMU_Read
                0x0000000008000d5c       0x1c ./Core/Src/freertos.o
                0x0000000008000d5c                StartIMU_Read
 .text.MX_GPIO_Init
                0x0000000008000d78      0x120 ./Core/Src/gpio.o
                0x0000000008000d78                MX_GPIO_Init
 .text.KalmanFilter_Init
                0x0000000008000e98       0x4c ./Core/Src/kalman.o
                0x0000000008000e98                KalmanFilter_Init
 .text.main     0x0000000008000ee4       0xcc ./Core/Src/main.o
                0x0000000008000ee4                main
 .text.SystemClock_Config
                0x0000000008000fb0       0xd4 ./Core/Src/main.o
                0x0000000008000fb0                SystemClock_Config
 .text.MX_NVIC_Init
                0x0000000008001084       0x18 ./Core/Src/main.o
 .text.HAL_TIM_PeriodElapsedCallback
                0x000000000800109c       0x24 ./Core/Src/main.o
                0x000000000800109c                HAL_TIM_PeriodElapsedCallback
 .text.Error_Handler
                0x00000000080010c0        0xa ./Core/Src/main.o
                0x00000000080010c0                Error_Handler
 *fill*         0x00000000080010ca        0x2 
 .text.PID_Init
                0x00000000080010cc      0x1d0 ./Core/Src/pid.o
                0x00000000080010cc                PID_Init
 .text.PID_Clear
                0x000000000800129c       0x32 ./Core/Src/pid.o
                0x000000000800129c                PID_Clear
 *fill*         0x00000000080012ce        0x2 
 .text.PID_Origin
                0x00000000080012d0      0x1dc ./Core/Src/pid.o
                0x00000000080012d0                PID_Origin
 .text.PID_Incr
                0x00000000080014ac      0x11c ./Core/Src/pid.o
                0x00000000080014ac                PID_Incr
 .text.HAL_UART_RxCpltCallback
                0x00000000080015c8      0x2a4 ./Core/Src/remote.o
                0x00000000080015c8                HAL_UART_RxCpltCallback
 .text.MX_SPI1_Init
                0x000000000800186c       0x6c ./Core/Src/spi.o
                0x000000000800186c                MX_SPI1_Init
 .text.HAL_SPI_MspInit
                0x00000000080018d8       0xd0 ./Core/Src/spi.o
                0x00000000080018d8                HAL_SPI_MspInit
 .text.HAL_MspInit
                0x00000000080019a8       0x58 ./Core/Src/stm32f4xx_hal_msp.o
                0x00000000080019a8                HAL_MspInit
 .text.HAL_InitTick
                0x0000000008001a00       0xf8 ./Core/Src/stm32f4xx_hal_timebase_tim.o
                0x0000000008001a00                HAL_InitTick
 .text.NMI_Handler
                0x0000000008001af8        0x6 ./Core/Src/stm32f4xx_it.o
                0x0000000008001af8                NMI_Handler
 .text.HardFault_Handler
                0x0000000008001afe        0x6 ./Core/Src/stm32f4xx_it.o
                0x0000000008001afe                HardFault_Handler
 .text.MemManage_Handler
                0x0000000008001b04        0x6 ./Core/Src/stm32f4xx_it.o
                0x0000000008001b04                MemManage_Handler
 .text.BusFault_Handler
                0x0000000008001b0a        0x6 ./Core/Src/stm32f4xx_it.o
                0x0000000008001b0a                BusFault_Handler
 .text.UsageFault_Handler
                0x0000000008001b10        0x6 ./Core/Src/stm32f4xx_it.o
                0x0000000008001b10                UsageFault_Handler
 .text.DebugMon_Handler
                0x0000000008001b16        0xe ./Core/Src/stm32f4xx_it.o
                0x0000000008001b16                DebugMon_Handler
 .text.DMA1_Stream1_IRQHandler
                0x0000000008001b24       0x14 ./Core/Src/stm32f4xx_it.o
                0x0000000008001b24                DMA1_Stream1_IRQHandler
 .text.CAN1_TX_IRQHandler
                0x0000000008001b38       0x14 ./Core/Src/stm32f4xx_it.o
                0x0000000008001b38                CAN1_TX_IRQHandler
 .text.CAN1_RX0_IRQHandler
                0x0000000008001b4c       0x14 ./Core/Src/stm32f4xx_it.o
                0x0000000008001b4c                CAN1_RX0_IRQHandler
 .text.CAN1_RX1_IRQHandler
                0x0000000008001b60       0x14 ./Core/Src/stm32f4xx_it.o
                0x0000000008001b60                CAN1_RX1_IRQHandler
 .text.CAN1_SCE_IRQHandler
                0x0000000008001b74       0x14 ./Core/Src/stm32f4xx_it.o
                0x0000000008001b74                CAN1_SCE_IRQHandler
 .text.USART1_IRQHandler
                0x0000000008001b88       0x14 ./Core/Src/stm32f4xx_it.o
                0x0000000008001b88                USART1_IRQHandler
 .text.USART3_IRQHandler
                0x0000000008001b9c       0x14 ./Core/Src/stm32f4xx_it.o
                0x0000000008001b9c                USART3_IRQHandler
 .text.TIM6_DAC_IRQHandler
                0x0000000008001bb0       0x14 ./Core/Src/stm32f4xx_it.o
                0x0000000008001bb0                TIM6_DAC_IRQHandler
 .text.SystemInit
                0x0000000008001bc4       0x24 ./Core/Src/system_stm32f4xx.o
                0x0000000008001bc4                SystemInit
 .text.MX_TIM1_Init
                0x0000000008001be8      0x158 ./Core/Src/tim.o
                0x0000000008001be8                MX_TIM1_Init
 .text.MX_TIM5_Init
                0x0000000008001d40      0x104 ./Core/Src/tim.o
                0x0000000008001d40                MX_TIM5_Init
 .text.HAL_TIM_Base_MspInit
                0x0000000008001e44       0x70 ./Core/Src/tim.o
                0x0000000008001e44                HAL_TIM_Base_MspInit
 .text.HAL_TIM_MspPostInit
                0x0000000008001eb4       0xc8 ./Core/Src/tim.o
                0x0000000008001eb4                HAL_TIM_MspPostInit
 .text.MX_USART1_UART_Init
                0x0000000008001f7c       0x54 ./Core/Src/usart.o
                0x0000000008001f7c                MX_USART1_UART_Init
 .text.MX_USART3_UART_Init
                0x0000000008001fd0       0x58 ./Core/Src/usart.o
                0x0000000008001fd0                MX_USART3_UART_Init
 .text.HAL_UART_MspInit
                0x0000000008002028      0x1b8 ./Core/Src/usart.o
                0x0000000008002028                HAL_UART_MspInit
 .text.Reset_Handler
                0x00000000080021e0       0x50 ./Core/Startup/startup_stm32f407ighx.o
                0x00000000080021e0                Reset_Handler
 .text.Default_Handler
                0x0000000008002230        0x2 ./Core/Startup/startup_stm32f407ighx.o
                0x0000000008002230                RTC_Alarm_IRQHandler
                0x0000000008002230                HASH_RNG_IRQHandler
                0x0000000008002230                EXTI2_IRQHandler
                0x0000000008002230                TIM8_CC_IRQHandler
                0x0000000008002230                TIM1_CC_IRQHandler
                0x0000000008002230                DMA2_Stream5_IRQHandler
                0x0000000008002230                DMA1_Stream5_IRQHandler
                0x0000000008002230                PVD_IRQHandler
                0x0000000008002230                SDIO_IRQHandler
                0x0000000008002230                TAMP_STAMP_IRQHandler
                0x0000000008002230                CAN2_RX1_IRQHandler
                0x0000000008002230                EXTI3_IRQHandler
                0x0000000008002230                TIM8_TRG_COM_TIM14_IRQHandler
                0x0000000008002230                TIM1_UP_TIM10_IRQHandler
                0x0000000008002230                TIM8_UP_TIM13_IRQHandler
                0x0000000008002230                I2C3_ER_IRQHandler
                0x0000000008002230                EXTI0_IRQHandler
                0x0000000008002230                I2C2_EV_IRQHandler
                0x0000000008002230                DMA1_Stream2_IRQHandler
                0x0000000008002230                FPU_IRQHandler
                0x0000000008002230                OTG_HS_WKUP_IRQHandler
                0x0000000008002230                CAN2_SCE_IRQHandler
                0x0000000008002230                DMA2_Stream2_IRQHandler
                0x0000000008002230                SPI1_IRQHandler
                0x0000000008002230                TIM1_BRK_TIM9_IRQHandler
                0x0000000008002230                DCMI_IRQHandler
                0x0000000008002230                CAN2_RX0_IRQHandler
                0x0000000008002230                DMA2_Stream3_IRQHandler
                0x0000000008002230                USART6_IRQHandler
                0x0000000008002230                UART5_IRQHandler
                0x0000000008002230                DMA2_Stream0_IRQHandler
                0x0000000008002230                TIM4_IRQHandler
                0x0000000008002230                I2C1_EV_IRQHandler
                0x0000000008002230                DMA1_Stream6_IRQHandler
                0x0000000008002230                UART4_IRQHandler
                0x0000000008002230                TIM3_IRQHandler
                0x0000000008002230                RCC_IRQHandler
                0x0000000008002230                TIM8_BRK_TIM12_IRQHandler
                0x0000000008002230                Default_Handler
                0x0000000008002230                EXTI15_10_IRQHandler
                0x0000000008002230                ADC_IRQHandler
                0x0000000008002230                DMA1_Stream7_IRQHandler
                0x0000000008002230                TIM7_IRQHandler
                0x0000000008002230                CAN2_TX_IRQHandler
                0x0000000008002230                TIM5_IRQHandler
                0x0000000008002230                DMA2_Stream7_IRQHandler
                0x0000000008002230                I2C3_EV_IRQHandler
                0x0000000008002230                EXTI9_5_IRQHandler
                0x0000000008002230                RTC_WKUP_IRQHandler
                0x0000000008002230                ETH_WKUP_IRQHandler
                0x0000000008002230                SPI2_IRQHandler
                0x0000000008002230                OTG_HS_EP1_IN_IRQHandler
                0x0000000008002230                DMA1_Stream0_IRQHandler
                0x0000000008002230                EXTI4_IRQHandler
                0x0000000008002230                FSMC_IRQHandler
                0x0000000008002230                ETH_IRQHandler
                0x0000000008002230                OTG_HS_EP1_OUT_IRQHandler
                0x0000000008002230                WWDG_IRQHandler
                0x0000000008002230                TIM2_IRQHandler
                0x0000000008002230                OTG_FS_WKUP_IRQHandler
                0x0000000008002230                TIM1_TRG_COM_TIM11_IRQHandler
                0x0000000008002230                OTG_HS_IRQHandler
                0x0000000008002230                EXTI1_IRQHandler
                0x0000000008002230                USART2_IRQHandler
                0x0000000008002230                I2C2_ER_IRQHandler
                0x0000000008002230                DMA2_Stream1_IRQHandler
                0x0000000008002230                FLASH_IRQHandler
                0x0000000008002230                DMA2_Stream4_IRQHandler
                0x0000000008002230                OTG_FS_IRQHandler
                0x0000000008002230                SPI3_IRQHandler
                0x0000000008002230                DMA1_Stream4_IRQHandler
                0x0000000008002230                I2C1_ER_IRQHandler
                0x0000000008002230                DMA2_Stream6_IRQHandler
                0x0000000008002230                DMA1_Stream3_IRQHandler
 *fill*         0x0000000008002232        0x2 
 .text.HAL_Init
                0x0000000008002234       0x44 ./Drivers/STM32F4xx_HAL_Driver/Src/stm32f4xx_hal.o
                0x0000000008002234                HAL_Init
 .text.HAL_IncTick
                0x0000000008002278       0x28 ./Drivers/STM32F4xx_HAL_Driver/Src/stm32f4xx_hal.o
                0x0000000008002278                HAL_IncTick
 .text.HAL_GetTick
                0x00000000080022a0       0x18 ./Drivers/STM32F4xx_HAL_Driver/Src/stm32f4xx_hal.o
                0x00000000080022a0                HAL_GetTick
 .text.HAL_Delay
                0x00000000080022b8       0x48 ./Drivers/STM32F4xx_HAL_Driver/Src/stm32f4xx_hal.o
                0x00000000080022b8                HAL_Delay
 .text.HAL_CAN_Init
                0x0000000008002300      0x1f6 ./Drivers/STM32F4xx_HAL_Driver/Src/stm32f4xx_hal_can.o
                0x0000000008002300                HAL_CAN_Init
 *fill*         0x00000000080024f6        0x2 
 .text.HAL_CAN_ConfigFilter
                0x00000000080024f8      0x1c0 ./Drivers/STM32F4xx_HAL_Driver/Src/stm32f4xx_hal_can.o
                0x00000000080024f8                HAL_CAN_ConfigFilter
 .text.HAL_CAN_Start
                0x00000000080026b8       0x88 ./Drivers/STM32F4xx_HAL_Driver/Src/stm32f4xx_hal_can.o
                0x00000000080026b8                HAL_CAN_Start
 .text.HAL_CAN_AddTxMessage
                0x0000000008002740      0x1b6 ./Drivers/STM32F4xx_HAL_Driver/Src/stm32f4xx_hal_can.o
                0x0000000008002740                HAL_CAN_AddTxMessage
 .text.HAL_CAN_GetRxMessage
                0x00000000080028f6      0x224 ./Drivers/STM32F4xx_HAL_Driver/Src/stm32f4xx_hal_can.o
                0x00000000080028f6                HAL_CAN_GetRxMessage
 .text.HAL_CAN_ActivateNotification
                0x0000000008002b1a       0x4c ./Drivers/STM32F4xx_HAL_Driver/Src/stm32f4xx_hal_can.o
                0x0000000008002b1a                HAL_CAN_ActivateNotification
 .text.HAL_CAN_IRQHandler
                0x0000000008002b66      0x36e ./Drivers/STM32F4xx_HAL_Driver/Src/stm32f4xx_hal_can.o
                0x0000000008002b66                HAL_CAN_IRQHandler
 .text.HAL_CAN_TxMailbox0CompleteCallback
                0x0000000008002ed4       0x14 ./Drivers/STM32F4xx_HAL_Driver/Src/stm32f4xx_hal_can.o
                0x0000000008002ed4                HAL_CAN_TxMailbox0CompleteCallback
 .text.HAL_CAN_TxMailbox1CompleteCallback
                0x0000000008002ee8       0x14 ./Drivers/STM32F4xx_HAL_Driver/Src/stm32f4xx_hal_can.o
                0x0000000008002ee8                HAL_CAN_TxMailbox1CompleteCallback
 .text.HAL_CAN_TxMailbox2CompleteCallback
                0x0000000008002efc       0x14 ./Drivers/STM32F4xx_HAL_Driver/Src/stm32f4xx_hal_can.o
                0x0000000008002efc                HAL_CAN_TxMailbox2CompleteCallback
 .text.HAL_CAN_TxMailbox0AbortCallback
                0x0000000008002f10       0x14 ./Drivers/STM32F4xx_HAL_Driver/Src/stm32f4xx_hal_can.o
                0x0000000008002f10                HAL_CAN_TxMailbox0AbortCallback
 .text.HAL_CAN_TxMailbox1AbortCallback
                0x0000000008002f24       0x14 ./Drivers/STM32F4xx_HAL_Driver/Src/stm32f4xx_hal_can.o
                0x0000000008002f24                HAL_CAN_TxMailbox1AbortCallback
 .text.HAL_CAN_TxMailbox2AbortCallback
                0x0000000008002f38       0x14 ./Drivers/STM32F4xx_HAL_Driver/Src/stm32f4xx_hal_can.o
                0x0000000008002f38                HAL_CAN_TxMailbox2AbortCallback
 .text.HAL_CAN_RxFifo0FullCallback
                0x0000000008002f4c       0x14 ./Drivers/STM32F4xx_HAL_Driver/Src/stm32f4xx_hal_can.o
                0x0000000008002f4c                HAL_CAN_RxFifo0FullCallback
 .text.HAL_CAN_RxFifo1MsgPendingCallback
                0x0000000008002f60       0x14 ./Drivers/STM32F4xx_HAL_Driver/Src/stm32f4xx_hal_can.o
                0x0000000008002f60                HAL_CAN_RxFifo1MsgPendingCallback
 .text.HAL_CAN_RxFifo1FullCallback
                0x0000000008002f74       0x14 ./Drivers/STM32F4xx_HAL_Driver/Src/stm32f4xx_hal_can.o
                0x0000000008002f74                HAL_CAN_RxFifo1FullCallback
 .text.HAL_CAN_SleepCallback
                0x0000000008002f88       0x14 ./Drivers/STM32F4xx_HAL_Driver/Src/stm32f4xx_hal_can.o
                0x0000000008002f88                HAL_CAN_SleepCallback
 .text.HAL_CAN_WakeUpFromRxMsgCallback
                0x0000000008002f9c       0x14 ./Drivers/STM32F4xx_HAL_Driver/Src/stm32f4xx_hal_can.o
                0x0000000008002f9c                HAL_CAN_WakeUpFromRxMsgCallback
 .text.HAL_CAN_ErrorCallback
                0x0000000008002fb0       0x14 ./Drivers/STM32F4xx_HAL_Driver/Src/stm32f4xx_hal_can.o
                0x0000000008002fb0                HAL_CAN_ErrorCallback
 .text.__NVIC_SetPriorityGrouping
                0x0000000008002fc4       0x48 ./Drivers/STM32F4xx_HAL_Driver/Src/stm32f4xx_hal_cortex.o
 .text.__NVIC_GetPriorityGrouping
                0x000000000800300c       0x1c ./Drivers/STM32F4xx_HAL_Driver/Src/stm32f4xx_hal_cortex.o
 .text.__NVIC_EnableIRQ
                0x0000000008003028       0x3c ./Drivers/STM32F4xx_HAL_Driver/Src/stm32f4xx_hal_cortex.o
 .text.__NVIC_SetPriority
                0x0000000008003064       0x54 ./Drivers/STM32F4xx_HAL_Driver/Src/stm32f4xx_hal_cortex.o
 .text.NVIC_EncodePriority
                0x00000000080030b8       0x66 ./Drivers/STM32F4xx_HAL_Driver/Src/stm32f4xx_hal_cortex.o
 .text.HAL_NVIC_SetPriorityGrouping
                0x000000000800311e       0x16 ./Drivers/STM32F4xx_HAL_Driver/Src/stm32f4xx_hal_cortex.o
                0x000000000800311e                HAL_NVIC_SetPriorityGrouping
 .text.HAL_NVIC_SetPriority
                0x0000000008003134       0x38 ./Drivers/STM32F4xx_HAL_Driver/Src/stm32f4xx_hal_cortex.o
                0x0000000008003134                HAL_NVIC_SetPriority
 .text.HAL_NVIC_EnableIRQ
                0x000000000800316c       0x1c ./Drivers/STM32F4xx_HAL_Driver/Src/stm32f4xx_hal_cortex.o
                0x000000000800316c                HAL_NVIC_EnableIRQ
 .text.HAL_DMA_Init
                0x0000000008003188      0x15c ./Drivers/STM32F4xx_HAL_Driver/Src/stm32f4xx_hal_dma.o
                0x0000000008003188                HAL_DMA_Init
 .text.HAL_DMA_Start_IT
                0x00000000080032e4       0xb0 ./Drivers/STM32F4xx_HAL_Driver/Src/stm32f4xx_hal_dma.o
                0x00000000080032e4                HAL_DMA_Start_IT
 .text.HAL_DMA_Abort
                0x0000000008003394       0xe0 ./Drivers/STM32F4xx_HAL_Driver/Src/stm32f4xx_hal_dma.o
                0x0000000008003394                HAL_DMA_Abort
 .text.HAL_DMA_Abort_IT
                0x0000000008003474       0x44 ./Drivers/STM32F4xx_HAL_Driver/Src/stm32f4xx_hal_dma.o
                0x0000000008003474                HAL_DMA_Abort_IT
 .text.HAL_DMA_IRQHandler
                0x00000000080034b8      0x314 ./Drivers/STM32F4xx_HAL_Driver/Src/stm32f4xx_hal_dma.o
                0x00000000080034b8                HAL_DMA_IRQHandler
 .text.DMA_SetConfig
                0x00000000080037cc       0x5c ./Drivers/STM32F4xx_HAL_Driver/Src/stm32f4xx_hal_dma.o
 .text.DMA_CalcBaseAndBitshift
                0x0000000008003828       0x6c ./Drivers/STM32F4xx_HAL_Driver/Src/stm32f4xx_hal_dma.o
 .text.DMA_CheckFifoParam
                0x0000000008003894       0xf8 ./Drivers/STM32F4xx_HAL_Driver/Src/stm32f4xx_hal_dma.o
 .text.HAL_GPIO_Init
                0x000000000800398c      0x338 ./Drivers/STM32F4xx_HAL_Driver/Src/stm32f4xx_hal_gpio.o
                0x000000000800398c                HAL_GPIO_Init
 .text.HAL_GPIO_WritePin
                0x0000000008003cc4       0x32 ./Drivers/STM32F4xx_HAL_Driver/Src/stm32f4xx_hal_gpio.o
                0x0000000008003cc4                HAL_GPIO_WritePin
 *fill*         0x0000000008003cf6        0x2 
 .text.HAL_RCC_OscConfig
                0x0000000008003cf8      0x4f0 ./Drivers/STM32F4xx_HAL_Driver/Src/stm32f4xx_hal_rcc.o
                0x0000000008003cf8                HAL_RCC_OscConfig
 .text.HAL_RCC_ClockConfig
                0x00000000080041e8      0x1cc ./Drivers/STM32F4xx_HAL_Driver/Src/stm32f4xx_hal_rcc.o
                0x00000000080041e8                HAL_RCC_ClockConfig
 .text.HAL_RCC_GetSysClockFreq
                0x00000000080043b4      0x18c ./Drivers/STM32F4xx_HAL_Driver/Src/stm32f4xx_hal_rcc.o
                0x00000000080043b4                HAL_RCC_GetSysClockFreq
 .text.HAL_RCC_GetHCLKFreq
                0x0000000008004540       0x18 ./Drivers/STM32F4xx_HAL_Driver/Src/stm32f4xx_hal_rcc.o
                0x0000000008004540                HAL_RCC_GetHCLKFreq
 .text.HAL_RCC_GetPCLK1Freq
                0x0000000008004558       0x28 ./Drivers/STM32F4xx_HAL_Driver/Src/stm32f4xx_hal_rcc.o
                0x0000000008004558                HAL_RCC_GetPCLK1Freq
 .text.HAL_RCC_GetPCLK2Freq
                0x0000000008004580       0x28 ./Drivers/STM32F4xx_HAL_Driver/Src/stm32f4xx_hal_rcc.o
                0x0000000008004580                HAL_RCC_GetPCLK2Freq
 .text.HAL_RCC_GetClockConfig
                0x00000000080045a8       0x64 ./Drivers/STM32F4xx_HAL_Driver/Src/stm32f4xx_hal_rcc.o
                0x00000000080045a8                HAL_RCC_GetClockConfig
 .text.HAL_SPI_Init
                0x000000000800460c      0x112 ./Drivers/STM32F4xx_HAL_Driver/Src/stm32f4xx_hal_spi.o
                0x000000000800460c                HAL_SPI_Init
 .text.HAL_SPI_Transmit
                0x000000000800471e      0x278 ./Drivers/STM32F4xx_HAL_Driver/Src/stm32f4xx_hal_spi.o
                0x000000000800471e                HAL_SPI_Transmit
 .text.HAL_SPI_Receive
                0x0000000008004996      0x222 ./Drivers/STM32F4xx_HAL_Driver/Src/stm32f4xx_hal_spi.o
                0x0000000008004996                HAL_SPI_Receive
 .text.HAL_SPI_TransmitReceive
                0x0000000008004bb8      0x344 ./Drivers/STM32F4xx_HAL_Driver/Src/stm32f4xx_hal_spi.o
                0x0000000008004bb8                HAL_SPI_TransmitReceive
 .text.HAL_SPI_GetState
                0x0000000008004efc       0x1c ./Drivers/STM32F4xx_HAL_Driver/Src/stm32f4xx_hal_spi.o
                0x0000000008004efc                HAL_SPI_GetState
 .text.SPI_WaitFlagStateUntilTimeout
                0x0000000008004f18      0x110 ./Drivers/STM32F4xx_HAL_Driver/Src/stm32f4xx_hal_spi.o
 .text.SPI_EndRxTransaction
                0x0000000008005028       0xca ./Drivers/STM32F4xx_HAL_Driver/Src/stm32f4xx_hal_spi.o
 *fill*         0x00000000080050f2        0x2 
 .text.SPI_EndRxTxTransaction
                0x00000000080050f4       0x84 ./Drivers/STM32F4xx_HAL_Driver/Src/stm32f4xx_hal_spi.o
 .text.HAL_TIM_Base_Init
                0x0000000008005178       0x9e ./Drivers/STM32F4xx_HAL_Driver/Src/stm32f4xx_hal_tim.o
                0x0000000008005178                HAL_TIM_Base_Init
 *fill*         0x0000000008005216        0x2 
 .text.HAL_TIM_Base_Start_IT
                0x0000000008005218       0xe0 ./Drivers/STM32F4xx_HAL_Driver/Src/stm32f4xx_hal_tim.o
                0x0000000008005218                HAL_TIM_Base_Start_IT
 .text.HAL_TIM_PWM_Init
                0x00000000080052f8       0x9e ./Drivers/STM32F4xx_HAL_Driver/Src/stm32f4xx_hal_tim.o
                0x00000000080052f8                HAL_TIM_PWM_Init
 .text.HAL_TIM_PWM_MspInit
                0x0000000008005396       0x14 ./Drivers/STM32F4xx_HAL_Driver/Src/stm32f4xx_hal_tim.o
                0x0000000008005396                HAL_TIM_PWM_MspInit
 .text.HAL_TIM_IRQHandler
                0x00000000080053aa      0x210 ./Drivers/STM32F4xx_HAL_Driver/Src/stm32f4xx_hal_tim.o
                0x00000000080053aa                HAL_TIM_IRQHandler
 *fill*         0x00000000080055ba        0x2 
 .text.HAL_TIM_PWM_ConfigChannel
                0x00000000080055bc      0x184 ./Drivers/STM32F4xx_HAL_Driver/Src/stm32f4xx_hal_tim.o
                0x00000000080055bc                HAL_TIM_PWM_ConfigChannel
 .text.HAL_TIM_ConfigClockSource
                0x0000000008005740      0x18e ./Drivers/STM32F4xx_HAL_Driver/Src/stm32f4xx_hal_tim.o
                0x0000000008005740                HAL_TIM_ConfigClockSource
 .text.HAL_TIM_OC_DelayElapsedCallback
                0x00000000080058ce       0x14 ./Drivers/STM32F4xx_HAL_Driver/Src/stm32f4xx_hal_tim.o
                0x00000000080058ce                HAL_TIM_OC_DelayElapsedCallback
 .text.HAL_TIM_IC_CaptureCallback
                0x00000000080058e2       0x14 ./Drivers/STM32F4xx_HAL_Driver/Src/stm32f4xx_hal_tim.o
                0x00000000080058e2                HAL_TIM_IC_CaptureCallback
 .text.HAL_TIM_PWM_PulseFinishedCallback
                0x00000000080058f6       0x14 ./Drivers/STM32F4xx_HAL_Driver/Src/stm32f4xx_hal_tim.o
                0x00000000080058f6                HAL_TIM_PWM_PulseFinishedCallback
 .text.HAL_TIM_TriggerCallback
                0x000000000800590a       0x14 ./Drivers/STM32F4xx_HAL_Driver/Src/stm32f4xx_hal_tim.o
                0x000000000800590a                HAL_TIM_TriggerCallback
 *fill*         0x000000000800591e        0x2 
 .text.TIM_Base_SetConfig
                0x0000000008005920      0x140 ./Drivers/STM32F4xx_HAL_Driver/Src/stm32f4xx_hal_tim.o
                0x0000000008005920                TIM_Base_SetConfig
 .text.TIM_OC1_SetConfig
                0x0000000008005a60       0xe0 ./Drivers/STM32F4xx_HAL_Driver/Src/stm32f4xx_hal_tim.o
 .text.TIM_OC2_SetConfig
                0x0000000008005b40       0xec ./Drivers/STM32F4xx_HAL_Driver/Src/stm32f4xx_hal_tim.o
                0x0000000008005b40                TIM_OC2_SetConfig
 .text.TIM_OC3_SetConfig
                0x0000000008005c2c       0xe8 ./Drivers/STM32F4xx_HAL_Driver/Src/stm32f4xx_hal_tim.o
 .text.TIM_OC4_SetConfig
                0x0000000008005d14       0xac ./Drivers/STM32F4xx_HAL_Driver/Src/stm32f4xx_hal_tim.o
 .text.TIM_TI1_ConfigInputStage
                0x0000000008005dc0       0x5e ./Drivers/STM32F4xx_HAL_Driver/Src/stm32f4xx_hal_tim.o
 .text.TIM_TI2_ConfigInputStage
                0x0000000008005e1e       0x60 ./Drivers/STM32F4xx_HAL_Driver/Src/stm32f4xx_hal_tim.o
 .text.TIM_ITRx_SetConfig
                0x0000000008005e7e       0x36 ./Drivers/STM32F4xx_HAL_Driver/Src/stm32f4xx_hal_tim.o
 .text.TIM_ETR_SetConfig
                0x0000000008005eb4       0x40 ./Drivers/STM32F4xx_HAL_Driver/Src/stm32f4xx_hal_tim.o
                0x0000000008005eb4                TIM_ETR_SetConfig
 .text.HAL_TIMEx_MasterConfigSynchronization
                0x0000000008005ef4       0xf8 ./Drivers/STM32F4xx_HAL_Driver/Src/stm32f4xx_hal_tim_ex.o
                0x0000000008005ef4                HAL_TIMEx_MasterConfigSynchronization
 .text.HAL_TIMEx_ConfigBreakDeadTime
                0x0000000008005fec       0xa4 ./Drivers/STM32F4xx_HAL_Driver/Src/stm32f4xx_hal_tim_ex.o
                0x0000000008005fec                HAL_TIMEx_ConfigBreakDeadTime
 .text.HAL_TIMEx_CommutCallback
                0x0000000008006090       0x14 ./Drivers/STM32F4xx_HAL_Driver/Src/stm32f4xx_hal_tim_ex.o
                0x0000000008006090                HAL_TIMEx_CommutCallback
 .text.HAL_TIMEx_BreakCallback
                0x00000000080060a4       0x14 ./Drivers/STM32F4xx_HAL_Driver/Src/stm32f4xx_hal_tim_ex.o
                0x00000000080060a4                HAL_TIMEx_BreakCallback
 .text.HAL_UART_Init
                0x00000000080060b8       0x9a ./Drivers/STM32F4xx_HAL_Driver/Src/stm32f4xx_hal_uart.o
                0x00000000080060b8                HAL_UART_Init
 *fill*         0x0000000008006152        0x2 
 .text.HAL_UART_Transmit_DMA
                0x0000000008006154       0xfc ./Drivers/STM32F4xx_HAL_Driver/Src/stm32f4xx_hal_uart.o
                0x0000000008006154                HAL_UART_Transmit_DMA
 .text.HAL_UART_Receive_DMA
                0x0000000008006250       0x60 ./Drivers/STM32F4xx_HAL_Driver/Src/stm32f4xx_hal_uart.o
                0x0000000008006250                HAL_UART_Receive_DMA
 .text.HAL_UART_IRQHandler
                0x00000000080062b0      0x51c ./Drivers/STM32F4xx_HAL_Driver/Src/stm32f4xx_hal_uart.o
                0x00000000080062b0                HAL_UART_IRQHandler
 .text.HAL_UART_TxCpltCallback
                0x00000000080067cc       0x14 ./Drivers/STM32F4xx_HAL_Driver/Src/stm32f4xx_hal_uart.o
                0x00000000080067cc                HAL_UART_TxCpltCallback
 .text.HAL_UART_TxHalfCpltCallback
                0x00000000080067e0       0x14 ./Drivers/STM32F4xx_HAL_Driver/Src/stm32f4xx_hal_uart.o
                0x00000000080067e0                HAL_UART_TxHalfCpltCallback
 .text.HAL_UART_RxHalfCpltCallback
                0x00000000080067f4       0x14 ./Drivers/STM32F4xx_HAL_Driver/Src/stm32f4xx_hal_uart.o
                0x00000000080067f4                HAL_UART_RxHalfCpltCallback
 .text.HAL_UART_ErrorCallback
                0x0000000008006808       0x14 ./Drivers/STM32F4xx_HAL_Driver/Src/stm32f4xx_hal_uart.o
                0x0000000008006808                HAL_UART_ErrorCallback
 .text.HAL_UARTEx_RxEventCallback
                0x000000000800681c       0x18 ./Drivers/STM32F4xx_HAL_Driver/Src/stm32f4xx_hal_uart.o
                0x000000000800681c                HAL_UARTEx_RxEventCallback
 .text.HAL_UART_GetState
                0x0000000008006834       0x3c ./Drivers/STM32F4xx_HAL_Driver/Src/stm32f4xx_hal_uart.o
                0x0000000008006834                HAL_UART_GetState
 .text.UART_DMATransmitCplt
                0x0000000008006870       0x9a ./Drivers/STM32F4xx_HAL_Driver/Src/stm32f4xx_hal_uart.o
 .text.UART_DMATxHalfCplt
                0x000000000800690a       0x1c ./Drivers/STM32F4xx_HAL_Driver/Src/stm32f4xx_hal_uart.o
 .text.UART_DMAReceiveCplt
                0x0000000008006926      0x126 ./Drivers/STM32F4xx_HAL_Driver/Src/stm32f4xx_hal_uart.o
 .text.UART_DMARxHalfCplt
                0x0000000008006a4c       0x36 ./Drivers/STM32F4xx_HAL_Driver/Src/stm32f4xx_hal_uart.o
 .text.UART_DMAError
                0x0000000008006a82       0x94 ./Drivers/STM32F4xx_HAL_Driver/Src/stm32f4xx_hal_uart.o
 *fill*         0x0000000008006b16        0x2 
 .text.UART_Start_Receive_DMA
                0x0000000008006b18      0x13c ./Drivers/STM32F4xx_HAL_Driver/Src/stm32f4xx_hal_uart.o
                0x0000000008006b18                UART_Start_Receive_DMA
 .text.UART_EndTxTransfer
                0x0000000008006c54       0x50 ./Drivers/STM32F4xx_HAL_Driver/Src/stm32f4xx_hal_uart.o
 .text.UART_EndRxTransfer
                0x0000000008006ca4       0xc6 ./Drivers/STM32F4xx_HAL_Driver/Src/stm32f4xx_hal_uart.o
 .text.UART_DMAAbortOnError
                0x0000000008006d6a       0x28 ./Drivers/STM32F4xx_HAL_Driver/Src/stm32f4xx_hal_uart.o
 .text.UART_Transmit_IT
                0x0000000008006d92       0xa0 ./Drivers/STM32F4xx_HAL_Driver/Src/stm32f4xx_hal_uart.o
 .text.UART_EndTransmit_IT
                0x0000000008006e32       0x30 ./Drivers/STM32F4xx_HAL_Driver/Src/stm32f4xx_hal_uart.o
 .text.UART_Receive_IT
                0x0000000008006e62      0x176 ./Drivers/STM32F4xx_HAL_Driver/Src/stm32f4xx_hal_uart.o
 .text.UART_SetConfig
                0x0000000008006fd8      0x4e8 ./Drivers/STM32F4xx_HAL_Driver/Src/stm32f4xx_hal_uart.o
 .text.__NVIC_SetPriority
                0x00000000080074c0       0x54 ./Middlewares/Third_Party/FreeRTOS/Source/CMSIS_RTOS_V2/cmsis_os2.o
 .text.SysTick_Handler
                0x0000000008007514       0x20 ./Middlewares/Third_Party/FreeRTOS/Source/CMSIS_RTOS_V2/cmsis_os2.o
                0x0000000008007514                SysTick_Handler
 .text.SVC_Setup
                0x0000000008007534       0x12 ./Middlewares/Third_Party/FreeRTOS/Source/CMSIS_RTOS_V2/cmsis_os2.o
 *fill*         0x0000000008007546        0x2 
 .text.osKernelInitialize
                0x0000000008007548       0x48 ./Middlewares/Third_Party/FreeRTOS/Source/CMSIS_RTOS_V2/cmsis_os2.o
                0x0000000008007548                osKernelInitialize
 .text.osKernelStart
                0x0000000008007590       0x4c ./Middlewares/Third_Party/FreeRTOS/Source/CMSIS_RTOS_V2/cmsis_os2.o
                0x0000000008007590                osKernelStart
 .text.osThreadNew
                0x00000000080075dc      0x124 ./Middlewares/Third_Party/FreeRTOS/Source/CMSIS_RTOS_V2/cmsis_os2.o
                0x00000000080075dc                osThreadNew
 .text.osDelay  0x0000000008007700       0x36 ./Middlewares/Third_Party/FreeRTOS/Source/CMSIS_RTOS_V2/cmsis_os2.o
                0x0000000008007700                osDelay
 *fill*         0x0000000008007736        0x2 
 .text.vApplicationGetIdleTaskMemory
                0x0000000008007738       0x34 ./Middlewares/Third_Party/FreeRTOS/Source/CMSIS_RTOS_V2/cmsis_os2.o
                0x0000000008007738                vApplicationGetIdleTaskMemory
 .text.vApplicationGetTimerTaskMemory
                0x000000000800776c       0x34 ./Middlewares/Third_Party/FreeRTOS/Source/CMSIS_RTOS_V2/cmsis_os2.o
                0x000000000800776c                vApplicationGetTimerTaskMemory
 .text.vListInitialise
                0x00000000080077a0       0x40 ./Middlewares/Third_Party/FreeRTOS/Source/list.o
                0x00000000080077a0                vListInitialise
 .text.vListInitialiseItem
                0x00000000080077e0       0x1a ./Middlewares/Third_Party/FreeRTOS/Source/list.o
                0x00000000080077e0                vListInitialiseItem
 .text.vListInsertEnd
                0x00000000080077fa       0x48 ./Middlewares/Third_Party/FreeRTOS/Source/list.o
                0x00000000080077fa                vListInsertEnd
 .text.vListInsert
                0x0000000008007842       0x72 ./Middlewares/Third_Party/FreeRTOS/Source/list.o
                0x0000000008007842                vListInsert
 .text.uxListRemove
                0x00000000080078b4       0x54 ./Middlewares/Third_Party/FreeRTOS/Source/list.o
                0x00000000080078b4                uxListRemove
 .text.xQueueGenericReset
                0x0000000008007908       0xd0 ./Middlewares/Third_Party/FreeRTOS/Source/queue.o
                0x0000000008007908                xQueueGenericReset
 .text.xQueueGenericCreateStatic
                0x00000000080079d8       0xf0 ./Middlewares/Third_Party/FreeRTOS/Source/queue.o
                0x00000000080079d8                xQueueGenericCreateStatic
 .text.prvInitialiseNewQueue
                0x0000000008007ac8       0x46 ./Middlewares/Third_Party/FreeRTOS/Source/queue.o
 *fill*         0x0000000008007b0e        0x2 
 .text.xQueueGenericSend
                0x0000000008007b10      0x1fc ./Middlewares/Third_Party/FreeRTOS/Source/queue.o
                0x0000000008007b10                xQueueGenericSend
 .text.xQueueGenericSendFromISR
                0x0000000008007d0c      0x136 ./Middlewares/Third_Party/FreeRTOS/Source/queue.o
                0x0000000008007d0c                xQueueGenericSendFromISR
 *fill*         0x0000000008007e42        0x2 
 .text.xQueueReceive
                0x0000000008007e44      0x1c0 ./Middlewares/Third_Party/FreeRTOS/Source/queue.o
                0x0000000008007e44                xQueueReceive
 .text.prvCopyDataToQueue
                0x0000000008008004       0xd4 ./Middlewares/Third_Party/FreeRTOS/Source/queue.o
 .text.prvCopyDataFromQueue
                0x00000000080080d8       0x4c ./Middlewares/Third_Party/FreeRTOS/Source/queue.o
 .text.prvUnlockQueue
                0x0000000008008124       0xa4 ./Middlewares/Third_Party/FreeRTOS/Source/queue.o
 .text.prvIsQueueEmpty
                0x00000000080081c8       0x2c ./Middlewares/Third_Party/FreeRTOS/Source/queue.o
 .text.prvIsQueueFull
                0x00000000080081f4       0x30 ./Middlewares/Third_Party/FreeRTOS/Source/queue.o
 .text.vQueueAddToRegistry
                0x0000000008008224       0x54 ./Middlewares/Third_Party/FreeRTOS/Source/queue.o
                0x0000000008008224                vQueueAddToRegistry
 .text.vQueueWaitForMessageRestricted
                0x0000000008008278       0x68 ./Middlewares/Third_Party/FreeRTOS/Source/queue.o
                0x0000000008008278                vQueueWaitForMessageRestricted
 .text.xTaskCreateStatic
                0x00000000080082e0       0xba ./Middlewares/Third_Party/FreeRTOS/Source/tasks.o
                0x00000000080082e0                xTaskCreateStatic
 .text.xTaskCreate
                0x000000000800839a       0x8a ./Middlewares/Third_Party/FreeRTOS/Source/tasks.o
                0x000000000800839a                xTaskCreate
 .text.prvInitialiseNewTask
                0x0000000008008424      0x14c ./Middlewares/Third_Party/FreeRTOS/Source/tasks.o
 .text.prvAddNewTaskToReadyList
                0x0000000008008570       0xe0 ./Middlewares/Third_Party/FreeRTOS/Source/tasks.o
 .text.vTaskDelay
                0x0000000008008650       0x68 ./Middlewares/Third_Party/FreeRTOS/Source/tasks.o
                0x0000000008008650                vTaskDelay
 .text.vTaskStartScheduler
                0x00000000080086b8       0xe0 ./Middlewares/Third_Party/FreeRTOS/Source/tasks.o
                0x00000000080086b8                vTaskStartScheduler
 .text.vTaskSuspendAll
                0x0000000008008798       0x1c ./Middlewares/Third_Party/FreeRTOS/Source/tasks.o
                0x0000000008008798                vTaskSuspendAll
 .text.xTaskResumeAll
                0x00000000080087b4      0x13c ./Middlewares/Third_Party/FreeRTOS/Source/tasks.o
                0x00000000080087b4                xTaskResumeAll
 .text.xTaskGetTickCount
                0x00000000080088f0       0x20 ./Middlewares/Third_Party/FreeRTOS/Source/tasks.o
                0x00000000080088f0                xTaskGetTickCount
 .text.xTaskIncrementTick
                0x0000000008008910      0x174 ./Middlewares/Third_Party/FreeRTOS/Source/tasks.o
                0x0000000008008910                xTaskIncrementTick
 .text.vTaskSwitchContext
                0x0000000008008a84       0xc8 ./Middlewares/Third_Party/FreeRTOS/Source/tasks.o
                0x0000000008008a84                vTaskSwitchContext
 .text.vTaskPlaceOnEventList
                0x0000000008008b4c       0x48 ./Middlewares/Third_Party/FreeRTOS/Source/tasks.o
                0x0000000008008b4c                vTaskPlaceOnEventList
 .text.vTaskPlaceOnEventListRestricted
                0x0000000008008b94       0x58 ./Middlewares/Third_Party/FreeRTOS/Source/tasks.o
                0x0000000008008b94                vTaskPlaceOnEventListRestricted
 .text.xTaskRemoveFromEventList
                0x0000000008008bec       0xc8 ./Middlewares/Third_Party/FreeRTOS/Source/tasks.o
                0x0000000008008bec                xTaskRemoveFromEventList
 .text.vTaskInternalSetTimeOutState
                0x0000000008008cb4       0x2c ./Middlewares/Third_Party/FreeRTOS/Source/tasks.o
                0x0000000008008cb4                vTaskInternalSetTimeOutState
 .text.xTaskCheckForTimeOut
                0x0000000008008ce0       0xc4 ./Middlewares/Third_Party/FreeRTOS/Source/tasks.o
                0x0000000008008ce0                xTaskCheckForTimeOut
 .text.vTaskMissedYield
                0x0000000008008da4       0x18 ./Middlewares/Third_Party/FreeRTOS/Source/tasks.o
                0x0000000008008da4                vTaskMissedYield
 .text.prvIdleTask
                0x0000000008008dbc       0x30 ./Middlewares/Third_Party/FreeRTOS/Source/tasks.o
 .text.prvInitialiseTaskLists
                0x0000000008008dec       0x80 ./Middlewares/Third_Party/FreeRTOS/Source/tasks.o
 .text.prvCheckTasksWaitingTermination
                0x0000000008008e6c       0x5c ./Middlewares/Third_Party/FreeRTOS/Source/tasks.o
 .text.prvDeleteTCB
                0x0000000008008ec8       0x68 ./Middlewares/Third_Party/FreeRTOS/Source/tasks.o
 .text.prvResetNextTaskUnblockTime
                0x0000000008008f30       0x40 ./Middlewares/Third_Party/FreeRTOS/Source/tasks.o
 .text.xTaskGetSchedulerState
                0x0000000008008f70       0x3c ./Middlewares/Third_Party/FreeRTOS/Source/tasks.o
                0x0000000008008f70                xTaskGetSchedulerState
 .text.xTaskPriorityDisinherit
                0x0000000008008fac       0xdc ./Middlewares/Third_Party/FreeRTOS/Source/tasks.o
                0x0000000008008fac                xTaskPriorityDisinherit
 .text.prvAddCurrentTaskToDelayedList
                0x0000000008009088       0xa8 ./Middlewares/Third_Party/FreeRTOS/Source/tasks.o
 .text.xTimerCreateTimerTask
                0x0000000008009130       0x90 ./Middlewares/Third_Party/FreeRTOS/Source/timers.o
                0x0000000008009130                xTimerCreateTimerTask
 .text.xTimerGenericCommand
                0x00000000080091c0       0x9c ./Middlewares/Third_Party/FreeRTOS/Source/timers.o
                0x00000000080091c0                xTimerGenericCommand
 .text.prvProcessExpiredTimer
                0x000000000800925c       0x98 ./Middlewares/Third_Party/FreeRTOS/Source/timers.o
 .text.prvTimerTask
                0x00000000080092f4       0x24 ./Middlewares/Third_Party/FreeRTOS/Source/timers.o
 .text.prvProcessTimerOrBlockTask
                0x0000000008009318       0x9c ./Middlewares/Third_Party/FreeRTOS/Source/timers.o
 .text.prvGetNextExpireTime
                0x00000000080093b4       0x48 ./Middlewares/Third_Party/FreeRTOS/Source/timers.o
 .text.prvSampleTimeNow
                0x00000000080093fc       0x40 ./Middlewares/Third_Party/FreeRTOS/Source/timers.o
 .text.prvInsertTimerInActiveList
                0x000000000800943c       0x84 ./Middlewares/Third_Party/FreeRTOS/Source/timers.o
 .text.prvProcessReceivedCommands
                0x00000000080094c0      0x1c4 ./Middlewares/Third_Party/FreeRTOS/Source/timers.o
 .text.prvSwitchTimerLists
                0x0000000008009684       0xc8 ./Middlewares/Third_Party/FreeRTOS/Source/timers.o
 .text.prvCheckForValidListAndQueue
                0x000000000800974c       0x80 ./Middlewares/Third_Party/FreeRTOS/Source/timers.o
 .text.pxPortInitialiseStack
                0x00000000080097cc       0x68 ./Middlewares/Third_Party/FreeRTOS/Source/portable/GCC/ARM_CM4F/port.o
                0x00000000080097cc                pxPortInitialiseStack
 .text.prvTaskExitError
                0x0000000008009834       0x58 ./Middlewares/Third_Party/FreeRTOS/Source/portable/GCC/ARM_CM4F/port.o
 *fill*         0x000000000800988c        0x4 
 .text.SVC_Handler
                0x0000000008009890       0x28 ./Middlewares/Third_Party/FreeRTOS/Source/portable/GCC/ARM_CM4F/port.o
                0x0000000008009890                SVC_Handler
 .text.prvPortStartFirstTask
                0x00000000080098b8       0x28 ./Middlewares/Third_Party/FreeRTOS/Source/portable/GCC/ARM_CM4F/port.o
 .text.xPortStartScheduler
                0x00000000080098e0      0x144 ./Middlewares/Third_Party/FreeRTOS/Source/portable/GCC/ARM_CM4F/port.o
                0x00000000080098e0                xPortStartScheduler
 .text.vPortEnterCritical
                0x0000000008009a24       0x60 ./Middlewares/Third_Party/FreeRTOS/Source/portable/GCC/ARM_CM4F/port.o
                0x0000000008009a24                vPortEnterCritical
 .text.vPortExitCritical
                0x0000000008009a84       0x54 ./Middlewares/Third_Party/FreeRTOS/Source/portable/GCC/ARM_CM4F/port.o
                0x0000000008009a84                vPortExitCritical
 *fill*         0x0000000008009ad8        0x8 
 .text.PendSV_Handler
                0x0000000008009ae0       0x68 ./Middlewares/Third_Party/FreeRTOS/Source/portable/GCC/ARM_CM4F/port.o
                0x0000000008009ae0                PendSV_Handler
 .text.xPortSysTickHandler
                0x0000000008009b48       0x44 ./Middlewares/Third_Party/FreeRTOS/Source/portable/GCC/ARM_CM4F/port.o
                0x0000000008009b48                xPortSysTickHandler
 .text.vPortSetupTimerInterrupt
                0x0000000008009b8c       0x48 ./Middlewares/Third_Party/FreeRTOS/Source/portable/GCC/ARM_CM4F/port.o
                0x0000000008009b8c                vPortSetupTimerInterrupt
 .text.vPortEnableVFP
                0x0000000008009bd4       0x14 ./Middlewares/Third_Party/FreeRTOS/Source/portable/GCC/ARM_CM4F/port.o
 .text.vPortValidateInterruptPriority
                0x0000000008009be8       0x80 ./Middlewares/Third_Party/FreeRTOS/Source/portable/GCC/ARM_CM4F/port.o
                0x0000000008009be8                vPortValidateInterruptPriority
 .text.pvPortMalloc
                0x0000000008009c68      0x198 ./Middlewares/Third_Party/FreeRTOS/Source/portable/MemMang/heap_4.o
                0x0000000008009c68                pvPortMalloc
 .text.vPortFree
                0x0000000008009e00       0xc4 ./Middlewares/Third_Party/FreeRTOS/Source/portable/MemMang/heap_4.o
                0x0000000008009e00                vPortFree
 .text.prvHeapInit
                0x0000000008009ec4       0xc4 ./Middlewares/Third_Party/FreeRTOS/Source/portable/MemMang/heap_4.o
 .text.prvInsertBlockIntoFreeList
                0x0000000008009f88       0xb4 ./Middlewares/Third_Party/FreeRTOS/Source/portable/MemMang/heap_4.o
 .text.__libc_init_array
                0x000000000800a03c       0x48 d:/cubeide/stm32cubeide_1.10.1/stm32cubeide/plugins/com.st.stm32cube.ide.mcu.externaltools.gnu-tools-for-stm32.10.3-2021.10.win32_1.0.0.202111181127/tools/bin/../lib/gcc/arm-none-eabi/10.3.1/../../../../arm-none-eabi/lib/thumb/v7e-m+fp/hard\libc_nano.a(lib_a-init.o)
                0x000000000800a03c                __libc_init_array
 .text.__retarget_lock_acquire_recursive
                0x000000000800a084        0x2 d:/cubeide/stm32cubeide_1.10.1/stm32cubeide/plugins/com.st.stm32cube.ide.mcu.externaltools.gnu-tools-for-stm32.10.3-2021.10.win32_1.0.0.202111181127/tools/bin/../lib/gcc/arm-none-eabi/10.3.1/../../../../arm-none-eabi/lib/thumb/v7e-m+fp/hard\libc_nano.a(lib_a-lock.o)
                0x000000000800a084                __retarget_lock_acquire_recursive
 .text.__retarget_lock_release_recursive
                0x000000000800a086        0x2 d:/cubeide/stm32cubeide_1.10.1/stm32cubeide/plugins/com.st.stm32cube.ide.mcu.externaltools.gnu-tools-for-stm32.10.3-2021.10.win32_1.0.0.202111181127/tools/bin/../lib/gcc/arm-none-eabi/10.3.1/../../../../arm-none-eabi/lib/thumb/v7e-m+fp/hard\libc_nano.a(lib_a-lock.o)
                0x000000000800a086                __retarget_lock_release_recursive
 .text.memcpy   0x000000000800a088       0x1c d:/cubeide/stm32cubeide_1.10.1/stm32cubeide/plugins/com.st.stm32cube.ide.mcu.externaltools.gnu-tools-for-stm32.10.3-2021.10.win32_1.0.0.202111181127/tools/bin/../lib/gcc/arm-none-eabi/10.3.1/../../../../arm-none-eabi/lib/thumb/v7e-m+fp/hard\libc_nano.a(lib_a-memcpy-stub.o)
                0x000000000800a088                memcpy
 .text.memset   0x000000000800a0a4       0x10 d:/cubeide/stm32cubeide_1.10.1/stm32cubeide/plugins/com.st.stm32cube.ide.mcu.externaltools.gnu-tools-for-stm32.10.3-2021.10.win32_1.0.0.202111181127/tools/bin/../lib/gcc/arm-none-eabi/10.3.1/../../../../arm-none-eabi/lib/thumb/v7e-m+fp/hard\libc_nano.a(lib_a-memset.o)
                0x000000000800a0a4                memset
 .text.cleanup_glue
                0x000000000800a0b4       0x1a d:/cubeide/stm32cubeide_1.10.1/stm32cubeide/plugins/com.st.stm32cube.ide.mcu.externaltools.gnu-tools-for-stm32.10.3-2021.10.win32_1.0.0.202111181127/tools/bin/../lib/gcc/arm-none-eabi/10.3.1/../../../../arm-none-eabi/lib/thumb/v7e-m+fp/hard\libc_nano.a(lib_a-reent.o)
                0x000000000800a0b4                cleanup_glue
 *fill*         0x000000000800a0ce        0x2 
 .text._reclaim_reent
                0x000000000800a0d0       0xb8 d:/cubeide/stm32cubeide_1.10.1/stm32cubeide/plugins/com.st.stm32cube.ide.mcu.externaltools.gnu-tools-for-stm32.10.3-2021.10.win32_1.0.0.202111181127/tools/bin/../lib/gcc/arm-none-eabi/10.3.1/../../../../arm-none-eabi/lib/thumb/v7e-m+fp/hard\libc_nano.a(lib_a-reent.o)
                0x000000000800a0d0                _reclaim_reent
 .text.__malloc_lock
                0x000000000800a188        0xc d:/cubeide/stm32cubeide_1.10.1/stm32cubeide/plugins/com.st.stm32cube.ide.mcu.externaltools.gnu-tools-for-stm32.10.3-2021.10.win32_1.0.0.202111181127/tools/bin/../lib/gcc/arm-none-eabi/10.3.1/../../../../arm-none-eabi/lib/thumb/v7e-m+fp/hard\libc_nano.a(lib_a-mlock.o)
                0x000000000800a188                __malloc_lock
 .text.__malloc_unlock
                0x000000000800a194        0xc d:/cubeide/stm32cubeide_1.10.1/stm32cubeide/plugins/com.st.stm32cube.ide.mcu.externaltools.gnu-tools-for-stm32.10.3-2021.10.win32_1.0.0.202111181127/tools/bin/../lib/gcc/arm-none-eabi/10.3.1/../../../../arm-none-eabi/lib/thumb/v7e-m+fp/hard\libc_nano.a(lib_a-mlock.o)
                0x000000000800a194                __malloc_unlock
 .text._free_r  0x000000000800a1a0       0x98 d:/cubeide/stm32cubeide_1.10.1/stm32cubeide/plugins/com.st.stm32cube.ide.mcu.externaltools.gnu-tools-for-stm32.10.3-2021.10.win32_1.0.0.202111181127/tools/bin/../lib/gcc/arm-none-eabi/10.3.1/../../../../arm-none-eabi/lib/thumb/v7e-m+fp/hard\libc_nano.a(lib_a-nano-freer.o)
                0x000000000800a1a0                _free_r
 *(.glue_7)
 .glue_7        0x000000000800a238        0x0 linker stubs
 *(.glue_7t)
 .glue_7t       0x000000000800a238        0x0 linker stubs
 *(.eh_frame)
 .eh_frame      0x000000000800a238        0x0 d:/cubeide/stm32cubeide_1.10.1/stm32cubeide/plugins/com.st.stm32cube.ide.mcu.externaltools.gnu-tools-for-stm32.10.3-2021.10.win32_1.0.0.202111181127/tools/bin/../lib/gcc/arm-none-eabi/10.3.1/thumb/v7e-m+fp/hard/crtbegin.o
 *(.init)
 .init          0x000000000800a238        0x4 d:/cubeide/stm32cubeide_1.10.1/stm32cubeide/plugins/com.st.stm32cube.ide.mcu.externaltools.gnu-tools-for-stm32.10.3-2021.10.win32_1.0.0.202111181127/tools/bin/../lib/gcc/arm-none-eabi/10.3.1/thumb/v7e-m+fp/hard/crti.o
                0x000000000800a238                _init
 .init          0x000000000800a23c        0x8 d:/cubeide/stm32cubeide_1.10.1/stm32cubeide/plugins/com.st.stm32cube.ide.mcu.externaltools.gnu-tools-for-stm32.10.3-2021.10.win32_1.0.0.202111181127/tools/bin/../lib/gcc/arm-none-eabi/10.3.1/thumb/v7e-m+fp/hard/crtn.o
 *(.fini)
 .fini          0x000000000800a244        0x4 d:/cubeide/stm32cubeide_1.10.1/stm32cubeide/plugins/com.st.stm32cube.ide.mcu.externaltools.gnu-tools-for-stm32.10.3-2021.10.win32_1.0.0.202111181127/tools/bin/../lib/gcc/arm-none-eabi/10.3.1/thumb/v7e-m+fp/hard/crti.o
                0x000000000800a244                _fini
 .fini          0x000000000800a248        0x8 d:/cubeide/stm32cubeide_1.10.1/stm32cubeide/plugins/com.st.stm32cube.ide.mcu.externaltools.gnu-tools-for-stm32.10.3-2021.10.win32_1.0.0.202111181127/tools/bin/../lib/gcc/arm-none-eabi/10.3.1/thumb/v7e-m+fp/hard/crtn.o
                0x000000000800a250                . = ALIGN (0x4)
                0x000000000800a250                _etext = .

.vfp11_veneer   0x000000000800a250        0x0
 .vfp11_veneer  0x000000000800a250        0x0 linker stubs

.v4_bx          0x000000000800a250        0x0
 .v4_bx         0x000000000800a250        0x0 linker stubs

.iplt           0x000000000800a250        0x0
 .iplt          0x000000000800a250        0x0 d:/cubeide/stm32cubeide_1.10.1/stm32cubeide/plugins/com.st.stm32cube.ide.mcu.externaltools.gnu-tools-for-stm32.10.3-2021.10.win32_1.0.0.202111181127/tools/bin/../lib/gcc/arm-none-eabi/10.3.1/thumb/v7e-m+fp/hard/crtbegin.o

.rodata         0x000000000800a250      0x1c0
                0x000000000800a250                . = ALIGN (0x4)
 *(.rodata)
 .rodata        0x000000000800a250       0x4d ./Core/Src/freertos.o
 *fill*         0x000000000800a29d        0x3 
 .rodata        0x000000000800a2a0        0x5 ./Middlewares/Third_Party/FreeRTOS/Source/tasks.o
 *fill*         0x000000000800a2a5        0x3 
 .rodata        0x000000000800a2a8        0xd ./Middlewares/Third_Party/FreeRTOS/Source/timers.o
 *(.rodata*)
 *fill*         0x000000000800a2b5        0x3 
 .rodata.defaultTask_attributes
                0x000000000800a2b8       0x24 ./Core/Src/freertos.o
                0x000000000800a2b8                defaultTask_attributes
 .rodata.SendMessage_attributes
                0x000000000800a2dc       0x24 ./Core/Src/freertos.o
                0x000000000800a2dc                SendMessage_attributes
 .rodata.ReceiveMessage_attributes
                0x000000000800a300       0x24 ./Core/Src/freertos.o
                0x000000000800a300                ReceiveMessage_attributes
 .rodata.ChangeTarget_attributes
                0x000000000800a324       0x24 ./Core/Src/freertos.o
                0x000000000800a324                ChangeTarget_attributes
 .rodata.PWM_Test_attributes
                0x000000000800a348       0x24 ./Core/Src/freertos.o
                0x000000000800a348                PWM_Test_attributes
 .rodata.IMU_Read_attributes
                0x000000000800a36c       0x24 ./Core/Src/freertos.o
                0x000000000800a36c                IMU_Read_attributes
 .rodata.AHBPrescTable
                0x000000000800a390       0x10 ./Core/Src/system_stm32f4xx.o
                0x000000000800a390                AHBPrescTable
 .rodata.APBPrescTable
                0x000000000800a3a0        0x8 ./Core/Src/system_stm32f4xx.o
                0x000000000800a3a0                APBPrescTable
 .rodata.flagBitshiftOffset.0
                0x000000000800a3a8        0x8 ./Drivers/STM32F4xx_HAL_Driver/Src/stm32f4xx_hal_dma.o
 .rodata.__sf_fake_stderr
                0x000000000800a3b0       0x20 d:/cubeide/stm32cubeide_1.10.1/stm32cubeide/plugins/com.st.stm32cube.ide.mcu.externaltools.gnu-tools-for-stm32.10.3-2021.10.win32_1.0.0.202111181127/tools/bin/../lib/gcc/arm-none-eabi/10.3.1/../../../../arm-none-eabi/lib/thumb/v7e-m+fp/hard\libc_nano.a(lib_a-findfp.o)
                0x000000000800a3b0                __sf_fake_stderr
 .rodata.__sf_fake_stdin
                0x000000000800a3d0       0x20 d:/cubeide/stm32cubeide_1.10.1/stm32cubeide/plugins/com.st.stm32cube.ide.mcu.externaltools.gnu-tools-for-stm32.10.3-2021.10.win32_1.0.0.202111181127/tools/bin/../lib/gcc/arm-none-eabi/10.3.1/../../../../arm-none-eabi/lib/thumb/v7e-m+fp/hard\libc_nano.a(lib_a-findfp.o)
                0x000000000800a3d0                __sf_fake_stdin
 .rodata.__sf_fake_stdout
                0x000000000800a3f0       0x20 d:/cubeide/stm32cubeide_1.10.1/stm32cubeide/plugins/com.st.stm32cube.ide.mcu.externaltools.gnu-tools-for-stm32.10.3-2021.10.win32_1.0.0.202111181127/tools/bin/../lib/gcc/arm-none-eabi/10.3.1/../../../../arm-none-eabi/lib/thumb/v7e-m+fp/hard\libc_nano.a(lib_a-findfp.o)
                0x000000000800a3f0                __sf_fake_stdout
                0x000000000800a410                . = ALIGN (0x4)

.ARM.extab      0x000000000800a410        0x0
                0x000000000800a410                . = ALIGN (0x4)
 *(.ARM.extab* .gnu.linkonce.armextab.*)
                0x000000000800a410                . = ALIGN (0x4)

.ARM            0x000000000800a410        0x8
                0x000000000800a410                . = ALIGN (0x4)
                0x000000000800a410                __exidx_start = .
 *(.ARM.exidx*)
 .ARM.exidx     0x000000000800a410        0x8 d:/cubeide/stm32cubeide_1.10.1/stm32cubeide/plugins/com.st.stm32cube.ide.mcu.externaltools.gnu-tools-for-stm32.10.3-2021.10.win32_1.0.0.202111181127/tools/bin/../lib/gcc/arm-none-eabi/10.3.1/thumb/v7e-m+fp/hard\libgcc.a(_udivmoddi4.o)
                0x000000000800a418                __exidx_end = .
                0x000000000800a418                . = ALIGN (0x4)

.rel.dyn        0x000000000800a418        0x0
 .rel.iplt      0x000000000800a418        0x0 d:/cubeide/stm32cubeide_1.10.1/stm32cubeide/plugins/com.st.stm32cube.ide.mcu.externaltools.gnu-tools-for-stm32.10.3-2021.10.win32_1.0.0.202111181127/tools/bin/../lib/gcc/arm-none-eabi/10.3.1/thumb/v7e-m+fp/hard/crtbegin.o

.preinit_array  0x000000000800a418        0x0
                0x000000000800a418                . = ALIGN (0x4)
                0x000000000800a418                PROVIDE (__preinit_array_start = .)
 *(.preinit_array*)
                0x000000000800a418                PROVIDE (__preinit_array_end = .)
                0x000000000800a418                . = ALIGN (0x4)

.init_array     0x000000000800a418        0x4
                0x000000000800a418                . = ALIGN (0x4)
                0x000000000800a418                PROVIDE (__init_array_start = .)
 *(SORT_BY_NAME(.init_array.*))
 *(.init_array*)
 .init_array    0x000000000800a418        0x4 d:/cubeide/stm32cubeide_1.10.1/stm32cubeide/plugins/com.st.stm32cube.ide.mcu.externaltools.gnu-tools-for-stm32.10.3-2021.10.win32_1.0.0.202111181127/tools/bin/../lib/gcc/arm-none-eabi/10.3.1/thumb/v7e-m+fp/hard/crtbegin.o
                0x000000000800a41c                PROVIDE (__init_array_end = .)
                0x000000000800a41c                . = ALIGN (0x4)

.fini_array     0x000000000800a41c        0x4
                0x000000000800a41c                . = ALIGN (0x4)
                [!provide]                        PROVIDE (__fini_array_start = .)
 *(SORT_BY_NAME(.fini_array.*))
 *(.fini_array*)
 .fini_array    0x000000000800a41c        0x4 d:/cubeide/stm32cubeide_1.10.1/stm32cubeide/plugins/com.st.stm32cube.ide.mcu.externaltools.gnu-tools-for-stm32.10.3-2021.10.win32_1.0.0.202111181127/tools/bin/../lib/gcc/arm-none-eabi/10.3.1/thumb/v7e-m+fp/hard/crtbegin.o
                [!provide]                        PROVIDE (__fini_array_end = .)
                0x000000000800a420                . = ALIGN (0x4)
                0x000000000800a420                _sidata = LOADADDR (.data)

.data           0x0000000020000000      0x1bc load address 0x000000000800a420
                0x0000000020000000                . = ALIGN (0x4)
                0x0000000020000000                _sdata = .
 *(.data)
 *(.data*)
 .data.Message  0x0000000020000000        0x6 ./Core/Src/main.o
                0x0000000020000000                Message
 *fill*         0x0000000020000006        0x2 
 .data.PID_SpeedCtrl_Config
                0x0000000020000008       0xa0 ./Core/Src/pid.o
                0x0000000020000008                PID_SpeedCtrl_Config
 .data.PID_AngleCtrl_Config
                0x00000000200000a8       0xa0 ./Core/Src/pid.o
                0x00000000200000a8                PID_AngleCtrl_Config
 .data.SystemCoreClock
                0x0000000020000148        0x4 ./Core/Src/system_stm32f4xx.o
                0x0000000020000148                SystemCoreClock
 .data.uwTickPrio
                0x000000002000014c        0x4 ./Drivers/STM32F4xx_HAL_Driver/Src/stm32f4xx_hal.o
                0x000000002000014c                uwTickPrio
 .data.uwTickFreq
                0x0000000020000150        0x1 ./Drivers/STM32F4xx_HAL_Driver/Src/stm32f4xx_hal.o
                0x0000000020000150                uwTickFreq
 *fill*         0x0000000020000151        0x3 
 .data.uxCriticalNesting
                0x0000000020000154        0x4 ./Middlewares/Third_Party/FreeRTOS/Source/portable/GCC/ARM_CM4F/port.o
 .data._impure_ptr
                0x0000000020000158        0x4 d:/cubeide/stm32cubeide_1.10.1/stm32cubeide/plugins/com.st.stm32cube.ide.mcu.externaltools.gnu-tools-for-stm32.10.3-2021.10.win32_1.0.0.202111181127/tools/bin/../lib/gcc/arm-none-eabi/10.3.1/../../../../arm-none-eabi/lib/thumb/v7e-m+fp/hard\libc_nano.a(lib_a-impure.o)
                0x0000000020000158                _impure_ptr
 .data.impure_data
                0x000000002000015c       0x60 d:/cubeide/stm32cubeide_1.10.1/stm32cubeide/plugins/com.st.stm32cube.ide.mcu.externaltools.gnu-tools-for-stm32.10.3-2021.10.win32_1.0.0.202111181127/tools/bin/../lib/gcc/arm-none-eabi/10.3.1/../../../../arm-none-eabi/lib/thumb/v7e-m+fp/hard\libc_nano.a(lib_a-impure.o)
 *(.RamFunc)
 *(.RamFunc*)
                0x00000000200001bc                . = ALIGN (0x4)
                0x00000000200001bc                _edata = .
                0x000000000800a5dc                _siccmram = LOADADDR (.ccmram)

.igot.plt       0x00000000200001bc        0x0 load address 0x000000000800a5dc
 .igot.plt      0x00000000200001bc        0x0 d:/cubeide/stm32cubeide_1.10.1/stm32cubeide/plugins/com.st.stm32cube.ide.mcu.externaltools.gnu-tools-for-stm32.10.3-2021.10.win32_1.0.0.202111181127/tools/bin/../lib/gcc/arm-none-eabi/10.3.1/thumb/v7e-m+fp/hard/crtbegin.o

.ccmram         0x0000000010000000        0x0 load address 0x000000000800a5dc
                0x0000000010000000                . = ALIGN (0x4)
                0x0000000010000000                _sccmram = .
 *(.ccmram)
 *(.ccmram*)
                0x0000000010000000                . = ALIGN (0x4)
                0x0000000010000000                _eccmram = .
                0x0000000010000000                . = ALIGN (0x4)

.bss            0x00000000200001bc     0x52f4
                0x00000000200001bc                _sbss = .
                0x00000000200001bc                __bss_start__ = _sbss
 *(.bss)
 .bss           0x00000000200001bc       0x1c d:/cubeide/stm32cubeide_1.10.1/stm32cubeide/plugins/com.st.stm32cube.ide.mcu.externaltools.gnu-tools-for-stm32.10.3-2021.10.win32_1.0.0.202111181127/tools/bin/../lib/gcc/arm-none-eabi/10.3.1/thumb/v7e-m+fp/hard/crtbegin.o
 *(.bss*)
 .bss.BMI088_Accel
                0x00000000200001d8        0xc ./Core/Src/IMU.o
                0x00000000200001d8                BMI088_Accel
 .bss.BMI088_Gyro
                0x00000000200001e4        0xc ./Core/Src/IMU.o
                0x00000000200001e4                BMI088_Gyro
 .bss.spi_TxData
                0x00000000200001f0        0x1 ./Core/Src/IMU.o
                0x00000000200001f0                spi_TxData
 *fill*         0x00000000200001f1        0x3 
 .bss.Can_RxData
                0x00000000200001f4        0x8 ./Core/Src/can.o
                0x00000000200001f4                Can_RxData
 .bss.Can_TxData
                0x00000000200001fc        0x8 ./Core/Src/can.o
                0x00000000200001fc                Can_TxData
 .bss.Can_cmdHeader
                0x0000000020000204       0xc0 ./Core/Src/can.o
                0x0000000020000204                Can_cmdHeader
 .bss.Can_recHeader
                0x00000000200002c4       0xe0 ./Core/Src/can.o
                0x00000000200002c4                Can_recHeader
 .bss.sCan_RxHeader
                0x00000000200003a4       0x1c ./Core/Src/can.o
                0x00000000200003a4                sCan_RxHeader
 .bss.hcan1     0x00000000200003c0       0x28 ./Core/Src/can.o
                0x00000000200003c0                hcan1
 .bss.uart_rxbuff
                0x00000000200003e8        0x1 ./Core/Src/freertos.o
                0x00000000200003e8                uart_rxbuff
 *fill*         0x00000000200003e9        0x3 
 .bss.defaultTaskHandle
                0x00000000200003ec        0x4 ./Core/Src/freertos.o
                0x00000000200003ec                defaultTaskHandle
 .bss.SendMessageHandle
                0x00000000200003f0        0x4 ./Core/Src/freertos.o
                0x00000000200003f0                SendMessageHandle
 .bss.ReceiveMessageHandle
                0x00000000200003f4        0x4 ./Core/Src/freertos.o
                0x00000000200003f4                ReceiveMessageHandle
 .bss.ChangeTargetHandle
                0x00000000200003f8        0x4 ./Core/Src/freertos.o
                0x00000000200003f8                ChangeTargetHandle
 .bss.PWM_TestHandle
                0x00000000200003fc        0x4 ./Core/Src/freertos.o
                0x00000000200003fc                PWM_TestHandle
 .bss.IMU_ReadHandle
                0x0000000020000400        0x4 ./Core/Src/freertos.o
                0x0000000020000400                IMU_ReadHandle
 .bss.temp.0    0x0000000020000404        0x2 ./Core/Src/freertos.o
 *fill*         0x0000000020000406        0x2 
 .bss.Klm_Motor
                0x0000000020000408       0xa8 ./Core/Src/kalman.o
                0x0000000020000408                Klm_Motor
 .bss.PID_Motor_Speed
                0x00000000200004b0      0x180 ./Core/Src/pid.o
                0x00000000200004b0                PID_Motor_Speed
 .bss.PID_Motor_Angle
                0x0000000020000630      0x180 ./Core/Src/pid.o
                0x0000000020000630                PID_Motor_Angle
 .bss.Motor     0x00000000200007b0       0xa0 ./Core/Src/pid.o
                0x00000000200007b0                Motor
 .bss.RC_Ctl    0x0000000020000850       0x16 ./Core/Src/remote.o
                0x0000000020000850                RC_Ctl
 *fill*         0x0000000020000866        0x2 
 .bss.RC_buff   0x0000000020000868       0x12 ./Core/Src/remote.o
                0x0000000020000868                RC_buff
 *fill*         0x000000002000087a        0x2 
 .bss.hspi1     0x000000002000087c       0x58 ./Core/Src/spi.o
                0x000000002000087c                hspi1
 .bss.htim6     0x00000000200008d4       0x48 ./Core/Src/stm32f4xx_hal_timebase_tim.o
                0x00000000200008d4                htim6
 .bss.htim1     0x000000002000091c       0x48 ./Core/Src/tim.o
                0x000000002000091c                htim1
 .bss.htim5     0x0000000020000964       0x48 ./Core/Src/tim.o
                0x0000000020000964                htim5
 .bss.huart1    0x00000000200009ac       0x44 ./Core/Src/usart.o
                0x00000000200009ac                huart1
 .bss.huart3    0x00000000200009f0       0x44 ./Core/Src/usart.o
                0x00000000200009f0                huart3
 .bss.hdma_usart3_rx
                0x0000000020000a34       0x60 ./Core/Src/usart.o
                0x0000000020000a34                hdma_usart3_rx
 .bss.uwTick    0x0000000020000a94        0x4 ./Drivers/STM32F4xx_HAL_Driver/Src/stm32f4xx_hal.o
                0x0000000020000a94                uwTick
 .bss.KernelState
                0x0000000020000a98        0x4 ./Middlewares/Third_Party/FreeRTOS/Source/CMSIS_RTOS_V2/cmsis_os2.o
 .bss.Idle_TCB.3
                0x0000000020000a9c       0xbc ./Middlewares/Third_Party/FreeRTOS/Source/CMSIS_RTOS_V2/cmsis_os2.o
 .bss.Idle_Stack.2
                0x0000000020000b58      0x200 ./Middlewares/Third_Party/FreeRTOS/Source/CMSIS_RTOS_V2/cmsis_os2.o
 .bss.Timer_TCB.1
                0x0000000020000d58       0xbc ./Middlewares/Third_Party/FreeRTOS/Source/CMSIS_RTOS_V2/cmsis_os2.o
 .bss.Timer_Stack.0
                0x0000000020000e14      0x400 ./Middlewares/Third_Party/FreeRTOS/Source/CMSIS_RTOS_V2/cmsis_os2.o
 .bss.xQueueRegistry
                0x0000000020001214       0x40 ./Middlewares/Third_Party/FreeRTOS/Source/queue.o
                0x0000000020001214                xQueueRegistry
 .bss.pxCurrentTCB
                0x0000000020001254        0x4 ./Middlewares/Third_Party/FreeRTOS/Source/tasks.o
                0x0000000020001254                pxCurrentTCB
 .bss.pxReadyTasksLists
                0x0000000020001258      0x460 ./Middlewares/Third_Party/FreeRTOS/Source/tasks.o
 .bss.xDelayedTaskList1
                0x00000000200016b8       0x14 ./Middlewares/Third_Party/FreeRTOS/Source/tasks.o
 .bss.xDelayedTaskList2
                0x00000000200016cc       0x14 ./Middlewares/Third_Party/FreeRTOS/Source/tasks.o
 .bss.pxDelayedTaskList
                0x00000000200016e0        0x4 ./Middlewares/Third_Party/FreeRTOS/Source/tasks.o
 .bss.pxOverflowDelayedTaskList
                0x00000000200016e4        0x4 ./Middlewares/Third_Party/FreeRTOS/Source/tasks.o
 .bss.xPendingReadyList
                0x00000000200016e8       0x14 ./Middlewares/Third_Party/FreeRTOS/Source/tasks.o
 .bss.xTasksWaitingTermination
                0x00000000200016fc       0x14 ./Middlewares/Third_Party/FreeRTOS/Source/tasks.o
 .bss.uxDeletedTasksWaitingCleanUp
                0x0000000020001710        0x4 ./Middlewares/Third_Party/FreeRTOS/Source/tasks.o
 .bss.xSuspendedTaskList
                0x0000000020001714       0x14 ./Middlewares/Third_Party/FreeRTOS/Source/tasks.o
 .bss.uxCurrentNumberOfTasks
                0x0000000020001728        0x4 ./Middlewares/Third_Party/FreeRTOS/Source/tasks.o
 .bss.xTickCount
                0x000000002000172c        0x4 ./Middlewares/Third_Party/FreeRTOS/Source/tasks.o
 .bss.uxTopReadyPriority
                0x0000000020001730        0x4 ./Middlewares/Third_Party/FreeRTOS/Source/tasks.o
 .bss.xSchedulerRunning
                0x0000000020001734        0x4 ./Middlewares/Third_Party/FreeRTOS/Source/tasks.o
 .bss.xPendedTicks
                0x0000000020001738        0x4 ./Middlewares/Third_Party/FreeRTOS/Source/tasks.o
 .bss.xYieldPending
                0x000000002000173c        0x4 ./Middlewares/Third_Party/FreeRTOS/Source/tasks.o
 .bss.xNumOfOverflows
                0x0000000020001740        0x4 ./Middlewares/Third_Party/FreeRTOS/Source/tasks.o
 .bss.uxTaskNumber
                0x0000000020001744        0x4 ./Middlewares/Third_Party/FreeRTOS/Source/tasks.o
 .bss.xNextTaskUnblockTime
                0x0000000020001748        0x4 ./Middlewares/Third_Party/FreeRTOS/Source/tasks.o
 .bss.xIdleTaskHandle
                0x000000002000174c        0x4 ./Middlewares/Third_Party/FreeRTOS/Source/tasks.o
 .bss.uxSchedulerSuspended
                0x0000000020001750        0x4 ./Middlewares/Third_Party/FreeRTOS/Source/tasks.o
 .bss.xActiveTimerList1
                0x0000000020001754       0x14 ./Middlewares/Third_Party/FreeRTOS/Source/timers.o
 .bss.xActiveTimerList2
                0x0000000020001768       0x14 ./Middlewares/Third_Party/FreeRTOS/Source/timers.o
 .bss.pxCurrentTimerList
                0x000000002000177c        0x4 ./Middlewares/Third_Party/FreeRTOS/Source/timers.o
 .bss.pxOverflowTimerList
                0x0000000020001780        0x4 ./Middlewares/Third_Party/FreeRTOS/Source/timers.o
 .bss.xTimerQueue
                0x0000000020001784        0x4 ./Middlewares/Third_Party/FreeRTOS/Source/timers.o
 .bss.xTimerTaskHandle
                0x0000000020001788        0x4 ./Middlewares/Third_Party/FreeRTOS/Source/timers.o
 .bss.xLastTime.2
                0x000000002000178c        0x4 ./Middlewares/Third_Party/FreeRTOS/Source/timers.o
 .bss.ucStaticTimerQueueStorage.1
                0x0000000020001790       0xa0 ./Middlewares/Third_Party/FreeRTOS/Source/timers.o
 .bss.xStaticTimerQueue.0
                0x0000000020001830       0x50 ./Middlewares/Third_Party/FreeRTOS/Source/timers.o
 .bss.ucMaxSysCallPriority
                0x0000000020001880        0x1 ./Middlewares/Third_Party/FreeRTOS/Source/portable/GCC/ARM_CM4F/port.o
 *fill*         0x0000000020001881        0x3 
 .bss.ulMaxPRIGROUPValue
                0x0000000020001884        0x4 ./Middlewares/Third_Party/FreeRTOS/Source/portable/GCC/ARM_CM4F/port.o
 .bss.ucHeap    0x0000000020001888     0x3c00 ./Middlewares/Third_Party/FreeRTOS/Source/portable/MemMang/heap_4.o
 .bss.xStart    0x0000000020005488        0x8 ./Middlewares/Third_Party/FreeRTOS/Source/portable/MemMang/heap_4.o
 .bss.pxEnd     0x0000000020005490        0x4 ./Middlewares/Third_Party/FreeRTOS/Source/portable/MemMang/heap_4.o
 .bss.xFreeBytesRemaining
                0x0000000020005494        0x4 ./Middlewares/Third_Party/FreeRTOS/Source/portable/MemMang/heap_4.o
 .bss.xMinimumEverFreeBytesRemaining
                0x0000000020005498        0x4 ./Middlewares/Third_Party/FreeRTOS/Source/portable/MemMang/heap_4.o
 .bss.xNumberOfSuccessfulAllocations
                0x000000002000549c        0x4 ./Middlewares/Third_Party/FreeRTOS/Source/portable/MemMang/heap_4.o
 .bss.xNumberOfSuccessfulFrees
                0x00000000200054a0        0x4 ./Middlewares/Third_Party/FreeRTOS/Source/portable/MemMang/heap_4.o
 .bss.xBlockAllocatedBit
                0x00000000200054a4        0x4 ./Middlewares/Third_Party/FreeRTOS/Source/portable/MemMang/heap_4.o
 .bss.__lock___malloc_recursive_mutex
                0x00000000200054a8        0x1 d:/cubeide/stm32cubeide_1.10.1/stm32cubeide/plugins/com.st.stm32cube.ide.mcu.externaltools.gnu-tools-for-stm32.10.3-2021.10.win32_1.0.0.202111181127/tools/bin/../lib/gcc/arm-none-eabi/10.3.1/../../../../arm-none-eabi/lib/thumb/v7e-m+fp/hard\libc_nano.a(lib_a-lock.o)
                0x00000000200054a8                __lock___malloc_recursive_mutex
 *fill*         0x00000000200054a9        0x3 
 .bss.__malloc_free_list
                0x00000000200054ac        0x4 d:/cubeide/stm32cubeide_1.10.1/stm32cubeide/plugins/com.st.stm32cube.ide.mcu.externaltools.gnu-tools-for-stm32.10.3-2021.10.win32_1.0.0.202111181127/tools/bin/../lib/gcc/arm-none-eabi/10.3.1/../../../../arm-none-eabi/lib/thumb/v7e-m+fp/hard\libc_nano.a(lib_a-nano-mallocr.o)
                0x00000000200054ac                __malloc_free_list
 *(COMMON)
                0x00000000200054b0                . = ALIGN (0x4)
                0x00000000200054b0                _ebss = .
                0x00000000200054b0                __bss_end__ = _ebss

._user_heap_stack
                0x00000000200054b0      0x600
                0x00000000200054b0                . = ALIGN (0x8)
                [!provide]                        PROVIDE (end = .)
                0x00000000200054b0                PROVIDE (_end = .)
                0x00000000200056b0                . = (. + _Min_Heap_Size)
 *fill*         0x00000000200054b0      0x200 
                0x0000000020005ab0                . = (. + _Min_Stack_Size)
 *fill*         0x00000000200056b0      0x400 
                0x0000000020005ab0                . = ALIGN (0x8)

/DISCARD/
 libc.a(*)
 libm.a(*)
 libgcc.a(*)

.ARM.attributes
                0x0000000000000000       0x30
 *(.ARM.attributes)
 .ARM.attributes
                0x0000000000000000       0x1e d:/cubeide/stm32cubeide_1.10.1/stm32cubeide/plugins/com.st.stm32cube.ide.mcu.externaltools.gnu-tools-for-stm32.10.3-2021.10.win32_1.0.0.202111181127/tools/bin/../lib/gcc/arm-none-eabi/10.3.1/thumb/v7e-m+fp/hard/crti.o
 .ARM.attributes
                0x000000000000001e       0x34 d:/cubeide/stm32cubeide_1.10.1/stm32cubeide/plugins/com.st.stm32cube.ide.mcu.externaltools.gnu-tools-for-stm32.10.3-2021.10.win32_1.0.0.202111181127/tools/bin/../lib/gcc/arm-none-eabi/10.3.1/thumb/v7e-m+fp/hard/crtbegin.o
 .ARM.attributes
                0x0000000000000052       0x34 ./Core/Src/IMU.o
 .ARM.attributes
                0x0000000000000086       0x34 ./Core/Src/can.o
 .ARM.attributes
                0x00000000000000ba       0x34 ./Core/Src/dma.o
 .ARM.attributes
                0x00000000000000ee       0x34 ./Core/Src/freertos.o
 .ARM.attributes
                0x0000000000000122       0x34 ./Core/Src/gpio.o
 .ARM.attributes
                0x0000000000000156       0x34 ./Core/Src/kalman.o
 .ARM.attributes
                0x000000000000018a       0x34 ./Core/Src/main.o
 .ARM.attributes
                0x00000000000001be       0x34 ./Core/Src/pid.o
 .ARM.attributes
                0x00000000000001f2       0x34 ./Core/Src/remote.o
 .ARM.attributes
                0x0000000000000226       0x34 ./Core/Src/spi.o
 .ARM.attributes
                0x000000000000025a       0x34 ./Core/Src/stm32f4xx_hal_msp.o
 .ARM.attributes
                0x000000000000028e       0x34 ./Core/Src/stm32f4xx_hal_timebase_tim.o
 .ARM.attributes
                0x00000000000002c2       0x34 ./Core/Src/stm32f4xx_it.o
 .ARM.attributes
                0x00000000000002f6       0x34 ./Core/Src/system_stm32f4xx.o
 .ARM.attributes
                0x000000000000032a       0x34 ./Core/Src/tim.o
 .ARM.attributes
                0x000000000000035e       0x34 ./Core/Src/usart.o
 .ARM.attributes
                0x0000000000000392       0x21 ./Core/Startup/startup_stm32f407ighx.o
 .ARM.attributes
                0x00000000000003b3       0x34 ./Drivers/STM32F4xx_HAL_Driver/Src/stm32f4xx_hal.o
 .ARM.attributes
                0x00000000000003e7       0x34 ./Drivers/STM32F4xx_HAL_Driver/Src/stm32f4xx_hal_can.o
 .ARM.attributes
                0x000000000000041b       0x34 ./Drivers/STM32F4xx_HAL_Driver/Src/stm32f4xx_hal_cortex.o
 .ARM.attributes
                0x000000000000044f       0x34 ./Drivers/STM32F4xx_HAL_Driver/Src/stm32f4xx_hal_dma.o
 .ARM.attributes
                0x0000000000000483       0x34 ./Drivers/STM32F4xx_HAL_Driver/Src/stm32f4xx_hal_gpio.o
 .ARM.attributes
                0x00000000000004b7       0x34 ./Drivers/STM32F4xx_HAL_Driver/Src/stm32f4xx_hal_rcc.o
 .ARM.attributes
                0x00000000000004eb       0x34 ./Drivers/STM32F4xx_HAL_Driver/Src/stm32f4xx_hal_spi.o
 .ARM.attributes
                0x000000000000051f       0x34 ./Drivers/STM32F4xx_HAL_Driver/Src/stm32f4xx_hal_tim.o
 .ARM.attributes
                0x0000000000000553       0x34 ./Drivers/STM32F4xx_HAL_Driver/Src/stm32f4xx_hal_tim_ex.o
 .ARM.attributes
                0x0000000000000587       0x34 ./Drivers/STM32F4xx_HAL_Driver/Src/stm32f4xx_hal_uart.o
 .ARM.attributes
                0x00000000000005bb       0x34 ./Middlewares/Third_Party/FreeRTOS/Source/CMSIS_RTOS_V2/cmsis_os2.o
 .ARM.attributes
                0x00000000000005ef       0x34 ./Middlewares/Third_Party/FreeRTOS/Source/list.o
 .ARM.attributes
                0x0000000000000623       0x34 ./Middlewares/Third_Party/FreeRTOS/Source/queue.o
 .ARM.attributes
                0x0000000000000657       0x34 ./Middlewares/Third_Party/FreeRTOS/Source/tasks.o
 .ARM.attributes
                0x000000000000068b       0x34 ./Middlewares/Third_Party/FreeRTOS/Source/timers.o
 .ARM.attributes
                0x00000000000006bf       0x34 ./Middlewares/Third_Party/FreeRTOS/Source/portable/GCC/ARM_CM4F/port.o
 .ARM.attributes
                0x00000000000006f3       0x34 ./Middlewares/Third_Party/FreeRTOS/Source/portable/MemMang/heap_4.o
 .ARM.attributes
                0x0000000000000727       0x34 d:/cubeide/stm32cubeide_1.10.1/stm32cubeide/plugins/com.st.stm32cube.ide.mcu.externaltools.gnu-tools-for-stm32.10.3-2021.10.win32_1.0.0.202111181127/tools/bin/../lib/gcc/arm-none-eabi/10.3.1/../../../../arm-none-eabi/lib/thumb/v7e-m+fp/hard\libc_nano.a(lib_a-findfp.o)
 .ARM.attributes
                0x000000000000075b       0x34 d:/cubeide/stm32cubeide_1.10.1/stm32cubeide/plugins/com.st.stm32cube.ide.mcu.externaltools.gnu-tools-for-stm32.10.3-2021.10.win32_1.0.0.202111181127/tools/bin/../lib/gcc/arm-none-eabi/10.3.1/../../../../arm-none-eabi/lib/thumb/v7e-m+fp/hard\libc_nano.a(lib_a-impure.o)
 .ARM.attributes
                0x000000000000078f       0x34 d:/cubeide/stm32cubeide_1.10.1/stm32cubeide/plugins/com.st.stm32cube.ide.mcu.externaltools.gnu-tools-for-stm32.10.3-2021.10.win32_1.0.0.202111181127/tools/bin/../lib/gcc/arm-none-eabi/10.3.1/../../../../arm-none-eabi/lib/thumb/v7e-m+fp/hard\libc_nano.a(lib_a-init.o)
 .ARM.attributes
                0x00000000000007c3       0x34 d:/cubeide/stm32cubeide_1.10.1/stm32cubeide/plugins/com.st.stm32cube.ide.mcu.externaltools.gnu-tools-for-stm32.10.3-2021.10.win32_1.0.0.202111181127/tools/bin/../lib/gcc/arm-none-eabi/10.3.1/../../../../arm-none-eabi/lib/thumb/v7e-m+fp/hard\libc_nano.a(lib_a-lock.o)
 .ARM.attributes
                0x00000000000007f7       0x34 d:/cubeide/stm32cubeide_1.10.1/stm32cubeide/plugins/com.st.stm32cube.ide.mcu.externaltools.gnu-tools-for-stm32.10.3-2021.10.win32_1.0.0.202111181127/tools/bin/../lib/gcc/arm-none-eabi/10.3.1/../../../../arm-none-eabi/lib/thumb/v7e-m+fp/hard\libc_nano.a(lib_a-memcpy-stub.o)
 .ARM.attributes
                0x000000000000082b       0x34 d:/cubeide/stm32cubeide_1.10.1/stm32cubeide/plugins/com.st.stm32cube.ide.mcu.externaltools.gnu-tools-for-stm32.10.3-2021.10.win32_1.0.0.202111181127/tools/bin/../lib/gcc/arm-none-eabi/10.3.1/../../../../arm-none-eabi/lib/thumb/v7e-m+fp/hard\libc_nano.a(lib_a-memset.o)
 .ARM.attributes
                0x000000000000085f       0x34 d:/cubeide/stm32cubeide_1.10.1/stm32cubeide/plugins/com.st.stm32cube.ide.mcu.externaltools.gnu-tools-for-stm32.10.3-2021.10.win32_1.0.0.202111181127/tools/bin/../lib/gcc/arm-none-eabi/10.3.1/../../../../arm-none-eabi/lib/thumb/v7e-m+fp/hard\libc_nano.a(lib_a-nano-mallocr.o)
 .ARM.attributes
                0x0000000000000893       0x34 d:/cubeide/stm32cubeide_1.10.1/stm32cubeide/plugins/com.st.stm32cube.ide.mcu.externaltools.gnu-tools-for-stm32.10.3-2021.10.win32_1.0.0.202111181127/tools/bin/../lib/gcc/arm-none-eabi/10.3.1/../../../../arm-none-eabi/lib/thumb/v7e-m+fp/hard\libc_nano.a(lib_a-reent.o)
 .ARM.attributes
                0x00000000000008c7       0x34 d:/cubeide/stm32cubeide_1.10.1/stm32cubeide/plugins/com.st.stm32cube.ide.mcu.externaltools.gnu-tools-for-stm32.10.3-2021.10.win32_1.0.0.202111181127/tools/bin/../lib/gcc/arm-none-eabi/10.3.1/../../../../arm-none-eabi/lib/thumb/v7e-m+fp/hard\libc_nano.a(lib_a-mlock.o)
 .ARM.attributes
                0x00000000000008fb       0x34 d:/cubeide/stm32cubeide_1.10.1/stm32cubeide/plugins/com.st.stm32cube.ide.mcu.externaltools.gnu-tools-for-stm32.10.3-2021.10.win32_1.0.0.202111181127/tools/bin/../lib/gcc/arm-none-eabi/10.3.1/../../../../arm-none-eabi/lib/thumb/v7e-m+fp/hard\libc_nano.a(lib_a-nano-freer.o)
 .ARM.attributes
                0x000000000000092f       0x1e d:/cubeide/stm32cubeide_1.10.1/stm32cubeide/plugins/com.st.stm32cube.ide.mcu.externaltools.gnu-tools-for-stm32.10.3-2021.10.win32_1.0.0.202111181127/tools/bin/../lib/gcc/arm-none-eabi/10.3.1/thumb/v7e-m+fp/hard\libgcc.a(_aeabi_uldivmod.o)
 .ARM.attributes
                0x000000000000094d       0x34 d:/cubeide/stm32cubeide_1.10.1/stm32cubeide/plugins/com.st.stm32cube.ide.mcu.externaltools.gnu-tools-for-stm32.10.3-2021.10.win32_1.0.0.202111181127/tools/bin/../lib/gcc/arm-none-eabi/10.3.1/thumb/v7e-m+fp/hard\libgcc.a(_udivmoddi4.o)
 .ARM.attributes
                0x0000000000000981       0x1e d:/cubeide/stm32cubeide_1.10.1/stm32cubeide/plugins/com.st.stm32cube.ide.mcu.externaltools.gnu-tools-for-stm32.10.3-2021.10.win32_1.0.0.202111181127/tools/bin/../lib/gcc/arm-none-eabi/10.3.1/thumb/v7e-m+fp/hard\libgcc.a(_dvmd_tls.o)
 .ARM.attributes
                0x000000000000099f       0x1e d:/cubeide/stm32cubeide_1.10.1/stm32cubeide/plugins/com.st.stm32cube.ide.mcu.externaltools.gnu-tools-for-stm32.10.3-2021.10.win32_1.0.0.202111181127/tools/bin/../lib/gcc/arm-none-eabi/10.3.1/thumb/v7e-m+fp/hard/crtn.o
OUTPUT(RM_C_test.elf elf32-littlearm)
LOAD linker stubs
LOAD d:/cubeide/stm32cubeide_1.10.1/stm32cubeide/plugins/com.st.stm32cube.ide.mcu.externaltools.gnu-tools-for-stm32.10.3-2021.10.win32_1.0.0.202111181127/tools/bin/../lib/gcc/arm-none-eabi/10.3.1/../../../../arm-none-eabi/lib/thumb/v7e-m+fp/hard\libc.a
LOAD d:/cubeide/stm32cubeide_1.10.1/stm32cubeide/plugins/com.st.stm32cube.ide.mcu.externaltools.gnu-tools-for-stm32.10.3-2021.10.win32_1.0.0.202111181127/tools/bin/../lib/gcc/arm-none-eabi/10.3.1/../../../../arm-none-eabi/lib/thumb/v7e-m+fp/hard\libm.a
LOAD d:/cubeide/stm32cubeide_1.10.1/stm32cubeide/plugins/com.st.stm32cube.ide.mcu.externaltools.gnu-tools-for-stm32.10.3-2021.10.win32_1.0.0.202111181127/tools/bin/../lib/gcc/arm-none-eabi/10.3.1/thumb/v7e-m+fp/hard\libgcc.a

.debug_info     0x0000000000000000    0x2276e
 .debug_info    0x0000000000000000      0x9a3 ./Core/Src/IMU.o
 .debug_info    0x00000000000009a3      0xeb1 ./Core/Src/can.o
 .debug_info    0x0000000000001854      0x4ec ./Core/Src/dma.o
 .debug_info    0x0000000000001d40     0x15b3 ./Core/Src/freertos.o
 .debug_info    0x00000000000032f3      0x4ab ./Core/Src/gpio.o
 .debug_info    0x000000000000379e      0x194 ./Core/Src/kalman.o
 .debug_info    0x0000000000003932     0x17d9 ./Core/Src/main.o
 .debug_info    0x000000000000510b      0x3c0 ./Core/Src/pid.o
 .debug_info    0x00000000000054cb      0x893 ./Core/Src/remote.o
 .debug_info    0x0000000000005d5e      0xa08 ./Core/Src/spi.o
 .debug_info    0x0000000000006766      0x4f6 ./Core/Src/stm32f4xx_hal_msp.o
 .debug_info    0x0000000000006c5c      0xc4b ./Core/Src/stm32f4xx_hal_timebase_tim.o
 .debug_info    0x00000000000078a7      0xe3b ./Core/Src/stm32f4xx_it.o
 .debug_info    0x00000000000086e2      0x523 ./Core/Src/system_stm32f4xx.o
 .debug_info    0x0000000000008c05      0xd99 ./Core/Src/tim.o
 .debug_info    0x000000000000999e      0xcd7 ./Core/Src/usart.o
 .debug_info    0x000000000000a675       0x22 ./Core/Startup/startup_stm32f407ighx.o
 .debug_info    0x000000000000a697      0x97c ./Drivers/STM32F4xx_HAL_Driver/Src/stm32f4xx_hal.o
 .debug_info    0x000000000000b013      0xfc3 ./Drivers/STM32F4xx_HAL_Driver/Src/stm32f4xx_hal_can.o
 .debug_info    0x000000000000bfd6      0xe1b ./Drivers/STM32F4xx_HAL_Driver/Src/stm32f4xx_hal_cortex.o
 .debug_info    0x000000000000cdf1      0x94f ./Drivers/STM32F4xx_HAL_Driver/Src/stm32f4xx_hal_dma.o
 .debug_info    0x000000000000d740      0x76a ./Drivers/STM32F4xx_HAL_Driver/Src/stm32f4xx_hal_gpio.o