../Core/Src/stm32f4xx_it.c:74:6:NMI_Handler	4	static
../Core/Src/stm32f4xx_it.c:89:6:HardFault_Handler	4	static
../Core/Src/stm32f4xx_it.c:104:6:MemManage_Handler	4	static
../Core/Src/stm32f4xx_it.c:119:6:BusFault_Handler	4	static
../Core/Src/stm32f4xx_it.c:134:6:UsageFault_Handler	4	static
../Core/Src/stm32f4xx_it.c:149:6:DebugMon_Handler	4	static
../Core/Src/stm32f4xx_it.c:162:6:SysTick_Handler	8	static
../Core/Src/stm32f4xx_it.c:191:6:CAN1_TX_IRQHandler	8	static
../Core/Src/stm32f4xx_it.c:205:6:CAN1_RX0_IRQHandler	8	static
../Core/Src/stm32f4xx_it.c:219:6:CAN1_RX1_IRQHandler	8	static
../Core/Src/stm32f4xx_it.c:233:6:CAN1_SCE_IRQHandler	8	static
../Core/Src/stm32f4xx_it.c:247:6:USART1_IRQHandler	8	static
../Core/Src/stm32f4xx_it.c:261:6:DMA2_Stream2_IRQHandler	8	static
../Core/Src/stm32f4xx_it.c:275:6:DMA2_Stream7_IRQHandler	8	static
